Archive member included to satisfy reference by file (symbol)

D:/devkitpro/libogc/lib/wii\libwiiuse.a(wpad.o)
                              main.o (WPAD_SetDataFormat)
D:/devkitpro/libogc/lib/wii\libwiiuse.a(motion_plus.o)
                              D:/devkitpro/libogc/lib/wii\libwiiuse.a(wpad.o) (wiiuse_set_motion_plus)
D:/devkitpro/libogc/lib/wii\libwiiuse.a(dynamics.o)
                              D:/devkitpro/libogc/lib/wii\libwiiuse.a(wpad.o) (calculate_gforce)
D:/devkitpro/libogc/lib/wii\libwiiuse.a(io.o)
                              D:/devkitpro/libogc/lib/wii\libwiiuse.a(motion_plus.o) (wiiuse_disable_expansion)
D:/devkitpro/libogc/lib/wii\libwiiuse.a(io_wii.o)
                              D:/devkitpro/libogc/lib/wii\libwiiuse.a(wpad.o) (__wiiuse_sensorbar_enable)
D:/devkitpro/libogc/lib/wii\libwiiuse.a(ir.o)
                              D:/devkitpro/libogc/lib/wii\libwiiuse.a(motion_plus.o) (wiiuse_set_ir_mode)
D:/devkitpro/libogc/lib/wii\libwiiuse.a(nunchuk.o)
                              D:/devkitpro/libogc/lib/wii\libwiiuse.a(io.o) (nunchuk_handshake)
D:/devkitpro/libogc/lib/wii\libwiiuse.a(wiiboard.o)
                              D:/devkitpro/libogc/lib/wii\libwiiuse.a(io.o) (wii_board_handshake)
D:/devkitpro/libogc/lib/wii\libwiiuse.a(wiiuse.o)
                              D:/devkitpro/libogc/lib/wii\libwiiuse.a(wpad.o) (wiiuse_init)
D:/devkitpro/libogc/lib/wii\libwiiuse.a(speaker.o)
                              D:/devkitpro/libogc/lib/wii\libwiiuse.a(wpad.o) (wencdata)
D:/devkitpro/libogc/lib/wii\libwiiuse.a(classic.o)
                              D:/devkitpro/libogc/lib/wii\libwiiuse.a(io.o) (classic_ctrl_handshake)
D:/devkitpro/libogc/lib/wii\libwiiuse.a(events.o)
                              D:/devkitpro/libogc/lib/wii\libwiiuse.a(io_wii.o) (parse_event)
D:/devkitpro/libogc/lib/wii\libwiiuse.a(guitar_hero_3.o)
                              D:/devkitpro/libogc/lib/wii\libwiiuse.a(io.o) (guitar_hero_3_handshake)
D:/devkitpro/libogc/lib/wii\libbte.a(bte.o)
                              D:/devkitpro/libogc/lib/wii\libwiiuse.a(wpad.o) (BTE_Init)
D:/devkitpro/libogc/lib/wii\libbte.a(hci.o)
                              D:/devkitpro/libogc/lib/wii\libbte.a(bte.o) (hci_init)
D:/devkitpro/libogc/lib/wii\libbte.a(l2cap.o)
                              D:/devkitpro/libogc/lib/wii\libbte.a(bte.o) (l2cap_init)
D:/devkitpro/libogc/lib/wii\libbte.a(btmemb.o)
                              D:/devkitpro/libogc/lib/wii\libbte.a(bte.o) (btmemb_init)
D:/devkitpro/libogc/lib/wii\libbte.a(btmemr.o)
                              D:/devkitpro/libogc/lib/wii\libbte.a(hci.o) (btmemr_init)
D:/devkitpro/libogc/lib/wii\libbte.a(btpbuf.o)
                              D:/devkitpro/libogc/lib/wii\libbte.a(hci.o) (btpbuf_init)
D:/devkitpro/libogc/lib/wii\libbte.a(physbusif.o)
                              D:/devkitpro/libogc/lib/wii\libbte.a(bte.o) (physbusif_init)
D:/devkitpro/libogc/lib/wii\libogc.a(console.o)
                              main.o (CON_Init)
D:/devkitpro/libogc/lib/wii\libogc.a(lwp_queue.o)
                              D:/devkitpro/libogc/lib/wii\libwiiuse.a(io_wii.o) (__lwp_queue_initialize)
D:/devkitpro/libogc/lib/wii\libogc.a(lwp_threads.o)
                              D:/devkitpro/libogc/lib/wii\libwiiuse.a(wpad.o) (_thread_dispatch_disable_level)
D:/devkitpro/libogc/lib/wii\libogc.a(lwp.o)
                              D:/devkitpro/libogc/lib/wii\libwiiuse.a(wpad.o) (LWP_CreateThread)
D:/devkitpro/libogc/lib/wii\libogc.a(lwp_handler.o)
                              D:/devkitpro/libogc/lib/wii\libogc.a(lwp_threads.o) (_cpu_context_save_fp)
D:/devkitpro/libogc/lib/wii\libogc.a(lwp_stack.o)
                              D:/devkitpro/libogc/lib/wii\libogc.a(lwp_threads.o) (__lwp_stack_allocate)
D:/devkitpro/libogc/lib/wii\libogc.a(lwp_watchdog.o)
                              D:/devkitpro/libogc/lib/wii\libogc.a(lwp_threads.o) (_wd_ticks_queue)
D:/devkitpro/libogc/lib/wii\libogc.a(lwp_wkspace.o)
                              D:/devkitpro/libogc/lib/wii\libwiiuse.a(motion_plus.o) (__wkspace_heap)
D:/devkitpro/libogc/lib/wii\libogc.a(lwp_objmgr.o)
                              D:/devkitpro/libogc/lib/wii\libogc.a(lwp.o) (__lwp_objmgr_initinfo)
D:/devkitpro/libogc/lib/wii\libogc.a(lwp_heap.o)
                              D:/devkitpro/libogc/lib/wii\libogc.a(lwp_wkspace.o) (__lwp_heap_init)
D:/devkitpro/libogc/lib/wii\libogc.a(sys_state.o)
                              D:/devkitpro/libogc/lib/wii\libogc.a(lwp_threads.o) (_sys_state_curr)
D:/devkitpro/libogc/lib/wii\libogc.a(irq.o)
                              D:/devkitpro/libogc/lib/wii\libwiiuse.a(io_wii.o) (IRQ_Disable)
D:/devkitpro/libogc/lib/wii\libogc.a(semaphore.o)
                              D:/devkitpro/libogc/lib/wii\libwiiuse.a(wpad.o) (LWP_SemInit)
D:/devkitpro/libogc/lib/wii\libogc.a(video.o)
                              D:/devkitpro/libogc/lib/wii\libogc.a(console.o) (VIDEO_GetCurrentFramebuffer)
[...]
Memory Configuration

Name             Origin             Length             Attributes
*default*        0x00000000         0xffffffff

Linker script and memory map

                0x00003400                        . = 0x3400

.stub
 *(.stub)
                0x80004000                        . = 0x80004000

.init           0x80004000      0x194
 *crt0.o(*.init)
 .init          0x80004000      0x170 D:/devkitpro/libogc/lib/wii\libogc.a(ogc_crt0.o)
                0x80004000                _start
                0x80004140                _memset
 *(.init)
 .init          0x80004170        0xc D:/devkitpro/devkitPPC/bin/../lib/gcc/powerpc-eabi/15.2.0/ecrti.o
                0x80004170                __init
 .init          0x8000417c        0x4 D:/devkitpro/devkitPPC/bin/../lib/gcc/powerpc-eabi/15.2.0/crtbegin.o
 .init          0x80004180        0x4 D:/devkitpro/devkitPPC/bin/../lib/gcc/powerpc-eabi/15.2.0/crtend.o
 .init          0x80004184       0x10 D:/devkitpro/devkitPPC/bin/../lib/gcc/powerpc-eabi/15.2.0/ecrtn.o

.rela.dyn       0x80004194        0x0
 .rela.iplt     0x80004194        0x0 D:/devkitpro/devkitPPC/bin/../lib/gcc/powerpc-eabi/15.2.0/crtbegin.o

.plt
 *(.plt)

.interp
 *(.interp)

.hash
 *(.hash)

.dynsym
 *(.dynsym)

.dynstr
 *(.dynstr)

.gnu.version
 *(.gnu.version)

.gnu.version_d
 *(.gnu.version_d)

.gnu.version_r
 *(.gnu.version_r)

.rel.init
 *(.rel.init)

.rela.init
 *(.rela.init)

.rel.text
 *(.rel.text .rel.text.* .rel.gnu.linkonce.t.*)

.rela.text      0x80004194        0x0
 *(.rela.text .rela.text.* .rela.gnu.linkonce.t.*)
 .rela.text.__do_global_dtors_aux
                0x80004194        0x0 D:/devkitpro/devkitPPC/bin/../lib/gcc/powerpc-eabi/15.2.0/crtbegin.o
 .rela.text.frame_dummy
                0x80004194        0x0 D:/devkitpro/devkitPPC/bin/../lib/gcc/powerpc-eabi/15.2.0/crtbegin.o
 .rela.text.unlikely.abort
                0x80004194        0x0 D:/devkitpro/devkitPPC/bin/../lib/gcc/powerpc-eabi/15.2.0/crtbegin.o
 .rela.text.__assert_func
                0x80004194        0x0 D:/devkitpro/devkitPPC/bin/../lib/gcc/powerpc-eabi/15.2.0/crtbegin.o

.rel.fini
 *(.rel.fini)

.rela.fini
 *(.rela.fini)

.rel.rodata
 *(.rel.rodata .rel.rodata.* .rel.gnu.linkonce.r.*)

.rela.rodata
 *(.rela.rodata .rela.rodata.* .rela.gnu.linkonce.r.*)

.rel.data
 *(.rel.data .rel.data.* .rel.gnu.linkonce.d.*)

.rela.data
 *(.rela.data .rela.data.* .rela.gnu.linkonce.d.*)

.rel.tdata
 *(.rel.tdata .rel.tdata.* .rel.gnu.linkonce.td.*)

.rela.tdata
 *(.rela.tdata .rela.tdata.* .rela.gnu.linkonce.td.*)

.rel.tbss
 *(.rel.tbss .rel.tbss.* .rel.gnu.linkonce.tb.*)

.rela.tbss
 *(.rela.tbss .rela.tbss.* .rela.gnu.linkonce.tb.*)

.rel.ctors
 *(.rel.ctors)

.rela.ctors
 *(.rela.ctors)

.rel.dtors
 *(.rel.dtors)

.rela.dtors
 *(.rela.dtors)

.rel.got
 *(.rel.got)

.rela.got
 *(.rela.got)

.rela.got1
 *(.rela.got1)

.rela.got2
 *(.rela.got2)

.rel.sdata
 *(.rel.sdata .rel.sdata.* .rel.gnu.linkonce.s.*)

.rela.sdata
 *(.rela.sdata .rela.sdata.* .rela.gnu.linkonce.s.*)

.rel.sbss
 *(.rel.sbss .rel.sbss.* .rel.gnu.linkonce.sb.*)

.rela.sbss
 *(.rela.sbss .rela.sbss.* .rel.gnu.linkonce.sb.*)

.rel.sdata2
 *(.rel.sdata2 .rel.sdata2.* .rel.gnu.linkonce.s2.*)

.rela.sdata2
 *(.rela.sdata2 .rela.sdata2.* .rela.gnu.linkonce.s2.*)

.rel.sbss2
 *(.rel.sbss2 .rel.sbss2.* .rel.gnu.linkonce.sb2.*)

.rela.sbss2
 *(.rela.sbss2 .rela.sbss2.* .rela.gnu.linkonce.sb2.*)

.rel.bss
 *(.rel.bss .rel.bss.* .rel.gnu.linkonce.b.*)

.rela.bss
 *(.rela.bss .rela.bss.* .rela.gnu.linkonce.b.*)

.rel.plt
 *(.rel.plt)

.rela.plt
 *(.rela.plt)

.text           0x800041a0    0x4a060
 *(.text)
 .text          0x800041a0      0x44c D:/devkitpro/libogc/lib/wii\libogc.a(lwp_handler.o)
                0x800041a0                _cpu_context_save_fp
                0x800042e0                _cpu_context_restore_fp
                0x80004420                _cpu_context_switch
                0x80004500                _cpu_context_save
                0x80004580                _cpu_context_restore
 .text          0x800045ec      0x46c D:/devkitpro/libogc/lib/wii\libogc.a(system_asm.o)
                0x800045ec                __realmode
                0x80004604                __configBATS
                0x80004734                __InitFPRS
                0x80004860                __InitPS
                0x800048bc                __InitCache
                0x80004914                __InitSystem
                0x8000499c                __reset
                0x80004a0c                __InitBATS
                0x80004a28                SYS_SwitchFiber
 .text          0x80004a58      0x8dc D:/devkitpro/libogc/lib/wii\libogc.a(gu_psasm.o)
                0x80004a58                ps_guMtxConcat
                0x80004b1c                ps_guMtxIdentity
                0x80004b48                ps_guMtxCopy
                0x80004b7c                ps_guMtxTranspose
                0x80004bcc                ps_guMtxInverse
                0x80004cc4                ps_guMtxInvXpose
                0x80004d8c                ps_guMtxScale
                0x80004db4                ps_guMtxScaleApply
                0x80004e0c                ps_guMtxApplyScale
                0x80004e70                ps_guMtxTrans
                0x80004ea4                ps_guMtxTransApply
                0x80004ef0                ps_guMtxApplyTrans
                0x80004f6c                ps_guMtxRotTrig
                0x8000501c                __ps_guMtxRotAxisRadInternal
                0x800050dc                ps_guMtxReflect
                0x8000514c                ps_guVecAdd
                0x80005170                ps_guVecSub
                0x80005194                ps_guVecScale
                0x800051b0                ps_guVecNormalize
                0x800051f4                ps_guVecCross
                0x80005230                ps_guVecDotProduct
                0x80005250                ps_guVecMultiply
                0x800052a4                ps_guVecMultiplySR
                0x80005314                ps_guQuatDotProduct
 .text          0x80005334      0x1ac D:/devkitpro/libogc/lib/wii\libogc.a(irq_handler.o)
                0x80005334                irq_exceptionhandler
 .text          0x800054e0      0x4f4 D:/devkitpro/libogc/lib/wii\libogc.a(cache_asm.o)
                0x800054e0                DCFlashInvalidate
                0x800054f4                DCEnable
                0x80005508                DCDisable
                0x8000551c                DCFreeze
                0x80005530                DCUnfreeze
                0x80005544                DCTouchLoad
                0x8000554c                DCBlockZero
                0x80005554                DCBlockStore
                0x8000555c                DCBlockFlush
                0x80005564                DCBlockInvalidate
                0x8000556c                DCInvalidateRange
                0x8000559c                DCFlushRange
                0x800055d0                DCStoreRange
                0x80005604                DCFlushRangeNoSync
                0x80005634                DCStoreRangeNoSync
                0x80005664                DCZeroRange
                0x80005694                DCTouchRange
                0x800056c4                ICInvalidateRange
                0x800056fc                ICFlashInvalidate
                0x80005710                ICEnable
                0x80005724                ICDisable
                0x80005738                ICFreeze
                0x8000574c                ICUnfreeze
                0x80005760                ICBlockInvalidate
                0x80005768                ICSync
                0x80005770                L2Init
                0x800057b8                L2Enable
                0x800057d4                L2Disable
                0x800057ec                L2GlobalInvalidate
                0x80005844                __LCEnable
                0x80005910                LCDisable
                0x80005938                LCAllocOneTag
                0x8000594c                LCAllocTags
                0x8000598c                LCLoadBlocks
                0x800059b0                LCStoreBlocks
 .text          0x800059d4      0x1ac D:/devkitpro/libogc/lib/wii\libogc.a(decrementer_handler.o)
                0x800059d4                dec_exceptionhandler
 .text          0x80005b80      0x35c D:/devkitpro/libogc/lib/wii\libogc.a(exception_handler.o)
                0x80005b80                exceptionhandler_start
                0x80005bfc                exceptionhandler_patch
                0x80005c30                exceptionhandler_end
                0x80005c34                default_exceptionhandler
                0x80005d64                fpu_exceptionhandler
                0x80005eac                systemcallhandler_start
                0x80005ed8                systemcallhandler_end
 .text          0x80005edc       0x48 D:/devkitpro/devkitPPC/bin/../lib/gcc/powerpc-eabi/15.2.0\libgcc.a(eabi.o)
                0x80005edc                __eabi
 .text          0x80005f24       0x58 D:/devkitpro/devkitPPC/bin/../lib/gcc/powerpc-eabi/15.2.0\libgcc.a(crtresxgpr.o)
                0x80005f24                _restgpr_14_x
                0x80005f28                _restgpr_15_x
                0x80005f2c                _restgpr_16_x
                0x80005f30                _restgpr_17_x
                0x80005f34                _restgpr_18_x
                0x80005f38                _restgpr_19_x
                0x80005f3c                _restgpr_20_x
                0x80005f40                _restgpr_21_x
                0x80005f44                _restgpr_22_x
                0x80005f48                _restgpr_23_x
                0x80005f4c                _restgpr_24_x
                0x80005f50                _restgpr_25_x
                0x80005f54                _restgpr_26_x
                0x80005f58                _restgpr_27_x
                0x80005f5c                _restgpr_28_x
                0x80005f60                _restgpr_29_x
                0x80005f64                _restgpr_30_x
                0x80005f68                _restgpr_31_x
 *(.text.*)
 .text.__do_global_dtors_aux
                0x80005f7c       0xcc D:/devkitpro/devkitPPC/bin/../lib/gcc/powerpc-eabi/15.2.0/crtbegin.o
 .text.frame_dummy
                0x80006048       0x24 D:/devkitpro/devkitPPC/bin/../lib/gcc/powerpc-eabi/15.2.0/crtbegin.o
 .text.__crtmain
                0x8000606c       0x40 D:/devkitpro/devkitPPC/bin/../lib/gcc/powerpc-eabi/15.2.0/../../../../powerpc-eabi/lib/crtmain.o
                0x80006070                __crtmain
 .text.drawSquareSprite
                0x800060ac      0x20c main.o
                0x800060ac                drawSquareSprite
 .text.drawLine
                0x800062b8      0x198 main.o
                0x800062b8                drawLine
 .text.lineCircleOverlap
                0x80006450      0x1e8 main.o
                0x80006450                lineCircleOverlap
 .text.startup.main
                0x80006638     0x12c4 main.o
                0x80006638                main
 .text.__wpad_setevtfilter_finished
                0x800078fc       0x74 D:/devkitpro/libogc/lib/wii\libwiiuse.a(wpad.o)
 .text.__wpad_disconnectCB
                0x80007970      0x1bc D:/devkitpro/libogc/lib/wii\libwiiuse.a(wpad.o)
                0x80007970                __wpad_disconnectCB
 .text.__wpad_hostsyncbuttonCB
                0x80007b2c       0x90 D:/devkitpro/libogc/lib/wii\libwiiuse.a(wpad.o)
 .text.__wpad_assign_slot
                0x80007bbc      0x188 D:/devkitpro/libogc/lib/wii\libwiiuse.a(wpad.o)
                0x80007bbc                __wpad_assign_slot
 .text.__wpad_register_new
                0x80007d44      0x46c D:/devkitpro/libogc/lib/wii\libwiiuse.a(wpad.o)
                0x80007d44                __wpad_register_new
 .text.__wpad_def_powcb
                0x800081b0        0x4 D:/devkitpro/libogc/lib/wii\libwiiuse.a(wpad.o)
 .text.__wpad_read_remote_name_finished
                0x800081b4      0x274 D:/devkitpro/libogc/lib/wii\libwiiuse.a(wpad.o)
                0x800081b4                __wpad_read_remote_name_finished
 .text.__wpad_inquiry_finished
                0x80008428      0x124 D:/devkitpro/libogc/lib/wii\libwiiuse.a(wpad.o)
                0x80008428                __wpad_inquiry_finished
 .text.__wpad_confsave_thread_func
                0x8000854c       0x58 D:/devkitpro/libogc/lib/wii\libwiiuse.a(wpad.o)
 .text.__initcore_finished
                0x800085a4       0xa4 D:/devkitpro/libogc/lib/wii\libwiiuse.a(wpad.o)
 .text.__readlinkkey_finished
                0x80008648      0x138 D:/devkitpro/libogc/lib/wii\libwiiuse.a(wpad.o)
 .text.__wpad_patch_finished
                0x80008780       0x90 D:/devkitpro/libogc/lib/wii\libwiiuse.a(wpad.o)
 .text.__wpad_init_finished
                0x80008810       0x9c D:/devkitpro/libogc/lib/wii\libwiiuse.a(wpad.o)
 .text.__wpad_linkkeynotCB
                0x800088ac      0x320 D:/devkitpro/libogc/lib/wii\libwiiuse.a(wpad.o)
 .text.__wpad_linkkeyreqCB
                0x80008bcc      0x16c D:/devkitpro/libogc/lib/wii\libwiiuse.a(wpad.o)
 .text.__wpad_connreqCB
                0x80008d38      0x370 D:/devkitpro/libogc/lib/wii\libwiiuse.a(wpad.o)
 .text.__wpad_setfmt
                0x800090a8      0x14c D:/devkitpro/libogc/lib/wii\libwiiuse.a(wpad.o)
 .text.__wpad_eventCB
                0x800091f4      0xbf4 D:/devkitpro/libogc/lib/wii\libwiiuse.a(wpad.o)
 .text.__wpad_timeouthandler
                0x80009de8       0xfc D:/devkitpro/libogc/lib/wii\libwiiuse.a(wpad.o)
 .text.WPAD_WipeSavedControllers
                0x80009ee4      0x140 D:/devkitpro/libogc/lib/wii\libwiiuse.a(wpad.o)
                0x80009ee4                WPAD_WipeSavedControllers
 .text.__wpad_def_hostsynccb
                0x8000a024       0x78 D:/devkitpro/libogc/lib/wii\libwiiuse.a(wpad.o)
 .text.WPAD_ReadEvent
                0x8000a09c      0x6a8 D:/devkitpro/libogc/lib/wii\libwiiuse.a(wpad.o)
                0x8000a09c                WPAD_ReadEvent
 .text.WPAD_ReadPending
                0x8000a744      0x1b4 D:/devkitpro/libogc/lib/wii\libwiiuse.a(wpad.o)
                0x8000a744                WPAD_ReadPending
 .text.WPAD_SetDataFormat
                0x8000a8f8      0x178 D:/devkitpro/libogc/lib/wii\libwiiuse.a(wpad.o)
                0x8000a8f8                WPAD_SetDataFormat
 .text.WPAD_Shutdown
                0x8000aa70      0x134 D:/devkitpro/libogc/lib/wii\libwiiuse.a(wpad.o)
                0x8000aa70                WPAD_Shutdown
 .text.WPAD_Init
                0x8000aba4      0x360 D:/devkitpro/libogc/lib/wii\libwiiuse.a(wpad.o)
                0x8000aba4                WPAD_Init
 .text.__wpad_onreset
                0x8000af04       0x34 D:/devkitpro/libogc/lib/wii\libwiiuse.a(wpad.o)
 .text.WPAD_ScanPads
                0x8000af38       0x7c D:/devkitpro/libogc/lib/wii\libwiiuse.a(wpad.o)
                0x8000af38                WPAD_ScanPads
 .text.WPAD_Data
                0x8000afb4       0x24 D:/devkitpro/libogc/lib/wii\libwiiuse.a(wpad.o)
                0x8000afb4                WPAD_Data
 .text.WPAD_ButtonsUp
                0x8000afd8       0x28 D:/devkitpro/libogc/lib/wii\libwiiuse.a(wpad.o)
                0x8000afd8                WPAD_ButtonsUp
 .text.WPAD_ButtonsDown
                0x8000b000       0x28 D:/devkitpro/libogc/lib/wii\libwiiuse.a(wpad.o)
                0x8000b000                WPAD_ButtonsDown
 .text.WPAD_ButtonsHeld
                0x8000b028       0x28 D:/devkitpro/libogc/lib/wii\libwiiuse.a(wpad.o)
                0x8000b028                WPAD_ButtonsHeld
 .text.motion_plus_disconnected
                0x8000b050       0x10 D:/devkitpro/libogc/lib/wii\libwiiuse.a(motion_plus.o)
                0x8000b050                motion_plus_disconnected
 .text.motion_plus_event
                0x8000b060       0x64 D:/devkitpro/libogc/lib/wii\libwiiuse.a(motion_plus.o)
                0x8000b060                motion_plus_event
 .text.calculate_gforce
                0x8000b0c4      0x114 D:/devkitpro/libogc/lib/wii\libwiiuse.a(dynamics.o)
                0x8000b0c4                calculate_gforce
 .text.calc_joystick_state
                0x8000b1d8      0x208 D:/devkitpro/libogc/lib/wii\libwiiuse.a(dynamics.o)
                0x8000b1d8                calc_joystick_state
 .text.apply_smoothing
                0x8000b3e0      0x110 D:/devkitpro/libogc/lib/wii\libwiiuse.a(dynamics.o)
                0x8000b3e0                apply_smoothing
 .text.calculate_orientation
                0x8000b4f0      0x360 D:/devkitpro/libogc/lib/wii\libwiiuse.a(dynamics.o)
                0x8000b4f0                calculate_orientation
 .text.calc_balanceboard_state
                0x8000b850      0x3a4 D:/devkitpro/libogc/lib/wii\libwiiuse.a(dynamics.o)
                0x8000b850                calc_balanceboard_state
 .text.wiiuse_handshake
                0x8000bbf4      0x24c D:/devkitpro/libogc/lib/wii\libwiiuse.a(io.o)
                0x8000bbf4                wiiuse_handshake
 .text.wiiuse_handshake_expansion
                0x8000be40      0x214 D:/devkitpro/libogc/lib/wii\libwiiuse.a(io.o)
                0x8000be40                wiiuse_handshake_expansion
 .text.wiiuse_handshake_expansion_start
                0x8000c054       0x5c D:/devkitpro/libogc/lib/wii\libwiiuse.a(io.o)
                0x8000c054                wiiuse_handshake_expansion_start
 .text.wiiuse_disable_expansion
                0x8000c0b0      0x1b0 D:/devkitpro/libogc/lib/wii\libwiiuse.a(io.o)
                0x8000c0b0                wiiuse_disable_expansion
 .text.__wiiuse_accept_step2
                0x8000c260       0x5c D:/devkitpro/libogc/lib/wii\libwiiuse.a(io_wii.o)
 .text.__wiiuse_connected
                0x8000c2bc       0xac D:/devkitpro/libogc/lib/wii\libwiiuse.a(io_wii.o)
 .text.__wiiuse_disconnected
                0x8000c368       0xc8 D:/devkitpro/libogc/lib/wii\libwiiuse.a(io_wii.o)
 .text.__wiiuse_receive
                0x8000c430       0xc4 D:/devkitpro/libogc/lib/wii\libwiiuse.a(io_wii.o)
 .text.__wiiuse_connect_step2
                0x8000c4f4       0x5c D:/devkitpro/libogc/lib/wii\libwiiuse.a(io_wii.o)
 .text.__wiiuse_sensorbar_enable
                0x8000c550       0x74 D:/devkitpro/libogc/lib/wii\libwiiuse.a(io_wii.o)
                0x8000c550                __wiiuse_sensorbar_enable
 .text.wiiuse_accept
                0x8000c5c4      0x15c D:/devkitpro/libogc/lib/wii\libwiiuse.a(io_wii.o)
                0x8000c5c4                wiiuse_accept
 .text.wiiuse_connect
                0x8000c720      0x15c D:/devkitpro/libogc/lib/wii\libwiiuse.a(io_wii.o)
                0x8000c720                wiiuse_connect
 .text.wiiuse_disconnect
                0x8000c87c       0x50 D:/devkitpro/libogc/lib/wii\libwiiuse.a(io_wii.o)
                0x8000c87c                wiiuse_disconnect
 .text.wiiuse_init_cmd_queue
                0x8000c8cc       0xa4 D:/devkitpro/libogc/lib/wii\libwiiuse.a(io_wii.o)
                0x8000c8cc                wiiuse_init_cmd_queue
 .text.wiiuse_io_write
                0x8000c970       0x1c D:/devkitpro/libogc/lib/wii\libwiiuse.a(io_wii.o)
                0x8000c970                wiiuse_io_write
 .text.rotate_dots
                0x8000c98c      0x134 D:/devkitpro/libogc/lib/wii\libwiiuse.a(ir.o)
 .text.wiiuse_set_ir_mode
                0x8000cac0       0x5c D:/devkitpro/libogc/lib/wii\libwiiuse.a(ir.o)
                0x8000cac0                wiiuse_set_ir_mode
 .text.wiiuse_set_ir
                0x8000cb1c      0x26c D:/devkitpro/libogc/lib/wii\libwiiuse.a(ir.o)
                0x8000cb1c                wiiuse_set_ir
 .text.wiiuse_set_ir_position
                0x8000cd88       0x80 D:/devkitpro/libogc/lib/wii\libwiiuse.a(ir.o)
                0x8000cd88                wiiuse_set_ir_position
 .text.wiiuse_set_aspect_ratio
                0x8000ce08       0xac D:/devkitpro/libogc/lib/wii\libwiiuse.a(ir.o)
                0x8000ce08                wiiuse_set_aspect_ratio
 .text.wiiuse_set_ir_sensitivity
                0x8000ceb4      0x190 D:/devkitpro/libogc/lib/wii\libwiiuse.a(ir.o)
                0x8000ceb4                wiiuse_set_ir_sensitivity
 .text.calculate_basic_ir
                0x8000d044       0xe8 D:/devkitpro/libogc/lib/wii\libwiiuse.a(ir.o)
                0x8000d044                calculate_basic_ir
 .text.calculate_extended_ir
                0x8000d12c       0x64 D:/devkitpro/libogc/lib/wii\libwiiuse.a(ir.o)
                0x8000d12c                calculate_extended_ir
 .text.find_sensorbar
                0x8000d190      0xb00 D:/devkitpro/libogc/lib/wii\libwiiuse.a(ir.o)
                0x8000d190                find_sensorbar
 .text.apply_ir_smoothing
                0x8000dc90      0x120 D:/devkitpro/libogc/lib/wii\libwiiuse.a(ir.o)
                0x8000dc90                apply_ir_smoothing
 .text.interpret_ir_data
                0x8000ddb0      0x3d0 D:/devkitpro/libogc/lib/wii\libwiiuse.a(ir.o)
                0x8000ddb0                interpret_ir_data
 .text.nunchuk_handshake
                0x8000e180      0x360 D:/devkitpro/libogc/lib/wii\libwiiuse.a(nunchuk.o)
                0x8000e180                nunchuk_handshake
 .text.nunchuk_disconnected
                0x8000e4e0        0xc D:/devkitpro/libogc/lib/wii\libwiiuse.a(nunchuk.o)
                0x8000e4e0                nunchuk_disconnected
 .text.nunchuk_event
                0x8000e4ec       0xe8 D:/devkitpro/libogc/lib/wii\libwiiuse.a(nunchuk.o)
                0x8000e4ec                nunchuk_event
 .text.wii_board_handshake
                0x8000e5d4      0x28c D:/devkitpro/libogc/lib/wii\libwiiuse.a(wiiboard.o)
                0x8000e5d4                wii_board_handshake
 .text.wii_board_disconnected
                0x8000e860        0xc D:/devkitpro/libogc/lib/wii\libwiiuse.a(wiiboard.o)
                0x8000e860                wii_board_disconnected
 .text.wii_board_event
                0x8000e86c       0x24 D:/devkitpro/libogc/lib/wii\libwiiuse.a(wiiboard.o)
                0x8000e86c                wii_board_event
 .text.wiiuse_send_next_command
                0x8000e890       0x58 D:/devkitpro/libogc/lib/wii\libwiiuse.a(wiiuse.o)
                0x8000e890                wiiuse_send_next_command
 .text.wiiuse_init
                0x8000e8e8      0x1fc D:/devkitpro/libogc/lib/wii\libwiiuse.a(wiiuse.o)
                0x8000e8e8                wiiuse_init
 .text.wiiuse_set_flags
                0x8000eae4       0x28 D:/devkitpro/libogc/lib/wii\libwiiuse.a(wiiuse.o)
                0x8000eae4                wiiuse_set_flags
 .text.wiiuse_read_data
                0x8000eb0c      0x12c D:/devkitpro/libogc/lib/wii\libwiiuse.a(wiiuse.o)
                0x8000eb0c                wiiuse_read_data
 .text.wiiuse_write_data
                0x8000ec38      0x160 D:/devkitpro/libogc/lib/wii\libwiiuse.a(wiiuse.o)
                0x8000ec38                wiiuse_write_data
 .text.wiiuse_sendcmd
                0x8000ed98      0x14c D:/devkitpro/libogc/lib/wii\libwiiuse.a(wiiuse.o)
                0x8000ed98                wiiuse_sendcmd
 .text.wiiuse_set_leds
                0x8000eee4       0x50 D:/devkitpro/libogc/lib/wii\libwiiuse.a(wiiuse.o)
                0x8000eee4                wiiuse_set_leds
 .text.wiiuse_set_report_type
                0x8000ef34       0xb4 D:/devkitpro/libogc/lib/wii\libwiiuse.a(wiiuse.o)
                0x8000ef34                wiiuse_set_report_type
 .text.wiiuse_status
                0x8000efe8       0x4c D:/devkitpro/libogc/lib/wii\libwiiuse.a(wiiuse.o)
                0x8000efe8                wiiuse_status
 .text.wiiuse_motion_sensing
                0x8000f034       0x84 D:/devkitpro/libogc/lib/wii\libwiiuse.a(wiiuse.o)
                0x8000f034                wiiuse_motion_sensing
 .text.wiiuse_set_speaker
                0x8000f0b8      0x258 D:/devkitpro/libogc/lib/wii\libwiiuse.a(speaker.o)
                0x8000f0b8                wiiuse_set_speaker
 .text.classic_ctrl_pressed_buttons
                0x8000f310       0x4c D:/devkitpro/libogc/lib/wii\libwiiuse.a(classic.o)
 .text.classic_ctrl_handshake
                0x8000f35c      0x460 D:/devkitpro/libogc/lib/wii\libwiiuse.a(classic.o)
                0x8000f35c                classic_ctrl_handshake
 .text.classic_ctrl_disconnected
                0x8000f7bc        0xc D:/devkitpro/libogc/lib/wii\libwiiuse.a(classic.o)
                0x8000f7bc                classic_ctrl_disconnected
 .text.classic_ctrl_event
                0x8000f7c8      0x19c D:/devkitpro/libogc/lib/wii\libwiiuse.a(classic.o)
                0x8000f7c8                classic_ctrl_event
 .text.handle_expansion
                0x8000f964       0x54 D:/devkitpro/libogc/lib/wii\libwiiuse.a(events.o)
 .text.parse_event
                0x8000f9b8      0x704 D:/devkitpro/libogc/lib/wii\libwiiuse.a(events.o)
                0x8000f9b8                parse_event
 .text.guitar_hero_3_handshake
                0x800100bc       0x5c D:/devkitpro/libogc/lib/wii\libwiiuse.a(guitar_hero_3.o)
                0x800100bc                guitar_hero_3_handshake
 .text.guitar_hero_3_disconnected
                0x80010118        0xc D:/devkitpro/libogc/lib/wii\libwiiuse.a(guitar_hero_3.o)
                0x80010118                guitar_hero_3_disconnected
 .text.guitar_hero_3_event
                0x80010124       0x60 D:/devkitpro/libogc/lib/wii\libwiiuse.a(guitar_hero_3.o)
                0x80010124                guitar_hero_3_event
 .text.acl_wlp_completed
                0x80010184        0x8 D:/devkitpro/libogc/lib/wii\libbte.a(bte.o)
                0x80010184                acl_wlp_completed
 .text.bt_alarmhandler
                0x8001018c       0x58 D:/devkitpro/libogc/lib/wii\libbte.a(bte.o)
 .text.__bte_send_pending_request
                0x800101e4      0x108 D:/devkitpro/libogc/lib/wii\libbte.a(bte.o)
 .text.acl_conn_complete
                0x800102ec       0x28 D:/devkitpro/libogc/lib/wii\libbte.a(bte.o)
                0x800102ec                acl_conn_complete
 .text.acl_auth_complete
                0x80010314       0x2c D:/devkitpro/libogc/lib/wii\libbte.a(bte.o)
                0x80010314                acl_auth_complete
 .text.pin_req  0x80010340       0x8c D:/devkitpro/libogc/lib/wii\libbte.a(bte.o)
                0x80010340                pin_req
 .text.l2cap_connected
                0x800103cc       0xf0 D:/devkitpro/libogc/lib/wii\libbte.a(bte.o)
                0x800103cc                l2cap_connected
 .text.l2cap_accepted
                0x800104bc       0xe8 D:/devkitpro/libogc/lib/wii\libbte.a(bte.o)
                0x800104bc                l2cap_accepted
 .text.bte_inquiry_complete
                0x800105a4      0x240 D:/devkitpro/libogc/lib/wii\libbte.a(bte.o)
                0x800105a4                bte_inquiry_complete
 .text.l2cap_disconnect_cfm
                0x800107e4      0x180 D:/devkitpro/libogc/lib/wii\libbte.a(bte.o)
                0x800107e4                l2cap_disconnect_cfm
 .text.bte_process_input
                0x80010964      0x120 D:/devkitpro/libogc/lib/wii\libbte.a(bte.o)
 .text.l2cap_disconnected_ind
                0x80010a84      0x18c D:/devkitpro/libogc/lib/wii\libbte.a(bte.o)
                0x80010a84                l2cap_disconnected_ind
 .text.__bte_shutdown_finished
                0x80010c10       0xe8 D:/devkitpro/libogc/lib/wii\libbte.a(bte.o)
 .text.bte_hci_apply_patch_complete
                0x80010cf8      0x170 D:/devkitpro/libogc/lib/wii\libbte.a(bte.o)
                0x80010cf8                bte_hci_apply_patch_complete
 .text.bte_hci_patch_complete
                0x80010e68      0x37c D:/devkitpro/libogc/lib/wii\libbte.a(bte.o)
                0x80010e68                bte_hci_patch_complete
 .text.bte_read_remote_name_complete
                0x800111e4      0x190 D:/devkitpro/libogc/lib/wii\libbte.a(bte.o)
                0x800111e4                bte_read_remote_name_complete
 .text.bte_hci_initcore_complete
                0x80011374      0x260 D:/devkitpro/libogc/lib/wii\libbte.a(bte.o)
                0x80011374                bte_hci_initcore_complete
 .text.bte_read_stored_link_key_complete
                0x800115d4      0x288 D:/devkitpro/libogc/lib/wii\libbte.a(bte.o)
                0x800115d4                bte_read_stored_link_key_complete
 .text.bte_set_evt_filter_complete
                0x8001185c      0x1dc D:/devkitpro/libogc/lib/wii\libbte.a(bte.o)
                0x8001185c                bte_set_evt_filter_complete
 .text.bte_hci_initcore_complete2
                0x80011a38      0x230 D:/devkitpro/libogc/lib/wii\libbte.a(bte.o)
 .text.bte_hci_initsub_complete
                0x80011c68      0x280 D:/devkitpro/libogc/lib/wii\libbte.a(bte.o)
                0x80011c68                bte_hci_initsub_complete
 .text.BTE_Init
                0x80011ee8      0x154 D:/devkitpro/libogc/lib/wii\libbte.a(bte.o)
                0x80011ee8                BTE_Init
 .text.BTE_Close
                0x8001203c       0x64 D:/devkitpro/libogc/lib/wii\libbte.a(bte.o)
                0x8001203c                BTE_Close
 .text.BTE_Shutdown
                0x800120a0      0x10c D:/devkitpro/libogc/lib/wii\libbte.a(bte.o)
                0x800120a0                BTE_Shutdown
 .text.BTE_InitCore
                0x800121ac       0x8c D:/devkitpro/libogc/lib/wii\libbte.a(bte.o)
                0x800121ac                BTE_InitCore
 .text.BTE_ApplyPatch
                0x80012238       0xa4 D:/devkitpro/libogc/lib/wii\libbte.a(bte.o)
                0x80012238                BTE_ApplyPatch
 .text.BTE_InitSub
                0x800122dc       0x90 D:/devkitpro/libogc/lib/wii\libbte.a(bte.o)
                0x800122dc                BTE_InitSub
 .text.BTE_ReadStoredLinkKey
                0x8001236c       0x90 D:/devkitpro/libogc/lib/wii\libbte.a(bte.o)
                0x8001236c                BTE_ReadStoredLinkKey
 .text.BTE_SetEvtFilter
                0x800123fc       0xb8 D:/devkitpro/libogc/lib/wii\libbte.a(bte.o)
                0x800123fc                BTE_SetEvtFilter
 .text.BTE_ReadRemoteName
                0x800124b4       0x8c D:/devkitpro/libogc/lib/wii\libbte.a(bte.o)
                0x800124b4                BTE_ReadRemoteName
 .text.BTE_LinkKeyRequestReply
                0x80012540       0x9c D:/devkitpro/libogc/lib/wii\libbte.a(bte.o)
                0x80012540                BTE_LinkKeyRequestReply
 .text.BTE_LinkKeyRequestNegativeReply
                0x800125dc       0x8c D:/devkitpro/libogc/lib/wii\libbte.a(bte.o)
                0x800125dc                BTE_LinkKeyRequestNegativeReply
 .text.BTE_GetPairMode
                0x80012668        0xc D:/devkitpro/libogc/lib/wii\libbte.a(bte.o)
                0x80012668                BTE_GetPairMode
 .text.BTE_SetDisconnectCallback
                0x80012674        0x4 D:/devkitpro/libogc/lib/wii\libbte.a(bte.o)
                0x80012674                BTE_SetDisconnectCallback
 .text.BTE_SetHostSyncButtonCallback
                0x80012678       0x60 D:/devkitpro/libogc/lib/wii\libbte.a(bte.o)
                0x80012678                BTE_SetHostSyncButtonCallback
 .text.BTE_SetConnectionRequestCallback
                0x800126d8       0x60 D:/devkitpro/libogc/lib/wii\libbte.a(bte.o)
                0x800126d8                BTE_SetConnectionRequestCallback
 .text.BTE_SetLinkKeyRequestCallback
                0x80012738       0x60 D:/devkitpro/libogc/lib/wii\libbte.a(bte.o)
                0x80012738                BTE_SetLinkKeyRequestCallback
 .text.BTE_SetLinkKeyNotificationCallback
                0x80012798       0x60 D:/devkitpro/libogc/lib/wii\libbte.a(bte.o)
                0x80012798                BTE_SetLinkKeyNotificationCallback
 .text.BTE_WriteStoredLinkKey
                0x800127f8       0x9c D:/devkitpro/libogc/lib/wii\libbte.a(bte.o)
                0x800127f8                BTE_WriteStoredLinkKey
 .text.BTE_ClearStoredLinkKeys
                0x80012894       0x80 D:/devkitpro/libogc/lib/wii\libbte.a(bte.o)
                0x80012894                BTE_ClearStoredLinkKeys
 .text.bte_new  0x80012914       0x54 D:/devkitpro/libogc/lib/wii\libbte.a(bte.o)
                0x80012914                bte_new
 .text.bte_free
                0x80012968       0x38 D:/devkitpro/libogc/lib/wii\libbte.a(bte.o)
                0x80012968                bte_free
 .text.BTE_Inquiry
                0x800129a0       0xd0 D:/devkitpro/libogc/lib/wii\libbte.a(bte.o)
                0x800129a0                BTE_Inquiry
 .text.bte_disconnect
                0x80012a70       0xcc D:/devkitpro/libogc/lib/wii\libbte.a(bte.o)
                0x80012a70                bte_disconnect
 .text.bte_connectasync
                0x80012b3c      0x128 D:/devkitpro/libogc/lib/wii\libbte.a(bte.o)
                0x80012b3c                bte_connectasync
 .text.bte_connectasync_step2
                0x80012c64       0xe0 D:/devkitpro/libogc/lib/wii\libbte.a(bte.o)
                0x80012c64                bte_connectasync_step2
 .text.bte_listenasync
                0x80012d44      0x114 D:/devkitpro/libogc/lib/wii\libbte.a(bte.o)
                0x80012d44                bte_listenasync
 .text.bte_listenasync_step2
                0x80012e58       0xdc D:/devkitpro/libogc/lib/wii\libbte.a(bte.o)
                0x80012e58                bte_listenasync_step2
 .text.bte_senddata
                0x80012f34      0x104 D:/devkitpro/libogc/lib/wii\libbte.a(bte.o)
                0x80012f34                bte_senddata
 .text.bte_arg  0x80013038       0x38 D:/devkitpro/libogc/lib/wii\libbte.a(bte.o)
                0x80013038                bte_arg
 .text.bte_received
                0x80013070       0x38 D:/devkitpro/libogc/lib/wii\libbte.a(bte.o)
                0x80013070                bte_received
 .text.bte_disconnected
                0x800130a8       0x38 D:/devkitpro/libogc/lib/wii\libbte.a(bte.o)
                0x800130a8                bte_disconnected
 .text.hci_get_link
                0x800130e0       0x84 D:/devkitpro/libogc/lib/wii\libbte.a(hci.o)
 .text.hci_init
                0x80013164       0x7c D:/devkitpro/libogc/lib/wii\libbte.a(hci.o)
                0x80013164                hci_init
 .text.hci_close
                0x800131e0      0x134 D:/devkitpro/libogc/lib/wii\libbte.a(hci.o)
                0x800131e0                hci_close
 .text.hci_reset_all
                0x80013314       0xa8 D:/devkitpro/libogc/lib/wii\libbte.a(hci.o)
                0x80013314                hci_reset_all
 .text.hci_arg  0x800133bc        0xc D:/devkitpro/libogc/lib/wii\libbte.a(hci.o)
                0x800133bc                hci_arg
 .text.hci_cmd_complete
                0x800133c8        0xc D:/devkitpro/libogc/lib/wii\libbte.a(hci.o)
                0x800133c8                hci_cmd_complete
 .text.hci_pin_req
                0x800133d4        0xc D:/devkitpro/libogc/lib/wii\libbte.a(hci.o)
                0x800133d4                hci_pin_req
 .text.hci_sync_btn
                0x800133e0        0xc D:/devkitpro/libogc/lib/wii\libbte.a(hci.o)
                0x800133e0                hci_sync_btn
 .text.hci_remote_name_req_complete
                0x800133ec        0xc D:/devkitpro/libogc/lib/wii\libbte.a(hci.o)
                0x800133ec                hci_remote_name_req_complete
 .text.hci_link_key_req
                0x800133f8        0xc D:/devkitpro/libogc/lib/wii\libbte.a(hci.o)
                0x800133f8                hci_link_key_req
 .text.hci_link_key_not
                0x80013404        0xc D:/devkitpro/libogc/lib/wii\libbte.a(hci.o)
                0x80013404                hci_link_key_not
 .text.hci_connection_complete
                0x80013410        0xc D:/devkitpro/libogc/lib/wii\libbte.a(hci.o)
                0x80013410                hci_connection_complete
 .text.hci_auth_complete
                0x8001341c        0xc D:/devkitpro/libogc/lib/wii\libbte.a(hci.o)
                0x8001341c                hci_auth_complete
 .text.hci_wlp_complete
                0x80013428        0xc D:/devkitpro/libogc/lib/wii\libbte.a(hci.o)
                0x80013428                hci_wlp_complete
 .text.hci_conn_req
                0x80013434        0xc D:/devkitpro/libogc/lib/wii\libbte.a(hci.o)
                0x80013434                hci_conn_req
 .text.hci_reset
                0x80013440       0xa8 D:/devkitpro/libogc/lib/wii\libbte.a(hci.o)
                0x80013440                hci_reset
 .text.hci_read_buffer_size
                0x800134e8       0xa8 D:/devkitpro/libogc/lib/wii\libbte.a(hci.o)
                0x800134e8                hci_read_buffer_size
 .text.hci_read_bd_addr
                0x80013590       0xa8 D:/devkitpro/libogc/lib/wii\libbte.a(hci.o)
                0x80013590                hci_read_bd_addr
 .text.hci_read_local_version
                0x80013638       0xa4 D:/devkitpro/libogc/lib/wii\libbte.a(hci.o)
                0x80013638                hci_read_local_version
 .text.hci_read_local_features
                0x800136dc       0xa8 D:/devkitpro/libogc/lib/wii\libbte.a(hci.o)
                0x800136dc                hci_read_local_features
 .text.hci_read_stored_link_key
                0x80013784      0x10c D:/devkitpro/libogc/lib/wii\libbte.a(hci.o)
                0x80013784                hci_read_stored_link_key
 .text.hci_set_event_filter
                0x80013890      0x180 D:/devkitpro/libogc/lib/wii\libbte.a(hci.o)
                0x80013890                hci_set_event_filter
 .text.hci_write_page_timeout
                0x80013a10       0xd4 D:/devkitpro/libogc/lib/wii\libbte.a(hci.o)
                0x80013a10                hci_write_page_timeout
 .text.hci_write_scan_enable
                0x80013ae4       0xc0 D:/devkitpro/libogc/lib/wii\libbte.a(hci.o)
                0x80013ae4                hci_write_scan_enable
 .text.hci_inquiry
                0x80013ba4      0x144 D:/devkitpro/libogc/lib/wii\libbte.a(hci.o)
                0x80013ba4                hci_inquiry
 .text.hci_accept_conn_request
                0x80013ce8       0xf0 D:/devkitpro/libogc/lib/wii\libbte.a(hci.o)
                0x80013ce8                hci_accept_conn_request
 .text.hci_write_local_name
                0x80013dd8       0xec D:/devkitpro/libogc/lib/wii\libbte.a(hci.o)
                0x80013dd8                hci_write_local_name
 .text.hci_write_pin_type
                0x80013ec4       0xc0 D:/devkitpro/libogc/lib/wii\libbte.a(hci.o)
                0x80013ec4                hci_write_pin_type
 .text.hci_read_remote_name
                0x80013f84      0x1b4 D:/devkitpro/libogc/lib/wii\libbte.a(hci.o)
                0x80013f84                hci_read_remote_name
 .text.hci_write_inquiry_mode
                0x80014138       0xc0 D:/devkitpro/libogc/lib/wii\libbte.a(hci.o)
                0x80014138                hci_write_inquiry_mode
 .text.hci_write_page_scan_type
                0x800141f8       0xc0 D:/devkitpro/libogc/lib/wii\libbte.a(hci.o)
                0x800141f8                hci_write_page_scan_type
 .text.hci_write_inquiry_scan_type
                0x800142b8       0xc0 D:/devkitpro/libogc/lib/wii\libbte.a(hci.o)
                0x800142b8                hci_write_inquiry_scan_type
 .text.hci_vendor_specific_command
                0x80014378      0x104 D:/devkitpro/libogc/lib/wii\libbte.a(hci.o)
                0x80014378                hci_vendor_specific_command
 .text.hci_auth_req
                0x8001447c       0xe8 D:/devkitpro/libogc/lib/wii\libbte.a(hci.o)
                0x8001447c                hci_auth_req
 .text.hci_write_link_policy_settings
                0x80014564      0x104 D:/devkitpro/libogc/lib/wii\libbte.a(hci.o)
                0x80014564                hci_write_link_policy_settings
 .text.hci_pin_code_request_reply
                0x80014668      0x150 D:/devkitpro/libogc/lib/wii\libbte.a(hci.o)
                0x80014668                hci_pin_code_request_reply
 .text.hci_link_key_req_reply
                0x800147b8      0x114 D:/devkitpro/libogc/lib/wii\libbte.a(hci.o)
                0x800147b8                hci_link_key_req_reply
 .text.hci_pin_code_request_neg_reply
                0x800148cc       0xd4 D:/devkitpro/libogc/lib/wii\libbte.a(hci.o)
                0x800148cc                hci_pin_code_request_neg_reply
 .text.hci_link_key_req_neg_reply
                0x800149a0       0xd4 D:/devkitpro/libogc/lib/wii\libbte.a(hci.o)
                0x800149a0                hci_link_key_req_neg_reply
 .text.hci_disconnect
                0x80014a74      0x104 D:/devkitpro/libogc/lib/wii\libbte.a(hci.o)
                0x80014a74                hci_disconnect
 .text.hci_reject_connection_request
                0x80014b78       0xf0 D:/devkitpro/libogc/lib/wii\libbte.a(hci.o)
                0x80014b78                hci_reject_connection_request
 .text.hci_write_stored_link_key
                0x80014c68      0x128 D:/devkitpro/libogc/lib/wii\libbte.a(hci.o)
                0x80014c68                hci_write_stored_link_key
 .text.hci_delete_stored_link_key
                0x80014d90      0x10c D:/devkitpro/libogc/lib/wii\libbte.a(hci.o)
                0x80014d90                hci_delete_stored_link_key
 .text.hci_write_cod
                0x80014e9c       0xd8 D:/devkitpro/libogc/lib/wii\libbte.a(hci.o)
                0x80014e9c                hci_write_cod
 .text.hci_host_buffer_size
                0x80014f74      0x11c D:/devkitpro/libogc/lib/wii\libbte.a(hci.o)
                0x80014f74                hci_host_buffer_size
 .text.hci_host_num_comp_packets
                0x80015090      0x110 D:/devkitpro/libogc/lib/wii\libbte.a(hci.o)
                0x80015090                hci_host_num_comp_packets
 .text.lp_pdu_maxsize
                0x800151a0        0xc D:/devkitpro/libogc/lib/wii\libbte.a(hci.o)
                0x800151a0                lp_pdu_maxsize
 .text.hci_get_bd_addr
                0x800151ac       0x50 D:/devkitpro/libogc/lib/wii\libbte.a(hci.o)
                0x800151ac                hci_get_bd_addr
 .text.lp_is_connected
                0x800151fc       0x28 D:/devkitpro/libogc/lib/wii\libbte.a(hci.o)
                0x800151fc                lp_is_connected
 .text.lp_acl_write
                0x80015224      0x154 D:/devkitpro/libogc/lib/wii\libbte.a(hci.o)
                0x80015224                lp_acl_write
 .text.lp_write_flush_timeout
                0x80015378      0x104 D:/devkitpro/libogc/lib/wii\libbte.a(hci.o)
                0x80015378                lp_write_flush_timeout
 .text.lp_connect_req
                0x8001547c      0x294 D:/devkitpro/libogc/lib/wii\libbte.a(hci.o)
                0x8001547c                lp_connect_req
 .text.hci_event_handler
                0x80015710      0xf00 D:/devkitpro/libogc/lib/wii\libbte.a(hci.o)
                0x80015710                hci_event_handler
 .text.hci_acldata_handler
                0x80016610      0x110 D:/devkitpro/libogc/lib/wii\libbte.a(hci.o)
                0x80016610                hci_acldata_handler
 .text.l2cap_init
                0x80016720       0x60 D:/devkitpro/libogc/lib/wii\libbte.a(l2cap.o)
                0x80016720                l2cap_init
 .text.l2cap_write
                0x80016780      0x1a0 D:/devkitpro/libogc/lib/wii\libbte.a(l2cap.o)
                0x80016780                l2cap_write
 .text.l2cap_new
                0x80016920       0x60 D:/devkitpro/libogc/lib/wii\libbte.a(l2cap.o)
                0x80016920                l2cap_new
 .text.l2cap_close
                0x80016980      0x1c0 D:/devkitpro/libogc/lib/wii\libbte.a(l2cap.o)
                0x80016980                l2cap_close
 .text.l2cap_reset_all
                0x80016b40      0x148 D:/devkitpro/libogc/lib/wii\libbte.a(l2cap.o)
                0x80016b40                l2cap_reset_all
 .text.l2cap_signal
                0x80016c88      0x204 D:/devkitpro/libogc/lib/wii\libbte.a(l2cap.o)
                0x80016c88                l2cap_signal
 .text.l2ca_connect_req
                0x80016e8c      0x1e0 D:/devkitpro/libogc/lib/wii\libbte.a(l2cap.o)
                0x80016e8c                l2ca_connect_req
 .text.l2ca_config_req
                0x8001706c      0x13c D:/devkitpro/libogc/lib/wii\libbte.a(l2cap.o)
                0x8001706c                l2ca_config_req
 .text.l2ca_disconnect_req
                0x800171a8       0xcc D:/devkitpro/libogc/lib/wii\libbte.a(l2cap.o)
                0x800171a8                l2ca_disconnect_req
 .text.l2cap_tmr
                0x80017274      0x260 D:/devkitpro/libogc/lib/wii\libbte.a(l2cap.o)
                0x80017274                l2cap_tmr
 .text.l2cap_process_sig
                0x800174d4     0x1320 D:/devkitpro/libogc/lib/wii\libbte.a(l2cap.o)
                0x800174d4                l2cap_process_sig
 .text.l2cap_input
                0x800187f4      0x5b8 D:/devkitpro/libogc/lib/wii\libbte.a(l2cap.o)
                0x800187f4                l2cap_input
 .text.l2ca_datawrite
                0x80018dac      0x128 D:/devkitpro/libogc/lib/wii\libbte.a(l2cap.o)
                0x80018dac                l2ca_datawrite
 .text.lp_connect_cfm
                0x80018ed4      0x17c D:/devkitpro/libogc/lib/wii\libbte.a(l2cap.o)
                0x80018ed4                lp_connect_cfm
 .text.lp_connect_ind
                0x80019050        0x4 D:/devkitpro/libogc/lib/wii\libbte.a(l2cap.o)
                0x80019050                lp_connect_ind
 .text.lp_disconnect_ind
                0x80019054      0x1b0 D:/devkitpro/libogc/lib/wii\libbte.a(l2cap.o)
                0x80019054                lp_disconnect_ind
 .text.l2cap_disconnect_bb
                0x80019204       0x10 D:/devkitpro/libogc/lib/wii\libbte.a(l2cap.o)
                0x80019204                l2cap_disconnect_bb
 .text.l2cap_arg
                0x80019214        0x8 D:/devkitpro/libogc/lib/wii\libbte.a(l2cap.o)
                0x80019214                l2cap_arg
 .text.l2cap_connect_ind
                0x8001921c      0x100 D:/devkitpro/libogc/lib/wii\libbte.a(l2cap.o)
                0x8001921c                l2cap_connect_ind
 .text.l2cap_disconnect_ind
                0x8001931c        0x8 D:/devkitpro/libogc/lib/wii\libbte.a(l2cap.o)
                0x8001931c                l2cap_disconnect_ind
 .text.l2cap_recv
                0x80019324        0x8 D:/devkitpro/libogc/lib/wii\libbte.a(l2cap.o)
                0x80019324                l2cap_recv
 .text.btmemb_init
                0x8001932c       0x24 D:/devkitpro/libogc/lib/wii\libbte.a(btmemb.o)
                0x8001932c                btmemb_init
 .text.btmemb_alloc
                0x80019350       0x98 D:/devkitpro/libogc/lib/wii\libbte.a(btmemb.o)
                0x80019350                btmemb_alloc
 .text.btmemb_free
                0x800193e8       0xe0 D:/devkitpro/libogc/lib/wii\libbte.a(btmemb.o)
                0x800193e8                btmemb_free
 .text.plug_holes
                0x800194c8       0xac D:/devkitpro/libogc/lib/wii\libbte.a(btmemr.o)
 .text.btmemr_init
                0x80019574       0xa4 D:/devkitpro/libogc/lib/wii\libbte.a(btmemr.o)
                0x80019574                btmemr_init
 .text.btmemr_malloc
                0x80019618      0x180 D:/devkitpro/libogc/lib/wii\libbte.a(btmemr.o)
                0x80019618                btmemr_malloc
 .text.btmemr_free
                0x80019798       0x98 D:/devkitpro/libogc/lib/wii\libbte.a(btmemr.o)
                0x80019798                btmemr_free
 .text.btmemr_realloc
                0x80019830      0x120 D:/devkitpro/libogc/lib/wii\libbte.a(btmemr.o)
                0x80019830                btmemr_realloc
 .text.btpbuf_init
                0x80019950       0x28 D:/devkitpro/libogc/lib/wii\libbte.a(btpbuf.o)
                0x80019950                btpbuf_init
 .text.btpbuf_free
                0x80019978      0x104 D:/devkitpro/libogc/lib/wii\libbte.a(btpbuf.o)
                0x80019978                btpbuf_free
 .text.btpbuf_alloc
                0x80019a7c      0x270 D:/devkitpro/libogc/lib/wii\libbte.a(btpbuf.o)
                0x80019a7c                btpbuf_alloc
 .text.btpbuf_realloc
                0x80019cec      0x120 D:/devkitpro/libogc/lib/wii\libbte.a(btpbuf.o)
                0x80019cec                btpbuf_realloc
 .text.btpbuf_header
                0x80019e0c       0x84 D:/devkitpro/libogc/lib/wii\libbte.a(btpbuf.o)
                0x80019e0c                btpbuf_header
 .text.btpbuf_ref
                0x80019e90       0x48 D:/devkitpro/libogc/lib/wii\libbte.a(btpbuf.o)
                0x80019e90                btpbuf_ref
 .text.btpbuf_chain
                0x80019ed8       0x9c D:/devkitpro/libogc/lib/wii\libbte.a(btpbuf.o)
                0x80019ed8                btpbuf_chain
 .text.btpbuf_dechain
                0x80019f74       0x7c D:/devkitpro/libogc/lib/wii\libbte.a(btpbuf.o)
                0x80019f74                btpbuf_dechain
 .text.btpbuf_take
                0x80019ff0      0x13c D:/devkitpro/libogc/lib/wii\libbte.a(btpbuf.o)
                0x80019ff0                btpbuf_take
 .text.__writebulkmsgCB
                0x8001a12c       0x3c D:/devkitpro/libogc/lib/wii\libbte.a(physbusif.o)
 .text.__writectrlmsgCB
                0x8001a168       0x3c D:/devkitpro/libogc/lib/wii\libbte.a(physbusif.o)
 .text.__issue_intrread.part.0
                0x8001a1a4       0x80 D:/devkitpro/libogc/lib/wii\libbte.a(physbusif.o)
 .text.__readintrdataCB
                0x8001a224      0x150 D:/devkitpro/libogc/lib/wii\libbte.a(physbusif.o)
 .text.__issue_bulkread.part.0
                0x8001a374       0x80 D:/devkitpro/libogc/lib/wii\libbte.a(physbusif.o)
 .text.__readbulkdataCB
                0x8001a3f4      0x150 D:/devkitpro/libogc/lib/wii\libbte.a(physbusif.o)
 .text.physbusif_init
                0x8001a544      0x1ec D:/devkitpro/libogc/lib/wii\libbte.a(physbusif.o)
                0x8001a544                physbusif_init
 .text.physbusif_close
                0x8001a730       0x20 D:/devkitpro/libogc/lib/wii\libbte.a(physbusif.o)
                0x8001a730                physbusif_close
 .text.physbusif_shutdown
                0x8001a750       0x18 D:/devkitpro/libogc/lib/wii\libbte.a(physbusif.o)
                0x8001a750                physbusif_shutdown
 .text.physbusif_reset_all
                0x8001a768        0x4 D:/devkitpro/libogc/lib/wii\libbte.a(physbusif.o)
                0x8001a768                physbusif_reset_all
 .text.physbusif_output
                0x8001a76c      0x1f4 D:/devkitpro/libogc/lib/wii\libbte.a(physbusif.o)
                0x8001a76c                physbusif_output
 .text.RGB8_to_YCbCr
                0x8001a960      0x144 D:/devkitpro/libogc/lib/wii\libogc.a(console.o)
 .text.__console_drawc.part.0
                0x8001aaa4      0x268 D:/devkitpro/libogc/lib/wii\libogc.a(console.o)
 .text.__console_clear
                0x8001ad0c      0x174 D:/devkitpro/libogc/lib/wii\libogc.a(console.o)
 .text.__set_default_console
                0x8001ae80      0x108 D:/devkitpro/libogc/lib/wii\libogc.a(console.o)
 .text.__console_clear_line
                0x8001af88      0x150 D:/devkitpro/libogc/lib/wii\libogc.a(console.o)
 .text.__console_init
                0x8001b0d8       0x70 D:/devkitpro/libogc/lib/wii\libogc.a(console.o)
                0x8001b0d8                __console_init
 .text.newRow   0x8001b148      0x110 D:/devkitpro/libogc/lib/wii\libogc.a(console.o)
                0x8001b148                newRow
 .text.consolePrintChar.part.0
                0x8001b258      0x228 D:/devkitpro/libogc/lib/wii\libogc.a(console.o)
 .text.__console_write
                0x8001b480      0xc20 D:/devkitpro/libogc/lib/wii\libogc.a(console.o)
                0x8001b480                __console_write
 .text.CON_Init
                0x8001c0a0       0x80 D:/devkitpro/libogc/lib/wii\libogc.a(console.o)
                0x8001c0a0                CON_Init
 .text.CON_EnableGecko
                0x8001c120       0xf8 D:/devkitpro/libogc/lib/wii\libogc.a(console.o)
                0x8001c120                CON_EnableGecko
 .text.__lwp_queue_initialize
                0x8001c218       0x98 D:/devkitpro/libogc/lib/wii\libogc.a(lwp_queue.o)
                0x8001c218                __lwp_queue_initialize
 .text.__lwp_queue_get
                0x8001c2b0       0x74 D:/devkitpro/libogc/lib/wii\libogc.a(lwp_queue.o)
                0x8001c2b0                __lwp_queue_get
 .text.__lwp_queue_append
                0x8001c324       0x4c D:/devkitpro/libogc/lib/wii\libogc.a(lwp_queue.o)
                0x8001c324                __lwp_queue_append
 .text.__syscall_getreent
                0x8001c370       0x24 D:/devkitpro/libogc/lib/wii\libogc.a(lwp_threads.o)
                0x8001c370                __syscall_getreent
 .text.__lwp_isr_in_progress
                0x8001c394        0x8 D:/devkitpro/libogc/lib/wii\libogc.a(lwp_threads.o)
                0x8001c394                __lwp_isr_in_progress
 .text.__thread_dispatch_fp
                0x8001c39c       0x88 D:/devkitpro/libogc/lib/wii\libogc.a(lwp_threads.o)
                0x8001c39c                __thread_dispatch_fp
 .text.__thread_dispatch
                0x8001c424       0xf4 D:/devkitpro/libogc/lib/wii\libogc.a(lwp_threads.o)
                0x8001c424                __thread_dispatch
 .text.__lwp_thread_resettimeslice
                0x8001c518       0xb4 D:/devkitpro/libogc/lib/wii\libogc.a(lwp_threads.o)
                0x8001c518                __lwp_thread_resettimeslice
 .text.__lwp_thread_tickle_timeslice
                0x8001c5cc       0xc8 D:/devkitpro/libogc/lib/wii\libogc.a(lwp_threads.o)
                0x8001c5cc                __lwp_thread_tickle_timeslice
 .text.__lwp_thread_setstate
                0x8001c694      0x16c D:/devkitpro/libogc/lib/wii\libogc.a(lwp_threads.o)
                0x8001c694                __lwp_thread_setstate
 .text.__lwp_thread_clearstate
                0x8001c800       0xe4 D:/devkitpro/libogc/lib/wii\libogc.a(lwp_threads.o)
                0x8001c800                __lwp_thread_clearstate
 .text.__lwp_thread_suspend
                0x8001c8e4      0x17c D:/devkitpro/libogc/lib/wii\libogc.a(lwp_threads.o)
                0x8001c8e4                __lwp_thread_suspend
 .text.__lwp_thread_settransient
                0x8001ca60       0xb4 D:/devkitpro/libogc/lib/wii\libogc.a(lwp_threads.o)
                0x8001ca60                __lwp_thread_settransient
 .text.__lwp_thread_changepriority
                0x8001cb14      0x1f8 D:/devkitpro/libogc/lib/wii\libogc.a(lwp_threads.o)
                0x8001cb14                __lwp_thread_changepriority
 .text.__lwp_thread_resume
                0x8001cd0c      0x12c D:/devkitpro/libogc/lib/wii\libogc.a(lwp_threads.o)
                0x8001cd0c                __lwp_thread_resume
 .text.__lwp_thread_ready
                0x8001ce38       0xf0 D:/devkitpro/libogc/lib/wii\libogc.a(lwp_threads.o)
                0x8001ce38                __lwp_thread_ready
 .text.__lwp_thread_init
                0x8001cf28      0x160 D:/devkitpro/libogc/lib/wii\libogc.a(lwp_threads.o)
                0x8001cf28                __lwp_thread_init
 .text.__lwp_thread_close
                0x8001d088      0x144 D:/devkitpro/libogc/lib/wii\libogc.a(lwp_threads.o)
                0x8001d088                __lwp_thread_close
 .text.__lwp_thread_handler
                0x8001d1cc       0xc0 D:/devkitpro/libogc/lib/wii\libogc.a(lwp_threads.o)
 .text.__lwp_thread_closeall
                0x8001d28c       0xb4 D:/devkitpro/libogc/lib/wii\libogc.a(lwp_threads.o)
                0x8001d28c                __lwp_thread_closeall
 .text.__lwp_thread_start
                0x8001d340      0x13c D:/devkitpro/libogc/lib/wii\libogc.a(lwp_threads.o)
                0x8001d340                __lwp_thread_start
 .text.__lwp_thread_startmultitasking
                0x8001d47c       0xac D:/devkitpro/libogc/lib/wii\libogc.a(lwp_threads.o)
                0x8001d47c                __lwp_thread_startmultitasking
 .text.__lwp_thread_stopmultitasking
                0x8001d528       0x58 D:/devkitpro/libogc/lib/wii\libogc.a(lwp_threads.o)
                0x8001d528                __lwp_thread_stopmultitasking
 .text.__lwp_thread_coreinit
                0x8001d580       0xc8 D:/devkitpro/libogc/lib/wii\libogc.a(lwp_threads.o)
                0x8001d580                __lwp_thread_coreinit
 .text.idle_func
                0x8001d648        0x4 D:/devkitpro/libogc/lib/wii\libogc.a(lwp.o)
 .text.__lwp_sysinit
                0x8001d64c      0x114 D:/devkitpro/libogc/lib/wii\libogc.a(lwp.o)
                0x8001d64c                __lwp_sysinit
 .text.LWP_CreateThread
                0x8001d760      0x1b0 D:/devkitpro/libogc/lib/wii\libogc.a(lwp.o)
                0x8001d760                LWP_CreateThread
 .text.LWP_SuspendThread
                0x8001d910       0xc8 D:/devkitpro/libogc/lib/wii\libogc.a(lwp.o)
                0x8001d910                LWP_SuspendThread
 .text.LWP_ResumeThread
                0x8001d9d8       0xcc D:/devkitpro/libogc/lib/wii\libogc.a(lwp.o)
                0x8001d9d8                LWP_ResumeThread
 .text.LWP_GetSelf
                0x8001daa4       0x28 D:/devkitpro/libogc/lib/wii\libogc.a(lwp.o)
                0x8001daa4                LWP_GetSelf
 .text.LWP_JoinThread
                0x8001dacc      0x134 D:/devkitpro/libogc/lib/wii\libogc.a(lwp.o)
                0x8001dacc                LWP_JoinThread
 .text.LWP_InitQueue
                0x8001dc00      0x148 D:/devkitpro/libogc/lib/wii\libogc.a(lwp.o)
                0x8001dc00                LWP_InitQueue
 .text.LWP_CloseQueue
                0x8001dd48       0xd4 D:/devkitpro/libogc/lib/wii\libogc.a(lwp.o)
                0x8001dd48                LWP_CloseQueue
 .text.LWP_ThreadSleep
                0x8001de1c       0xf4 D:/devkitpro/libogc/lib/wii\libogc.a(lwp.o)
                0x8001de1c                LWP_ThreadSleep
 .text.LWP_ThreadBroadcast
                0x8001df10       0x88 D:/devkitpro/libogc/lib/wii\libogc.a(lwp.o)
                0x8001df10                LWP_ThreadBroadcast
 .text.LWP_ThreadSignal
                0x8001df98       0x74 D:/devkitpro/libogc/lib/wii\libogc.a(lwp.o)
                0x8001df98                LWP_ThreadSignal
 .text.__lwp_stack_allocate
                0x8001e00c       0x60 D:/devkitpro/libogc/lib/wii\libogc.a(lwp_stack.o)
                0x8001e00c                __lwp_stack_allocate
 .text.__lwp_stack_free
                0x8001e06c       0x1c D:/devkitpro/libogc/lib/wii\libogc.a(lwp_stack.o)
                0x8001e06c                __lwp_stack_free
 .text.__lwp_wd_settimer
                0x8001e088       0xdc D:/devkitpro/libogc/lib/wii\libogc.a(lwp_watchdog.o)
 .text.__lwp_watchdog_init
                0x8001e164       0x2c D:/devkitpro/libogc/lib/wii\libogc.a(lwp_watchdog.o)
                0x8001e164                __lwp_watchdog_init
 .text.__lwp_wd_insert
                0x8001e190      0x194 D:/devkitpro/libogc/lib/wii\libogc.a(lwp_watchdog.o)
                0x8001e190                __lwp_wd_insert
 .text.__lwp_wd_remove
                0x8001e324      0x134 D:/devkitpro/libogc/lib/wii\libogc.a(lwp_watchdog.o)
                0x8001e324                __lwp_wd_remove
 .text.__lwp_wd_tickle
                0x8001e458      0x120 D:/devkitpro/libogc/lib/wii\libogc.a(lwp_watchdog.o)
                0x8001e458                __lwp_wd_tickle
 .text.__lwp_wkspace_init
                0x8001e578       0xc0 D:/devkitpro/libogc/lib/wii\libogc.a(lwp_wkspace.o)
                0x8001e578                __lwp_wkspace_init
 .text.__lwp_objmgr_initinfo
                0x8001e638      0x1a0 D:/devkitpro/libogc/lib/wii\libogc.a(lwp_objmgr.o)
                0x8001e638                __lwp_objmgr_initinfo
 .text.__lwp_objmgr_getisrdisable
                0x8001e7d8       0x60 D:/devkitpro/libogc/lib/wii\libogc.a(lwp_objmgr.o)
                0x8001e7d8                __lwp_objmgr_getisrdisable
 .text.__lwp_objmgr_getnoprotection
                0x8001e838       0x24 D:/devkitpro/libogc/lib/wii\libogc.a(lwp_objmgr.o)
                0x8001e838                __lwp_objmgr_getnoprotection
 .text.__lwp_objmgr_get
                0x8001e85c       0x6c D:/devkitpro/libogc/lib/wii\libogc.a(lwp_objmgr.o)
                0x8001e85c                __lwp_objmgr_get
 .text.__lwp_objmgr_allocate
                0x8001e8c8       0x88 D:/devkitpro/libogc/lib/wii\libogc.a(lwp_objmgr.o)
                0x8001e8c8                __lwp_objmgr_allocate
 .text.__lwp_objmgr_free
                0x8001e950       0x60 D:/devkitpro/libogc/lib/wii\libogc.a(lwp_objmgr.o)
                0x8001e950                __lwp_objmgr_free
 .text.__lwp_heap_init
                0x8001e9b0       0xa4 D:/devkitpro/libogc/lib/wii\libogc.a(lwp_heap.o)
                0x8001e9b0                __lwp_heap_init
 .text.__lwp_heap_allocate
                0x8001ea54      0x168 D:/devkitpro/libogc/lib/wii\libogc.a(lwp_heap.o)
                0x8001ea54                __lwp_heap_allocate
 .text.__lwp_heap_free
                0x8001ebbc      0x188 D:/devkitpro/libogc/lib/wii\libogc.a(lwp_heap.o)
                0x8001ebbc                __lwp_heap_free
 .text.__SetInterrupts
                0x8001ed44      0x268 D:/devkitpro/libogc/lib/wii\libogc.a(irq.o)
 .text.c_irqdispatcher
                0x8001efac      0x26c D:/devkitpro/libogc/lib/wii\libogc.a(irq.o)
                0x8001efac                c_irqdispatcher
 .text.__UnmaskIrq
                0x8001f218       0x84 D:/devkitpro/libogc/lib/wii\libogc.a(irq.o)
                0x8001f218                __UnmaskIrq
 .text.__MaskIrq
                0x8001f29c       0x84 D:/devkitpro/libogc/lib/wii\libogc.a(irq.o)
                0x8001f29c                __MaskIrq
 .text.__irq_init
                0x8001f320       0x84 D:/devkitpro/libogc/lib/wii\libogc.a(irq.o)
                0x8001f320                __irq_init
 .text.IRQ_Request
                0x8001f3a4       0x50 D:/devkitpro/libogc/lib/wii\libogc.a(irq.o)
                0x8001f3a4                IRQ_Request
 .text.IRQ_GetHandler
                0x8001f3f4       0x44 D:/devkitpro/libogc/lib/wii\libogc.a(irq.o)
                0x8001f3f4                IRQ_GetHandler
 .text.IRQ_Disable
                0x8001f438       0x1c D:/devkitpro/libogc/lib/wii\libogc.a(irq.o)
                0x8001f438                IRQ_Disable
 .text.IRQ_Restore
                0x8001f454       0x1c D:/devkitpro/libogc/lib/wii\libogc.a(irq.o)
                0x8001f454                IRQ_Restore
 .text.__lwp_sema_init
                0x8001f470       0x14 D:/devkitpro/libogc/lib/wii\libogc.a(semaphore.o)
                0x8001f470                __lwp_sema_init
 .text.LWP_SemInit
                0x8001f484      0x15c D:/devkitpro/libogc/lib/wii\libogc.a(semaphore.o)
                0x8001f484                LWP_SemInit
 .text.LWP_SemWait
                0x8001f5e0       0xd8 D:/devkitpro/libogc/lib/wii\libogc.a(semaphore.o)
                0x8001f5e0                LWP_SemWait
 .text.LWP_SemPost
                0x8001f6b8       0x90 D:/devkitpro/libogc/lib/wii\libogc.a(semaphore.o)
                0x8001f6b8                LWP_SemPost
 .text.LWP_SemDestroy
                0x8001f748       0xd8 D:/devkitpro/libogc/lib/wii\libogc.a(semaphore.o)
                0x8001f748                LWP_SemDestroy
 .text.__VISendI2CData.constprop.0.isra.0
                0x8001f820      0x418 D:/devkitpro/libogc/lib/wii\libogc.a(video.o)
 .text.__setFbbRegs.constprop.0
                0x8001fc38      0x190 D:/devkitpro/libogc/lib/wii\libogc.a(video.o)
 .text.__VISetYUVSEL
                0x8001fdc8       0xb8 D:/devkitpro/libogc/lib/wii\libogc.a(video.o)
 .text.__VIClearFramebuffer
                0x8001fe80       0x48 D:/devkitpro/libogc/lib/wii\libogc.a(video.o)
                0x8001fe80                __VIClearFramebuffer
 .text.VIDEO_Configure
                0x8001fec8      0x5dc D:/devkitpro/libogc/lib/wii\libogc.a(video.o)
                0x8001fec8                VIDEO_Configure
 .text.VIDEO_WaitVSync
                0x800204a4       0x74 D:/devkitpro/libogc/lib/wii\libogc.a(video.o)
                0x800204a4                VIDEO_WaitVSync
 .text.VIDEO_SetFramebuffer
                0x80020518       0xd0 D:/devkitpro/libogc/lib/wii\libogc.a(video.o)
                0x80020518                VIDEO_SetFramebuffer
 .text.VIDEO_SetNextFramebuffer
                0x800205e8       0x70 D:/devkitpro/libogc/lib/wii\libogc.a(video.o)
                0x800205e8                VIDEO_SetNextFramebuffer
 .text.VIDEO_Flush
                0x80020658       0xf4 D:/devkitpro/libogc/lib/wii\libogc.a(video.o)
                0x80020658                VIDEO_Flush
 .text.VIDEO_SetBlack
                0x8002074c      0x15c D:/devkitpro/libogc/lib/wii\libogc.a(video.o)
                0x8002074c                VIDEO_SetBlack
 .text.VIDEO_GetCurrentTvMode
                0x800208a8       0x78 D:/devkitpro/libogc/lib/wii\libogc.a(video.o)
                0x800208a8                VIDEO_GetCurrentTvMode
 .text.__VIRetraceHandler
                0x80020920      0x284 D:/devkitpro/libogc/lib/wii\libogc.a(video.o)
 .text.__VISetupEncoder
                0x80020ba4      0x288 D:/devkitpro/libogc/lib/wii\libogc.a(video.o)
 .text.VIDEO_Init
                0x80020e2c      0x3cc D:/devkitpro/libogc/lib/wii\libogc.a(video.o)
                0x80020e2c                VIDEO_Init
 .text.VIDEO_GetPreferredMode
                0x800211f8      0x108 D:/devkitpro/libogc/lib/wii\libogc.a(video.o)
                0x800211f8                VIDEO_GetPreferredMode
 .text.VIDEO_GetCurrentLine
                0x80021300       0x9c D:/devkitpro/libogc/lib/wii\libogc.a(video.o)
                0x80021300                VIDEO_GetCurrentLine
 .text.VIDEO_GetFrameBufferSize
                0x8002139c       0x34 D:/devkitpro/libogc/lib/wii\libogc.a(video.o)
                0x8002139c                VIDEO_GetFrameBufferSize
 .text.__call_resetfuncs
                0x800213d0       0xbc D:/devkitpro/libogc/lib/wii\libogc.a(system.o)
 .text.__MEMInterruptHandler
                0x8002148c       0x14 D:/devkitpro/libogc/lib/wii\libogc.a(system.o)
 .text.__RSWDefaultHandler
                0x800214a0        0x4 D:/devkitpro/libogc/lib/wii\libogc.a(system.o)
 .text.__POWDefaultHandler
                0x800214a4        0x4 D:/devkitpro/libogc/lib/wii\libogc.a(system.o)
 .text.__getrtc
                0x800214a8      0x14c D:/devkitpro/libogc/lib/wii\libogc.a(system.o)
 .text.__sram_write
                0x800215f4      0x144 D:/devkitpro/libogc/lib/wii\libogc.a(system.o)
 .text.__sram_writecallback
                0x80021738       0x54 D:/devkitpro/libogc/lib/wii\libogc.a(system.o)
 .text.__mem_onreset
                0x8002178c       0x48 D:/devkitpro/libogc/lib/wii\libogc.a(system.o)
 .text.__unlocksram
                0x800217d4      0x130 D:/devkitpro/libogc/lib/wii\libogc.a(system.o)
 .text.__sys_alarmhandler
                0x80021904      0x14c D:/devkitpro/libogc/lib/wii\libogc.a(system.o)
 .text.__syscall_malloc_lock
                0x80021a50        0x4 D:/devkitpro/libogc/lib/wii\libogc.a(system.o)
                0x80021a50                __syscall_malloc_lock
 .text.__syscall_malloc_unlock
                0x80021a54        0x4 D:/devkitpro/libogc/lib/wii\libogc.a(system.o)
                0x80021a54                __syscall_malloc_unlock
 .text.__syscall_gettod_r
                0x80021a58        0x4 D:/devkitpro/libogc/lib/wii\libogc.a(system.o)
                0x80021a58                __syscall_gettod_r
 .text.__SYS_GetRTC
                0x80021a5c       0x98 D:/devkitpro/libogc/lib/wii\libogc.a(system.o)
                0x80021a5c                __SYS_GetRTC
 .text.__SYS_SetBootTime
                0x80021af4       0xf4 D:/devkitpro/libogc/lib/wii\libogc.a(system.o)
                0x80021af4                __SYS_SetBootTime
 .text.__SYS_GetIPCBufferLo
                0x80021be8        0x8 D:/devkitpro/libogc/lib/wii\libogc.a(system.o)
                0x80021be8                __SYS_GetIPCBufferLo
 .text.__SYS_GetIPCBufferHi
                0x80021bf0        0x8 D:/devkitpro/libogc/lib/wii\libogc.a(system.o)
                0x80021bf0                __SYS_GetIPCBufferHi
 .text.SYS_DoPowerCB
                0x80021bf8       0xd0 D:/devkitpro/libogc/lib/wii\libogc.a(system.o)
                0x80021bf8                SYS_DoPowerCB
 .text.__STMEventHandler
                0x80021cc8       0xf4 D:/devkitpro/libogc/lib/wii\libogc.a(system.o)
 .text.__SYS_DisablePowerButton
                0x80021dbc       0x4c D:/devkitpro/libogc/lib/wii\libogc.a(system.o)
                0x80021dbc                __SYS_DisablePowerButton
 .text.__SYS_PreInit
                0x80021e08        0x4 D:/devkitpro/libogc/lib/wii\libogc.a(system.o)
                0x80021e08                __SYS_PreInit
 .text.SYS_PreMain
                0x80021e0c       0x7c D:/devkitpro/libogc/lib/wii\libogc.a(system.o)
                0x80021e0c                SYS_PreMain
 .text.SYS_ResetButtonDown
                0x80021e88       0x18 D:/devkitpro/libogc/lib/wii\libogc.a(system.o)
                0x80021e88                SYS_ResetButtonDown
 .text.SYS_ResetSystem
                0x80021ea0      0x1f8 D:/devkitpro/libogc/lib/wii\libogc.a(system.o)
                0x80021ea0                SYS_ResetSystem
 .text.__reload
                0x80022098       0x7c D:/devkitpro/libogc/lib/wii\libogc.a(system.o)
                0x80022098                __reload
 .text.__syscall_exit
                0x80022114       0x84 D:/devkitpro/libogc/lib/wii\libogc.a(system.o)
                0x80022114                __syscall_exit
 .text.SYS_RegisterResetFunc
                0x80022198       0x78 D:/devkitpro/libogc/lib/wii\libogc.a(system.o)
                0x80022198                SYS_RegisterResetFunc
 .text.SYS_SetArena1Lo
                0x80022210       0x38 D:/devkitpro/libogc/lib/wii\libogc.a(system.o)
                0x80022210                SYS_SetArena1Lo
 .text.SYS_GetArena1Lo
                0x80022248       0x38 D:/devkitpro/libogc/lib/wii\libogc.a(system.o)
                0x80022248                SYS_GetArena1Lo
 .text.SYS_GetArena1Hi
                0x80022280       0x38 D:/devkitpro/libogc/lib/wii\libogc.a(system.o)
                0x80022280                SYS_GetArena1Hi
 .text.SYS_SetArena2Lo
                0x800222b8       0x38 D:/devkitpro/libogc/lib/wii\libogc.a(system.o)
                0x800222b8                SYS_SetArena2Lo
 .text.SYS_GetArena2Lo
                0x800222f0       0x38 D:/devkitpro/libogc/lib/wii\libogc.a(system.o)
                0x800222f0                SYS_GetArena2Lo
 .text.SYS_SetArena2Hi
                0x80022328       0x38 D:/devkitpro/libogc/lib/wii\libogc.a(system.o)
                0x80022328                SYS_SetArena2Hi
 .text.SYS_GetArena2Hi
                0x80022360       0x38 D:/devkitpro/libogc/lib/wii\libogc.a(system.o)
                0x80022360                SYS_GetArena2Hi
 .text.SYS_AllocateFramebuffer
                0x80022398       0x28 D:/devkitpro/libogc/lib/wii\libogc.a(system.o)
                0x80022398                SYS_AllocateFramebuffer
 .text.SYS_CreateAlarm
                0x800223c0      0x104 D:/devkitpro/libogc/lib/wii\libogc.a(system.o)
                0x800223c0                SYS_CreateAlarm
 .text.SYS_SetAlarm
                0x800224c4      0x1e0 D:/devkitpro/libogc/lib/wii\libogc.a(system.o)
                0x800224c4                SYS_SetAlarm
 .text.SYS_SetPeriodicAlarm
                0x800226a4      0x258 D:/devkitpro/libogc/lib/wii\libogc.a(system.o)
                0x800226a4                SYS_SetPeriodicAlarm
 .text.SYS_RemoveAlarm
                0x800228fc      0x10c D:/devkitpro/libogc/lib/wii\libogc.a(system.o)
                0x800228fc                SYS_RemoveAlarm
 .text.SYS_CancelAlarm
                0x80022a08       0xbc D:/devkitpro/libogc/lib/wii\libogc.a(system.o)
                0x80022a08                SYS_CancelAlarm
 .text.SYS_GetWirelessID
                0x80022ac4       0x90 D:/devkitpro/libogc/lib/wii\libogc.a(system.o)
                0x80022ac4                SYS_GetWirelessID
 .text.SYS_SetWirelessID
                0x80022b54       0x90 D:/devkitpro/libogc/lib/wii\libogc.a(system.o)
                0x80022b54                SYS_SetWirelessID
 .text.SYS_SetGBSMode
                0x80022be4       0xa8 D:/devkitpro/libogc/lib/wii\libogc.a(system.o)
                0x80022be4                SYS_SetGBSMode
 .text.__sram_init
                0x80022c8c      0x1c0 D:/devkitpro/libogc/lib/wii\libogc.a(system.o)
                0x80022c8c                __sram_init
 .text.SYS_Init
                0x80022e4c      0x5b0 D:/devkitpro/libogc/lib/wii\libogc.a(system.o)
                0x80022e4c                SYS_Init
 .text.SYS_GetHollywoodRevision
                0x800233fc       0x3c D:/devkitpro/libogc/lib/wii\libogc.a(system.o)
                0x800233fc                SYS_GetHollywoodRevision
 .text.SYS_Time
                0x80023438       0x78 D:/devkitpro/libogc/lib/wii\libogc.a(system.o)
                0x80023438                SYS_Time
 .text.__lwp_cond_init
                0x800234b0       0x14 D:/devkitpro/libogc/lib/wii\libogc.a(cond.o)
                0x800234b0                __lwp_cond_init
 .text.__GX_InitRevBits
                0x800234c4       0x9c D:/devkitpro/libogc/lib/wii\libogc.a(gx.o)
 .text.__GXTokenInterruptHandler
                0x80023560       0x6c D:/devkitpro/libogc/lib/wii\libogc.a(gx.o)
 .text.__GXDefTexRegionCallback
                0x800235cc       0x7c D:/devkitpro/libogc/lib/wii\libogc.a(gx.o)
 .text.__GXDefTlutRegionCallback
                0x80023648       0x18 D:/devkitpro/libogc/lib/wii\libogc.a(gx.o)
 .text.__SetSURegs
                0x80023660       0x90 D:/devkitpro/libogc/lib/wii\libogc.a(gx.o)
 .text.__SETVCDATTR
                0x800236f0      0x230 D:/devkitpro/libogc/lib/wii\libogc.a(gx.o)
 .text.__SETVCDFMT
                0x80023920      0x4cc D:/devkitpro/libogc/lib/wii\libogc.a(gx.o)
 .text.__GXCPInterruptHandler
                0x80023dec      0x160 D:/devkitpro/libogc/lib/wii\libogc.a(gx.o)
 .text.__GXFinishInterruptHandler
                0x80023f4c       0x58 D:/devkitpro/libogc/lib/wii\libogc.a(gx.o)
 .text.GX_SetTexCoordGen2.part.0
                0x80023fa4      0x278 D:/devkitpro/libogc/lib/wii\libogc.a(gx.o)
 .text.GX_InitTexObj.part.0
                0x8002421c      0x1c4 D:/devkitpro/libogc/lib/wii\libogc.a(gx.o)
 .text.__GX_SetDirtyState
                0x800243e0      0x61c D:/devkitpro/libogc/lib/wii\libogc.a(gx.o)
 .text.GX_SetCPUFifo
                0x800249fc      0x20c D:/devkitpro/libogc/lib/wii\libogc.a(gx.o)
                0x800249fc                GX_SetCPUFifo
 .text.GX_SetGPFifo
                0x80024c08      0x250 D:/devkitpro/libogc/lib/wii\libogc.a(gx.o)
                0x80024c08                GX_SetGPFifo
 .text.GX_AbortFrame
                0x80024e58      0x374 D:/devkitpro/libogc/lib/wii\libogc.a(gx.o)
                0x80024e58                GX_AbortFrame
 .text.__gx_onreset
                0x800251cc       0x7c D:/devkitpro/libogc/lib/wii\libogc.a(gx.o)
 .text.GX_DrawDone
                0x80025248       0xfc D:/devkitpro/libogc/lib/wii\libogc.a(gx.o)
                0x80025248                GX_DrawDone
 .text.GX_SetViewport
                0x80025344       0x78 D:/devkitpro/libogc/lib/wii\libogc.a(gx.o)
                0x80025344                GX_SetViewport
 .text.GX_LoadProjectionMtx
                0x800253bc       0xf0 D:/devkitpro/libogc/lib/wii\libogc.a(gx.o)
                0x800253bc                GX_LoadProjectionMtx
 .text.GX_SetCopyClear
                0x800254ac       0x4c D:/devkitpro/libogc/lib/wii\libogc.a(gx.o)
                0x800254ac                GX_SetCopyClear
 .text.GX_SetDispCopyGamma
                0x800254f8       0x18 D:/devkitpro/libogc/lib/wii\libogc.a(gx.o)
                0x800254f8                GX_SetDispCopyGamma
 .text.GX_SetCopyFilter
                0x80025510      0x25c D:/devkitpro/libogc/lib/wii\libogc.a(gx.o)
                0x80025510                GX_SetCopyFilter
 .text.GX_SetDispCopyYScale
                0x8002576c       0xf8 D:/devkitpro/libogc/lib/wii\libogc.a(gx.o)
                0x8002576c                GX_SetDispCopyYScale
 .text.GX_SetDispCopyDst
                0x80025864       0x20 D:/devkitpro/libogc/lib/wii\libogc.a(gx.o)
                0x80025864                GX_SetDispCopyDst
 .text.GX_SetDispCopySrc
                0x80025884       0x38 D:/devkitpro/libogc/lib/wii\libogc.a(gx.o)
                0x80025884                GX_SetDispCopySrc
 .text.GX_CopyDisp
                0x800258bc      0x124 D:/devkitpro/libogc/lib/wii\libogc.a(gx.o)
                0x800258bc                GX_CopyDisp
 .text.GX_SetVtxDesc
                0x800259e0       0x34 D:/devkitpro/libogc/lib/wii\libogc.a(gx.o)
                0x800259e0                GX_SetVtxDesc
 .text.GX_SetVtxAttrFmt
                0x80025a14       0x54 D:/devkitpro/libogc/lib/wii\libogc.a(gx.o)
                0x80025a14                GX_SetVtxAttrFmt
 .text.GX_Begin
                0x80025a68       0x6c D:/devkitpro/libogc/lib/wii\libogc.a(gx.o)
                0x80025a68                GX_Begin
 .text.GX_SetTexCoordGen
                0x80025ad4       0x14 D:/devkitpro/libogc/lib/wii\libogc.a(gx.o)
                0x80025ad4                GX_SetTexCoordGen
 .text.GX_LoadPosMtxImm
                0x80025ae8       0x50 D:/devkitpro/libogc/lib/wii\libogc.a(gx.o)
                0x80025ae8                GX_LoadPosMtxImm
 .text.GX_SetNumTexGens
                0x80025b38       0x28 D:/devkitpro/libogc/lib/wii\libogc.a(gx.o)
                0x80025b38                GX_SetNumTexGens
 .text.GX_InvVtxCache
                0x80025b60       0x14 D:/devkitpro/libogc/lib/wii\libogc.a(gx.o)
                0x80025b60                GX_InvVtxCache
 .text.GX_SetZMode
                0x80025b74       0x38 D:/devkitpro/libogc/lib/wii\libogc.a(gx.o)
                0x80025b74                GX_SetZMode
 .text.GX_InitTexObj
                0x80025bac        0xc D:/devkitpro/libogc/lib/wii\libogc.a(gx.o)
                0x80025bac                GX_InitTexObj
 .text.GX_InitTexObjLOD
                0x80025bb8      0x238 D:/devkitpro/libogc/lib/wii\libogc.a(gx.o)
                0x80025bb8                GX_InitTexObjLOD
 .text.GX_LoadTexObjPreloaded
                0x80025df0      0x188 D:/devkitpro/libogc/lib/wii\libogc.a(gx.o)
                0x80025df0                GX_LoadTexObjPreloaded
 .text.GX_LoadTexObj
                0x80025f78       0x58 D:/devkitpro/libogc/lib/wii\libogc.a(gx.o)
                0x80025f78                GX_LoadTexObj
 .text.GX_InvalidateTexAll
                0x80025fd0       0x50 D:/devkitpro/libogc/lib/wii\libogc.a(gx.o)
                0x80025fd0                GX_InvalidateTexAll
 .text.GX_SetBlendMode
                0x80026020       0xd4 D:/devkitpro/libogc/lib/wii\libogc.a(gx.o)
                0x80026020                GX_SetBlendMode
 .text.GX_ClearVtxDesc
                0x800260f4       0x38 D:/devkitpro/libogc/lib/wii\libogc.a(gx.o)
                0x800260f4                GX_ClearVtxDesc
 .text.GX_SetTevColorIn
                0x8002612c       0x44 D:/devkitpro/libogc/lib/wii\libogc.a(gx.o)
                0x8002612c                GX_SetTevColorIn
 .text.GX_SetTevAlphaIn
                0x80026170       0x44 D:/devkitpro/libogc/lib/wii\libogc.a(gx.o)
                0x80026170                GX_SetTevAlphaIn
 .text.GX_SetTevColorOp
                0x800261b4       0x98 D:/devkitpro/libogc/lib/wii\libogc.a(gx.o)
                0x800261b4                GX_SetTevColorOp
 .text.GX_SetTevAlphaOp
                0x8002624c       0x98 D:/devkitpro/libogc/lib/wii\libogc.a(gx.o)
                0x8002624c                GX_SetTevAlphaOp
 .text.GX_SetTevOp
                0x800262e4      0x170 D:/devkitpro/libogc/lib/wii\libogc.a(gx.o)
                0x800262e4                GX_SetTevOp
 .text.GX_SetCullMode
                0x80026454       0x2c D:/devkitpro/libogc/lib/wii\libogc.a(gx.o)
                0x80026454                GX_SetCullMode
 .text.GX_SetScissor
                0x80026480       0x78 D:/devkitpro/libogc/lib/wii\libogc.a(gx.o)
                0x80026480                GX_SetScissor
 .text.GX_SetNumChans
                0x800264f8       0x28 D:/devkitpro/libogc/lib/wii\libogc.a(gx.o)
                0x800264f8                GX_SetNumChans
 .text.GX_SetTevOrder
                0x80026520      0x178 D:/devkitpro/libogc/lib/wii\libogc.a(gx.o)
                0x80026520                GX_SetTevOrder
 .text.GX_SetTevKColorSel
                0x80026698       0x54 D:/devkitpro/libogc/lib/wii\libogc.a(gx.o)
                0x80026698                GX_SetTevKColorSel
 .text.GX_SetTevKAlphaSel
                0x800266ec       0x54 D:/devkitpro/libogc/lib/wii\libogc.a(gx.o)
                0x800266ec                GX_SetTevKAlphaSel
 .text.GX_SetTevSwapModeTable
                0x80026740       0x64 D:/devkitpro/libogc/lib/wii\libogc.a(gx.o)
                0x80026740                GX_SetTevSwapModeTable
 .text.GX_SetFog
                0x800267a4      0x244 D:/devkitpro/libogc/lib/wii\libogc.a(gx.o)
                0x800267a4                GX_SetFog
 .text.GX_SetColorUpdate
                0x800269e8       0x30 D:/devkitpro/libogc/lib/wii\libogc.a(gx.o)
                0x800269e8                GX_SetColorUpdate
 .text.GX_SetAlphaUpdate
                0x80026a18       0x30 D:/devkitpro/libogc/lib/wii\libogc.a(gx.o)
                0x80026a18                GX_SetAlphaUpdate
 .text.GX_SetPixelFmt
                0x80026a48       0xe0 D:/devkitpro/libogc/lib/wii\libogc.a(gx.o)
                0x80026a48                GX_SetPixelFmt
 .text.GX_SetFieldMode
                0x80026b28       0x58 D:/devkitpro/libogc/lib/wii\libogc.a(gx.o)
                0x80026b28                GX_SetFieldMode
 .text.GX_SetGPMetric
                0x80026b80      0x7fc D:/devkitpro/libogc/lib/wii\libogc.a(gx.o)
                0x80026b80                GX_SetGPMetric
 .text.GX_Init  0x8002737c     0x1160 D:/devkitpro/libogc/lib/wii\libogc.a(gx.o)
                0x8002737c                GX_Init
 .text.GX_GetYScaleFactor
                0x800284dc      0x2c0 D:/devkitpro/libogc/lib/wii\libogc.a(gx.o)
                0x800284dc                GX_GetYScaleFactor
 .text.guOrtho  0x8002879c       0x98 D:/devkitpro/libogc/lib/wii\libogc.a(gu.o)
                0x8002879c                guOrtho
 .text.__decrementer_init
                0x80028834        0x4 D:/devkitpro/libogc/lib/wii\libogc.a(decrementer.o)
                0x80028834                __decrementer_init
 .text.c_decrementer_handler
                0x80028838        0xc D:/devkitpro/libogc/lib/wii\libogc.a(decrementer.o)
                0x80028838                c_decrementer_handler
 .text.__lwp_mqbox_init
                0x80028844       0x14 D:/devkitpro/libogc/lib/wii\libogc.a(message.o)
                0x80028844                __lwp_mqbox_init
 .text.__si_transfer
                0x80028858      0x1d0 D:/devkitpro/libogc/lib/wii\libogc.a(si.o)
 .text.__si_alarmhandler
                0x80028a28       0xa0 D:/devkitpro/libogc/lib/wii\libogc.a(si.o)
 .text.__si_completetransfer
                0x80028ac8      0x1fc D:/devkitpro/libogc/lib/wii\libogc.a(si.o)
 .text.__si_transfernext
                0x80028cc4       0xd8 D:/devkitpro/libogc/lib/wii\libogc.a(si.o)
 .text.SI_Busy  0x80028d9c       0x18 D:/devkitpro/libogc/lib/wii\libogc.a(si.o)
                0x80028d9c                SI_Busy
 .text.SI_IsChanBusy
                0x80028db4       0x38 D:/devkitpro/libogc/lib/wii\libogc.a(si.o)
                0x80028db4                SI_IsChanBusy
 .text.SI_SetXY
                0x80028dec       0x64 D:/devkitpro/libogc/lib/wii\libogc.a(si.o)
                0x80028dec                SI_SetXY
 .text.SI_EnablePolling
                0x80028e50       0x78 D:/devkitpro/libogc/lib/wii\libogc.a(si.o)
                0x80028e50                SI_EnablePolling
 .text.SI_DisablePolling
                0x80028ec8       0x58 D:/devkitpro/libogc/lib/wii\libogc.a(si.o)
                0x80028ec8                SI_DisablePolling
 .text.SI_SetSamplingRate
                0x80028f20       0xd8 D:/devkitpro/libogc/lib/wii\libogc.a(si.o)
                0x80028f20                SI_SetSamplingRate
 .text.SI_RefreshSamplingRate
                0x80028ff8        0x8 D:/devkitpro/libogc/lib/wii\libogc.a(si.o)
                0x80028ff8                SI_RefreshSamplingRate
 .text.SI_GetStatus
                0x80029000       0x78 D:/devkitpro/libogc/lib/wii\libogc.a(si.o)
                0x80029000                SI_GetStatus
 .text.SI_GetResponseRaw
                0x80029078       0xe8 D:/devkitpro/libogc/lib/wii\libogc.a(si.o)
                0x80029078                SI_GetResponseRaw
 .text.SI_GetResponse
                0x80029160       0xb8 D:/devkitpro/libogc/lib/wii\libogc.a(si.o)
                0x80029160                SI_GetResponse
 .text.SI_SetCommand
                0x80029218       0x10 D:/devkitpro/libogc/lib/wii\libogc.a(si.o)
                0x80029218                SI_SetCommand
 .text.SI_Transfer
                0x80029228      0x29c D:/devkitpro/libogc/lib/wii\libogc.a(si.o)
                0x80029228                SI_Transfer
 .text.__si_gettypecallback
                0x800294c4      0x2b8 D:/devkitpro/libogc/lib/wii\libogc.a(si.o)
 .text.__si_interrupthandler
                0x8002977c      0x278 D:/devkitpro/libogc/lib/wii\libogc.a(si.o)
 .text.SI_GetType
                0x800299f4      0x214 D:/devkitpro/libogc/lib/wii\libogc.a(si.o)
                0x800299f4                SI_GetType
 .text.SI_GetTypeAsync
                0x80029c08      0x13c D:/devkitpro/libogc/lib/wii\libogc.a(si.o)
                0x80029c08                SI_GetTypeAsync
 .text.SI_EnablePollingInterrupt
                0x80029d44       0x8c D:/devkitpro/libogc/lib/wii\libogc.a(si.o)
                0x80029d44                SI_EnablePollingInterrupt
 .text.SI_UnregisterPollingHandler
                0x80029dd0       0xf4 D:/devkitpro/libogc/lib/wii\libogc.a(si.o)
                0x80029dd0                SI_UnregisterPollingHandler
 .text.__si_init
                0x80029ec4       0xe0 D:/devkitpro/libogc/lib/wii\libogc.a(si.o)
                0x80029ec4                __si_init
 .text.TPL_GetTextureSize
                0x80029fa4       0x9c D:/devkitpro/libogc/lib/wii\libogc.a(tpl.o)
 .text.TPL_OpenTPLFromMemory
                0x8002a040       0xa4 D:/devkitpro/libogc/lib/wii\libogc.a(tpl.o)
                0x8002a040                TPL_OpenTPLFromMemory
 .text.TPL_GetTexture
                0x8002a0e4      0x1f8 D:/devkitpro/libogc/lib/wii\libogc.a(tpl.o)
                0x8002a0e4                TPL_GetTexture
 .text.__ipc_sendrequest.part.0
                0x8002a2dc       0xd8 D:/devkitpro/libogc/lib/wii\libogc.a(ipc.o)
 .text.__ipc_syncrequest
                0x8002a3b4       0xf4 D:/devkitpro/libogc/lib/wii\libogc.a(ipc.o)
 .text.__ioctlvfmtCB
                0x8002a4a8      0x158 D:/devkitpro/libogc/lib/wii\libogc.a(ipc.o)
 .text.__ios_ioctlvformat_parse
                0x8002a600      0x824 D:/devkitpro/libogc/lib/wii\libogc.a(ipc.o)
 .text.__ipc_asyncrequest
                0x8002ae24      0x144 D:/devkitpro/libogc/lib/wii\libogc.a(ipc.o)
 .text.__ipc_interrupthandler
                0x8002af68      0x384 D:/devkitpro/libogc/lib/wii\libogc.a(ipc.o)
 .text.iosCreateHeap
                0x8002b2ec      0x138 D:/devkitpro/libogc/lib/wii\libogc.a(ipc.o)
                0x8002b2ec                iosCreateHeap
 .text.iosAlloc
                0x8002b424       0x30 D:/devkitpro/libogc/lib/wii\libogc.a(ipc.o)
                0x8002b424                iosAlloc
 .text.iosFree  0x8002b454       0x28 D:/devkitpro/libogc/lib/wii\libogc.a(ipc.o)
                0x8002b454                iosFree
 .text.__IPC_ClntInit
                0x8002b47c       0xc4 D:/devkitpro/libogc/lib/wii\libogc.a(ipc.o)
                0x8002b47c                __IPC_ClntInit
 .text.IOS_Open
                0x8002b540      0x110 D:/devkitpro/libogc/lib/wii\libogc.a(ipc.o)
                0x8002b540                IOS_Open
 .text.IOS_Close
                0x8002b650       0xf0 D:/devkitpro/libogc/lib/wii\libogc.a(ipc.o)
                0x8002b650                IOS_Close
 .text.IOS_Read
                0x8002b740      0x10c D:/devkitpro/libogc/lib/wii\libogc.a(ipc.o)
                0x8002b740                IOS_Read
 .text.IOS_Write
                0x8002b84c      0x10c D:/devkitpro/libogc/lib/wii\libogc.a(ipc.o)
                0x8002b84c                IOS_Write
 .text.IOS_Ioctl
                0x8002b958      0x158 D:/devkitpro/libogc/lib/wii\libogc.a(ipc.o)
                0x8002b958                IOS_Ioctl
 .text.IOS_IoctlAsync
                0x8002bab0      0x148 D:/devkitpro/libogc/lib/wii\libogc.a(ipc.o)
                0x8002bab0                IOS_IoctlAsync
 .text.IOS_Ioctlv
                0x8002bbf8      0x1f0 D:/devkitpro/libogc/lib/wii\libogc.a(ipc.o)
                0x8002bbf8                IOS_Ioctlv
 .text.IOS_IoctlvAsync
                0x8002bde8      0x1d4 D:/devkitpro/libogc/lib/wii\libogc.a(ipc.o)
                0x8002bde8                IOS_IoctlvAsync
 .text.IOS_IoctlvFormat
                0x8002bfbc      0x170 D:/devkitpro/libogc/lib/wii\libogc.a(ipc.o)
                0x8002bfbc                IOS_IoctlvFormat
 .text.IOS_IoctlvReboot
                0x8002c12c      0x1f4 D:/devkitpro/libogc/lib/wii\libogc.a(ipc.o)
                0x8002c12c                IOS_IoctlvReboot
 .text.gettick  0x8002c320        0x8 D:/devkitpro/libogc/lib/wii\libogc.a(timesupp.o)
                0x8002c320                gettick
 .text.gettime  0x8002c328       0x18 D:/devkitpro/libogc/lib/wii\libogc.a(timesupp.o)
                0x8002c328                gettime
 .text.settime  0x8002c340       0x14 D:/devkitpro/libogc/lib/wii\libogc.a(timesupp.o)
                0x8002c340                settime
 .text.diff_usec
                0x8002c354       0x90 D:/devkitpro/libogc/lib/wii\libogc.a(timesupp.o)
                0x8002c354                diff_usec
 .text.__timesystem_init
                0x8002c3e4       0x1c D:/devkitpro/libogc/lib/wii\libogc.a(timesupp.o)
                0x8002c3e4                __timesystem_init
 .text.udelay   0x8002c400       0xb0 D:/devkitpro/libogc/lib/wii\libogc.a(timesupp.o)
                0x8002c400                udelay
 .text.__libogc_gettod_r
                0x8002c4b0       0xd4 D:/devkitpro/libogc/lib/wii\libogc.a(timesupp.o)
                0x8002c4b0                __libogc_gettod_r
 .text.__syscall_lock_init
                0x8002c584       0x6c D:/devkitpro/libogc/lib/wii\libogc.a(lock_supp.o)
                0x8002c584                __syscall_lock_init
 .text.__syscall_lock_init_recursive
                0x8002c5f0       0x6c D:/devkitpro/libogc/lib/wii\libogc.a(lock_supp.o)
                0x8002c5f0                __syscall_lock_init_recursive
 .text.__syscall_lock_close
                0x8002c65c       0x48 D:/devkitpro/libogc/lib/wii\libogc.a(lock_supp.o)
                0x8002c65c                __syscall_lock_close
 .text.__syscall_lock_acquire
                0x8002c6a4       0x18 D:/devkitpro/libogc/lib/wii\libogc.a(lock_supp.o)
                0x8002c6a4                __syscall_lock_acquire
 .text.__syscall_lock_release
                0x8002c6bc       0x18 D:/devkitpro/libogc/lib/wii\libogc.a(lock_supp.o)
                0x8002c6bc                __syscall_lock_release
 .text.__usbgecko_exi_unlock
                0x8002c6d4       0x34 D:/devkitpro/libogc/lib/wii\libogc.a(usbgecko.o)
 .text.usb_isgeckoalive
                0x8002c708      0x1c4 D:/devkitpro/libogc/lib/wii\libogc.a(usbgecko.o)
                0x8002c708                usb_isgeckoalive
 .text.usb_sendbuffer_ex
                0x8002c8cc      0x214 D:/devkitpro/libogc/lib/wii\libogc.a(usbgecko.o)
                0x8002c8cc                usb_sendbuffer_ex
 .text.usb_sendbuffer
                0x8002cae0        0x8 D:/devkitpro/libogc/lib/wii\libogc.a(usbgecko.o)
                0x8002cae0                usb_sendbuffer
 .text.usb_sendbuffer_safe_ex
                0x8002cae8      0x2ac D:/devkitpro/libogc/lib/wii\libogc.a(usbgecko.o)
                0x8002cae8                usb_sendbuffer_safe_ex
 .text.usb_sendbuffer_safe
                0x8002cd94        0x8 D:/devkitpro/libogc/lib/wii\libogc.a(usbgecko.o)
                0x8002cd94                usb_sendbuffer_safe
 .text._sbrk_r  0x8002cd9c      0x28c D:/devkitpro/libogc/lib/wii\libogc.a(sbrk.o)
                0x8002cd9c                _sbrk_r
 .text.__memlock_init
                0x8002d028       0x7c D:/devkitpro/libogc/lib/wii\libogc.a(malloc_lock.o)
                0x8002d028                __memlock_init
 .text.__libogc_malloc_lock
                0x8002d0a4      0x1f8 D:/devkitpro/libogc/lib/wii\libogc.a(malloc_lock.o)
                0x8002d0a4                __libogc_malloc_lock
 .text.__libogc_malloc_unlock
                0x8002d29c       0x64 D:/devkitpro/libogc/lib/wii\libogc.a(malloc_lock.o)
                0x8002d29c                __libogc_malloc_unlock
 .text.__STM_SetEventHook
                0x8002d300       0xb0 D:/devkitpro/libogc/lib/wii\libogc.a(stm.o)
                0x8002d300                __STM_SetEventHook
 .text.__STM_Init
                0x8002d3b0       0x8c D:/devkitpro/libogc/lib/wii\libogc.a(stm.o)
                0x8002d3b0                __STM_Init
 .text.__STMEventHandler
                0x8002d43c       0x64 D:/devkitpro/libogc/lib/wii\libogc.a(stm.o)
 .text.__STM_ReleaseEventHook
                0x8002d4a0       0x80 D:/devkitpro/libogc/lib/wii\libogc.a(stm.o)
                0x8002d4a0                __STM_ReleaseEventHook
 .text.__STM_Close
                0x8002d520       0xa8 D:/devkitpro/libogc/lib/wii\libogc.a(stm.o)
                0x8002d520                __STM_Close
 .text.STM_RegisterEventHandler
                0x8002d5c8       0x10 D:/devkitpro/libogc/lib/wii\libogc.a(stm.o)
                0x8002d5c8                STM_RegisterEventHandler
 .text.STM_ShutdownToStandby
                0x8002d5d8       0x50 D:/devkitpro/libogc/lib/wii\libogc.a(stm.o)