Archive member included to satisfy reference by file (symbol)

D:/devkitpro/libogc/lib/wii\libwiiuse.a(wpad.o)
                              main.o (WPAD_SetDataFormat)
D:/devkitpro/libogc/lib/wii\libwiiuse.a(motion_plus.o)
                              D:/devkitpro/libogc/lib/wii\libwiiuse.a(wpad.o) (wiiuse_set_motion_plus)
D:/devkitpro/libogc/lib/wii\libwiiuse.a(dynamics.o)
                              D:/devkitpro/libogc/lib/wii\libwiiuse.a(wpad.o) (calculate_gforce)
D:/devkitpro/libogc/lib/wii\libwiiuse.a(io.o)
                              D:/devkitpro/libogc/lib/wii\libwiiuse.a(motion_plus.o) (wiiuse_disable_expansion)
D:/devkitpro/libogc/lib/wii\libwiiuse.a(io_wii.o)
                              D:/devkitpro/libogc/lib/wii\libwiiuse.a(wpad.o) (__wiiuse_sensorbar_enable)
D:/devkitpro/libogc/lib/wii\libwiiuse.a(ir.o)
                              D:/devkitpro/libogc/lib/wii\libwiiuse.a(motion_plus.o) (wiiuse_set_ir_mode)
D:/devkitpro/libogc/lib/wii\libwiiuse.a(nunchuk.o)
                              D:/devkitpro/libogc/lib/wii\libwiiuse.a(io.o) (nunchuk_handshake)
D:/devkitpro/libogc/lib/wii\libwiiuse.a(wiiboard.o)
                              D:/devkitpro/libogc/lib/wii\libwiiuse.a(io.o) (wii_board_handshake)
D:/devkitpro/libogc/lib/wii\libwiiuse.a(wiiuse.o)
                              D:/devkitpro/libogc/lib/wii\libwiiuse.a(wpad.o) (wiiuse_init)
D:/devkitpro/libogc/lib/wii\libwiiuse.a(speaker.o)
                              D:/devkitpro/libogc/lib/wii\libwiiuse.a(wpad.o) (wencdata)
D:/devkitpro/libogc/lib/wii\libwiiuse.a(classic.o)
                              D:/devkitpro/libogc/lib/wii\libwiiuse.a(io.o) (classic_ctrl_handshake)
D:/devkitpro/libogc/lib/wii\libwiiuse.a(events.o)
                              D:/devkitpro/libogc/lib/wii\libwiiuse.a(io_wii.o) (parse_event)
D:/devkitpro/libogc/lib/wii\libwiiuse.a(guitar_hero_3.o)
                              D:/devkitpro/libogc/lib/wii\libwiiuse.a(io.o) (guitar_hero_3_handshake)
D:/devkitpro/libogc/lib/wii\libbte.a(bte.o)
                              D:/devkitpro/libogc/lib/wii\libwiiuse.a(wpad.o) (BTE_Init)
D:/devkitpro/libogc/lib/wii\libbte.a(hci.o)
                              D:/devkitpro/libogc/lib/wii\libbte.a(bte.o) (hci_init)
D:/devkitpro/libogc/lib/wii\libbte.a(l2cap.o)
                              D:/devkitpro/libogc/lib/wii\libbte.a(bte.o) (l2cap_init)
D:/devkitpro/libogc/lib/wii\libbte.a(btmemb.o)
                              D:/devkitpro/libogc/lib/wii\libbte.a(bte.o) (btmemb_init)
D:/devkitpro/libogc/lib/wii\libbte.a(btmemr.o)
                              D:/devkitpro/libogc/lib/wii\libbte.a(hci.o) (btmemr_init)
D:/devkitpro/libogc/lib/wii\libbte.a(btpbuf.o)
                              D:/devkitpro/libogc/lib/wii\libbte.a(hci.o) (btpbuf_init)
D:/devkitpro/libogc/lib/wii\libbte.a(physbusif.o)
                              D:/devkitpro/libogc/lib/wii\libbte.a(bte.o) (physbusif_init)
D:/devkitpro/libogc/lib/wii\libogc.a(console.o)
                              main.o (CON_Init)
D:/devkitpro/libogc/lib/wii\libogc.a(lwp_queue.o)
                              D:/devkitpro/libogc/lib/wii\libwiiuse.a(io_wii.o) (__lwp_queue_initialize)
D:/devkitpro/libogc/lib/wii\libogc.a(lwp_threads.o)
                              D:/devkitpro/libogc/lib/wii\libwiiuse.a(wpad.o) (_thread_dispatch_disable_level)
D:/devkitpro/libogc/lib/wii\libogc.a(lwp.o)
                              D:/devkitpro/libogc/lib/wii\libwiiuse.a(wpad.o) (LWP_CreateThread)
D:/devkitpro/libogc/lib/wii\libogc.a(lwp_handler.o)
                              D:/devkitpro/libogc/lib/wii\libogc.a(lwp_threads.o) (_cpu_context_save_fp)
D:/devkitpro/libogc/lib/wii\libogc.a(lwp_stack.o)
                              D:/devkitpro/libogc/lib/wii\libogc.a(lwp_threads.o) (__lwp_stack_allocate)
D:/devkitpro/libogc/lib/wii\libogc.a(lwp_watchdog.o)
                              D:/devkitpro/libogc/lib/wii\libogc.a(lwp_threads.o) (_wd_ticks_queue)
D:/devkitpro/libogc/lib/wii\libogc.a(lwp_wkspace.o)
                              D:/devkitpro/libogc/lib/wii\libwiiuse.a(motion_plus.o) (__wkspace_heap)
D:/devkitpro/libogc/lib/wii\libogc.a(lwp_objmgr.o)
                              D:/devkitpro/libogc/lib/wii\libogc.a(lwp.o) (__lwp_objmgr_initinfo)
D:/devkitpro/libogc/lib/wii\libogc.a(lwp_heap.o)
                              D:/devkitpro/libogc/lib/wii\libogc.a(lwp_wkspace.o) (__lwp_heap_init)
D:/devkitpro/libogc/lib/wii\libogc.a(sys_state.o)
                              D:/devkitpro/libogc/lib/wii\libogc.a(lwp_threads.o) (_sys_state_curr)
D:/devkitpro/libogc/lib/wii\libogc.a(irq.o)
                              D:/devkitpro/libogc/lib/wii\libwiiuse.a(io_wii.o) (IRQ_Disable)
D:/devkitpro/libogc/lib/wii\libogc.a(semaphore.o)
                              D:/devkitpro/libogc/lib/wii\libwiiuse.a(wpad.o) (LWP_SemInit)
D:/devkitpro/libogc/lib/wii\libogc.a(video.o)
                              D:/devkitpro/libogc/lib/wii\libogc.a(console.o) (VIDEO_GetCurrentFramebuffer)
[...]
Memory Configuration

Name             Origin             Length             Attributes
*default*        0x00000000         0xffffffff

Linker script and memory map

                0x00003400                        . = 0x3400

.stub
 *(.stub)
                0x80004000                        . = 0x80004000

.init           0x80004000      0x194
 *crt0.o(*.init)
 .init          0x80004000      0x170 D:/devkitpro/libogc/lib/wii\libogc.a(ogc_crt0.o)
                0x80004000                _start
                0x80004140                _memset
 *(.init)
 .init          0x80004170        0xc D:/devkitpro/devkitPPC/bin/../lib/gcc/powerpc-eabi/15.2.0/ecrti.o
                0x80004170                __init
 .init          0x8000417c        0x4 D:/devkitpro/devkitPPC/bin/../lib/gcc/powerpc-eabi/15.2.0/crtbegin.o
 .init          0x80004180        0x4 D:/devkitpro/devkitPPC/bin/../lib/gcc/powerpc-eabi/15.2.0/crtend.o
 .init          0x80004184       0x10 D:/devkitpro/devkitPPC/bin/../lib/gcc/powerpc-eabi/15.2.0/ecrtn.o

.rela.dyn       0x80004194        0x0
 .rela.iplt     0x80004194        0x0 D:/devkitpro/devkitPPC/bin/../lib/gcc/powerpc-eabi/15.2.0/crtbegin.o

.plt
 *(.plt)

.interp
 *(.interp)

.hash
 *(.hash)

.dynsym
 *(.dynsym)

.dynstr
 *(.dynstr)

.gnu.version
 *(.gnu.version)

.gnu.version_d
 *(.gnu.version_d)

.gnu.version_r
 *(.gnu.version_r)

.rel.init
 *(.rel.init)

.rela.init
 *(.rela.init)

.rel.text
 *(.rel.text .rel.text.* .rel.gnu.linkonce.t.*)

.rela.text      0x80004194        0x0
 *(.rela.text .rela.text.* .rela.gnu.linkonce.t.*)
 .rela.text.__do_global_dtors_aux
                0x80004194        0x0 D:/devkitpro/devkitPPC/bin/../lib/gcc/powerpc-eabi/15.2.0/crtbegin.o
 .rela.text.frame_dummy
                0x80004194        0x0 D:/devkitpro/devkitPPC/bin/../lib/gcc/powerpc-eabi/15.2.0/crtbegin.o
 .rela.text.unlikely.abort
                0x80004194        0x0 D:/devkitpro/devkitPPC/bin/../lib/gcc/powerpc-eabi/15.2.0/crtbegin.o
 .rela.text.__assert_func
                0x80004194        0x0 D:/devkitpro/devkitPPC/bin/../lib/gcc/powerpc-eabi/15.2.0/crtbegin.o

.rel.fini
 *(.rel.fini)

.rela.fini
 *(.rela.fini)

.rel.rodata
 *(.rel.rodata .rel.rodata.* .rel.gnu.linkonce.r.*)

.rela.rodata
 *(.rela.rodata .rela.rodata.* .rela.gnu.linkonce.r.*)

.rel.data
 *(.rel.data .rel.data.* .rel.gnu.linkonce.d.*)

.rela.data
 *(.rela.data .rela.data.* .rela.gnu.linkonce.d.*)

.rel.tdata
 *(.rel.tdata .rel.tdata.* .rel.gnu.linkonce.td.*)

.rela.tdata
 *(.rela.tdata .rela.tdata.* .rela.gnu.linkonce.td.*)

.rel.tbss
 *(.rel.tbss .rel.tbss.* .rel.gnu.linkonce.tb.*)

.rela.tbss
 *(.rela.tbss .rela.tbss.* .rela.gnu.linkonce.tb.*)

.rel.ctors
 *(.rel.ctors)

.rela.ctors
 *(.rela.ctors)

.rel.dtors
 *(.rel.dtors)

.rela.dtors
 *(.rela.dtors)

.rel.got
 *(.rel.got)

.rela.got
 *(.rela.got)

.rela.got1
 *(.rela.got1)

.rela.got2
 *(.rela.got2)

.rel.sdata
 *(.rel.sdata .rel.sdata.* .rel.gnu.linkonce.s.*)

.rela.sdata
 *(.rela.sdata .rela.sdata.* .rela.gnu.linkonce.s.*)

.rel.sbss
 *(.rel.sbss .rel.sbss.* .rel.gnu.linkonce.sb.*)

.rela.sbss
 *(.rela.sbss .rela.sbss.* .rel.gnu.linkonce.sb.*)

.rel.sdata2
 *(.rel.sdata2 .rel.sdata2.* .rel.gnu.linkonce.s2.*)

.rela.sdata2
 *(.rela.sdata2 .rela.sdata2.* .rela.gnu.linkonce.s2.*)

.rel.sbss2
 *(.rel.sbss2 .rel.sbss2.* .rel.gnu.linkonce.sb2.*)

.rela.sbss2
 *(.rela.sbss2 .rela.sbss2.* .rela.gnu.linkonce.sb2.*)

.rel.bss
 *(.rel.bss .rel.bss.* .rel.gnu.linkonce.b.*)

.rela.bss
 *(.rela.bss .rela.bss.* .rela.gnu.linkonce.b.*)

.rel.plt
 *(.rel.plt)

.rela.plt
 *(.rela.plt)

.text           0x800041a0    0x49f00
 *(.text)
 .text          0x800041a0      0x44c D:/devkitpro/libogc/lib/wii\libogc.a(lwp_handler.o)
                0x800041a0                _cpu_context_save_fp
                0x800042e0                _cpu_context_restore_fp
                0x80004420                _cpu_context_switch
                0x80004500                _cpu_context_save
                0x80004580                _cpu_context_restore
 .text          0x800045ec      0x46c D:/devkitpro/libogc/lib/wii\libogc.a(system_asm.o)
                0x800045ec                __realmode
                0x80004604                __configBATS
                0x80004734                __InitFPRS
                0x80004860                __InitPS
                0x800048bc                __InitCache
                0x80004914                __InitSystem
                0x8000499c                __reset
                0x80004a0c                __InitBATS
                0x80004a28                SYS_SwitchFiber
 .text          0x80004a58      0x8dc D:/devkitpro/libogc/lib/wii\libogc.a(gu_psasm.o)
                0x80004a58                ps_guMtxConcat
                0x80004b1c                ps_guMtxIdentity
                0x80004b48                ps_guMtxCopy
                0x80004b7c                ps_guMtxTranspose
                0x80004bcc                ps_guMtxInverse
                0x80004cc4                ps_guMtxInvXpose
                0x80004d8c                ps_guMtxScale
                0x80004db4                ps_guMtxScaleApply
                0x80004e0c                ps_guMtxApplyScale
                0x80004e70                ps_guMtxTrans
                0x80004ea4                ps_guMtxTransApply
                0x80004ef0                ps_guMtxApplyTrans
                0x80004f6c                ps_guMtxRotTrig
                0x8000501c                __ps_guMtxRotAxisRadInternal
                0x800050dc                ps_guMtxReflect
                0x8000514c                ps_guVecAdd
                0x80005170                ps_guVecSub
                0x80005194                ps_guVecScale
                0x800051b0                ps_guVecNormalize
                0x800051f4                ps_guVecCross
                0x80005230                ps_guVecDotProduct
                0x80005250                ps_guVecMultiply
                0x800052a4                ps_guVecMultiplySR
                0x80005314                ps_guQuatDotProduct
 .text          0x80005334      0x1ac D:/devkitpro/libogc/lib/wii\libogc.a(irq_handler.o)
                0x80005334                irq_exceptionhandler
 .text          0x800054e0      0x4f4 D:/devkitpro/libogc/lib/wii\libogc.a(cache_asm.o)
                0x800054e0                DCFlashInvalidate
                0x800054f4                DCEnable
                0x80005508                DCDisable
                0x8000551c                DCFreeze
                0x80005530                DCUnfreeze
                0x80005544                DCTouchLoad
                0x8000554c                DCBlockZero
                0x80005554                DCBlockStore
                0x8000555c                DCBlockFlush
                0x80005564                DCBlockInvalidate
                0x8000556c                DCInvalidateRange
                0x8000559c                DCFlushRange
                0x800055d0                DCStoreRange
                0x80005604                DCFlushRangeNoSync
                0x80005634                DCStoreRangeNoSync
                0x80005664                DCZeroRange
                0x80005694                DCTouchRange
                0x800056c4                ICInvalidateRange
                0x800056fc                ICFlashInvalidate
                0x80005710                ICEnable
                0x80005724                ICDisable
                0x80005738                ICFreeze
                0x8000574c                ICUnfreeze
                0x80005760                ICBlockInvalidate
                0x80005768                ICSync
                0x80005770                L2Init
                0x800057b8                L2Enable
                0x800057d4                L2Disable
                0x800057ec                L2GlobalInvalidate
                0x80005844                __LCEnable
                0x80005910                LCDisable
                0x80005938                LCAllocOneTag
                0x8000594c                LCAllocTags
                0x8000598c                LCLoadBlocks
                0x800059b0                LCStoreBlocks
 .text          0x800059d4      0x1ac D:/devkitpro/libogc/lib/wii\libogc.a(decrementer_handler.o)
                0x800059d4                dec_exceptionhandler
 .text          0x80005b80      0x35c D:/devkitpro/libogc/lib/wii\libogc.a(exception_handler.o)
                0x80005b80                exceptionhandler_start
                0x80005bfc                exceptionhandler_patch
                0x80005c30                exceptionhandler_end
                0x80005c34                default_exceptionhandler
                0x80005d64                fpu_exceptionhandler
                0x80005eac                systemcallhandler_start
                0x80005ed8                systemcallhandler_end
 .text          0x80005edc       0x48 D:/devkitpro/devkitPPC/bin/../lib/gcc/powerpc-eabi/15.2.0\libgcc.a(eabi.o)
                0x80005edc                __eabi
 .text          0x80005f24       0x58 D:/devkitpro/devkitPPC/bin/../lib/gcc/powerpc-eabi/15.2.0\libgcc.a(crtresxgpr.o)
                0x80005f24                _restgpr_14_x
                0x80005f28                _restgpr_15_x
                0x80005f2c                _restgpr_16_x
                0x80005f30                _restgpr_17_x
                0x80005f34                _restgpr_18_x
                0x80005f38                _restgpr_19_x
                0x80005f3c                _restgpr_20_x
                0x80005f40                _restgpr_21_x
                0x80005f44                _restgpr_22_x
                0x80005f48                _restgpr_23_x
                0x80005f4c                _restgpr_24_x
                0x80005f50                _restgpr_25_x
                0x80005f54                _restgpr_26_x
                0x80005f58                _restgpr_27_x
                0x80005f5c                _restgpr_28_x
                0x80005f60                _restgpr_29_x
                0x80005f64                _restgpr_30_x
                0x80005f68                _restgpr_31_x
 *(.text.*)
 .text.__do_global_dtors_aux
                0x80005f7c       0xcc D:/devkitpro/devkitPPC/bin/../lib/gcc/powerpc-eabi/15.2.0/crtbegin.o
 .text.frame_dummy
                0x80006048       0x24 D:/devkitpro/devkitPPC/bin/../lib/gcc/powerpc-eabi/15.2.0/crtbegin.o
 .text.__crtmain
                0x8000606c       0x40 D:/devkitpro/devkitPPC/bin/../lib/gcc/powerpc-eabi/15.2.0/../../../../powerpc-eabi/lib/crtmain.o
                0x80006070                __crtmain
 .text.drawSquareSprite
                0x800060ac      0x210 main.o
                0x800060ac                drawSquareSprite
 .text.drawLine
                0x800062bc      0x168 main.o
                0x800062bc                drawLine
 .text.pointLineOverlap
                0x80006424       0xc4 main.o
                0x80006424                pointLineOverlap
 .text.lineCircleOverlap
                0x800064e8      0x170 main.o
                0x800064e8                lineCircleOverlap
 .text.startup.main
                0x80006658     0x1498 main.o
                0x80006658                main
 .text.__wpad_setevtfilter_finished
                0x80007af0       0x74 D:/devkitpro/libogc/lib/wii\libwiiuse.a(wpad.o)
 .text.__wpad_disconnectCB
                0x80007b64      0x1bc D:/devkitpro/libogc/lib/wii\libwiiuse.a(wpad.o)
                0x80007b64                __wpad_disconnectCB
 .text.__wpad_hostsyncbuttonCB
                0x80007d20       0x90 D:/devkitpro/libogc/lib/wii\libwiiuse.a(wpad.o)
 .text.__wpad_assign_slot
                0x80007db0      0x188 D:/devkitpro/libogc/lib/wii\libwiiuse.a(wpad.o)
                0x80007db0                __wpad_assign_slot
 .text.__wpad_register_new
                0x80007f38      0x46c D:/devkitpro/libogc/lib/wii\libwiiuse.a(wpad.o)
                0x80007f38                __wpad_register_new
 .text.__wpad_def_powcb
                0x800083a4        0x4 D:/devkitpro/libogc/lib/wii\libwiiuse.a(wpad.o)
 .text.__wpad_read_remote_name_finished
                0x800083a8      0x274 D:/devkitpro/libogc/lib/wii\libwiiuse.a(wpad.o)
                0x800083a8                __wpad_read_remote_name_finished
 .text.__wpad_inquiry_finished
                0x8000861c      0x124 D:/devkitpro/libogc/lib/wii\libwiiuse.a(wpad.o)
                0x8000861c                __wpad_inquiry_finished
 .text.__wpad_confsave_thread_func
                0x80008740       0x58 D:/devkitpro/libogc/lib/wii\libwiiuse.a(wpad.o)
 .text.__initcore_finished
                0x80008798       0xa4 D:/devkitpro/libogc/lib/wii\libwiiuse.a(wpad.o)
 .text.__readlinkkey_finished
                0x8000883c      0x138 D:/devkitpro/libogc/lib/wii\libwiiuse.a(wpad.o)
 .text.__wpad_patch_finished
                0x80008974       0x90 D:/devkitpro/libogc/lib/wii\libwiiuse.a(wpad.o)
 .text.__wpad_init_finished
                0x80008a04       0x9c D:/devkitpro/libogc/lib/wii\libwiiuse.a(wpad.o)
 .text.__wpad_linkkeynotCB
                0x80008aa0      0x320 D:/devkitpro/libogc/lib/wii\libwiiuse.a(wpad.o)
 .text.__wpad_linkkeyreqCB
                0x80008dc0      0x16c D:/devkitpro/libogc/lib/wii\libwiiuse.a(wpad.o)
 .text.__wpad_connreqCB
                0x80008f2c      0x370 D:/devkitpro/libogc/lib/wii\libwiiuse.a(wpad.o)
 .text.__wpad_setfmt
                0x8000929c      0x14c D:/devkitpro/libogc/lib/wii\libwiiuse.a(wpad.o)
 .text.__wpad_eventCB
                0x800093e8      0xbf4 D:/devkitpro/libogc/lib/wii\libwiiuse.a(wpad.o)
 .text.__wpad_timeouthandler
                0x80009fdc       0xfc D:/devkitpro/libogc/lib/wii\libwiiuse.a(wpad.o)
 .text.WPAD_WipeSavedControllers
                0x8000a0d8      0x140 D:/devkitpro/libogc/lib/wii\libwiiuse.a(wpad.o)
                0x8000a0d8                WPAD_WipeSavedControllers
 .text.__wpad_def_hostsynccb
                0x8000a218       0x78 D:/devkitpro/libogc/lib/wii\libwiiuse.a(wpad.o)
 .text.WPAD_ReadEvent
                0x8000a290      0x6a8 D:/devkitpro/libogc/lib/wii\libwiiuse.a(wpad.o)
                0x8000a290                WPAD_ReadEvent
 .text.WPAD_ReadPending
                0x8000a938      0x1b4 D:/devkitpro/libogc/lib/wii\libwiiuse.a(wpad.o)
                0x8000a938                WPAD_ReadPending
 .text.WPAD_SetDataFormat
                0x8000aaec      0x178 D:/devkitpro/libogc/lib/wii\libwiiuse.a(wpad.o)
                0x8000aaec                WPAD_SetDataFormat
 .text.WPAD_Shutdown
                0x8000ac64      0x134 D:/devkitpro/libogc/lib/wii\libwiiuse.a(wpad.o)
                0x8000ac64                WPAD_Shutdown
 .text.WPAD_Init
                0x8000ad98      0x360 D:/devkitpro/libogc/lib/wii\libwiiuse.a(wpad.o)
                0x8000ad98                WPAD_Init
 .text.__wpad_onreset
                0x8000b0f8       0x34 D:/devkitpro/libogc/lib/wii\libwiiuse.a(wpad.o)
 .text.WPAD_ScanPads
                0x8000b12c       0x7c D:/devkitpro/libogc/lib/wii\libwiiuse.a(wpad.o)
                0x8000b12c                WPAD_ScanPads
 .text.WPAD_Data
                0x8000b1a8       0x24 D:/devkitpro/libogc/lib/wii\libwiiuse.a(wpad.o)
                0x8000b1a8                WPAD_Data
 .text.WPAD_ButtonsUp
                0x8000b1cc       0x28 D:/devkitpro/libogc/lib/wii\libwiiuse.a(wpad.o)
                0x8000b1cc                WPAD_ButtonsUp
 .text.WPAD_ButtonsDown
                0x8000b1f4       0x28 D:/devkitpro/libogc/lib/wii\libwiiuse.a(wpad.o)
                0x8000b1f4                WPAD_ButtonsDown
 .text.WPAD_ButtonsHeld
                0x8000b21c       0x28 D:/devkitpro/libogc/lib/wii\libwiiuse.a(wpad.o)
                0x8000b21c                WPAD_ButtonsHeld
 .text.motion_plus_disconnected
                0x8000b244       0x10 D:/devkitpro/libogc/lib/wii\libwiiuse.a(motion_plus.o)
                0x8000b244                motion_plus_disconnected
 .text.motion_plus_event
                0x8000b254       0x64 D:/devkitpro/libogc/lib/wii\libwiiuse.a(motion_plus.o)
                0x8000b254                motion_plus_event
 .text.calculate_gforce
                0x8000b2b8      0x114 D:/devkitpro/libogc/lib/wii\libwiiuse.a(dynamics.o)
                0x8000b2b8                calculate_gforce
 .text.calc_joystick_state
                0x8000b3cc      0x208 D:/devkitpro/libogc/lib/wii\libwiiuse.a(dynamics.o)
                0x8000b3cc                calc_joystick_state
 .text.apply_smoothing
                0x8000b5d4      0x110 D:/devkitpro/libogc/lib/wii\libwiiuse.a(dynamics.o)
                0x8000b5d4                apply_smoothing
 .text.calculate_orientation
                0x8000b6e4      0x360 D:/devkitpro/libogc/lib/wii\libwiiuse.a(dynamics.o)
                0x8000b6e4                calculate_orientation
 .text.calc_balanceboard_state
                0x8000ba44      0x3a4 D:/devkitpro/libogc/lib/wii\libwiiuse.a(dynamics.o)
                0x8000ba44                calc_balanceboard_state
 .text.wiiuse_handshake
                0x8000bde8      0x24c D:/devkitpro/libogc/lib/wii\libwiiuse.a(io.o)
                0x8000bde8                wiiuse_handshake
 .text.wiiuse_handshake_expansion
                0x8000c034      0x214 D:/devkitpro/libogc/lib/wii\libwiiuse.a(io.o)
                0x8000c034                wiiuse_handshake_expansion
 .text.wiiuse_handshake_expansion_start
                0x8000c248       0x5c D:/devkitpro/libogc/lib/wii\libwiiuse.a(io.o)
                0x8000c248                wiiuse_handshake_expansion_start
 .text.wiiuse_disable_expansion
                0x8000c2a4      0x1b0 D:/devkitpro/libogc/lib/wii\libwiiuse.a(io.o)
                0x8000c2a4                wiiuse_disable_expansion
 .text.__wiiuse_accept_step2
                0x8000c454       0x5c D:/devkitpro/libogc/lib/wii\libwiiuse.a(io_wii.o)
 .text.__wiiuse_connected
                0x8000c4b0       0xac D:/devkitpro/libogc/lib/wii\libwiiuse.a(io_wii.o)
 .text.__wiiuse_disconnected
                0x8000c55c       0xc8 D:/devkitpro/libogc/lib/wii\libwiiuse.a(io_wii.o)
 .text.__wiiuse_receive
                0x8000c624       0xc4 D:/devkitpro/libogc/lib/wii\libwiiuse.a(io_wii.o)
 .text.__wiiuse_connect_step2
                0x8000c6e8       0x5c D:/devkitpro/libogc/lib/wii\libwiiuse.a(io_wii.o)
 .text.__wiiuse_sensorbar_enable
                0x8000c744       0x74 D:/devkitpro/libogc/lib/wii\libwiiuse.a(io_wii.o)
                0x8000c744                __wiiuse_sensorbar_enable
 .text.wiiuse_accept
                0x8000c7b8      0x15c D:/devkitpro/libogc/lib/wii\libwiiuse.a(io_wii.o)
                0x8000c7b8                wiiuse_accept
 .text.wiiuse_connect
                0x8000c914      0x15c D:/devkitpro/libogc/lib/wii\libwiiuse.a(io_wii.o)
                0x8000c914                wiiuse_connect
 .text.wiiuse_disconnect
                0x8000ca70       0x50 D:/devkitpro/libogc/lib/wii\libwiiuse.a(io_wii.o)
                0x8000ca70                wiiuse_disconnect
 .text.wiiuse_init_cmd_queue
                0x8000cac0       0xa4 D:/devkitpro/libogc/lib/wii\libwiiuse.a(io_wii.o)
                0x8000cac0                wiiuse_init_cmd_queue
 .text.wiiuse_io_write
                0x8000cb64       0x1c D:/devkitpro/libogc/lib/wii\libwiiuse.a(io_wii.o)
                0x8000cb64                wiiuse_io_write
 .text.rotate_dots
                0x8000cb80      0x134 D:/devkitpro/libogc/lib/wii\libwiiuse.a(ir.o)
 .text.wiiuse_set_ir_mode
                0x8000ccb4       0x5c D:/devkitpro/libogc/lib/wii\libwiiuse.a(ir.o)
                0x8000ccb4                wiiuse_set_ir_mode
 .text.wiiuse_set_ir
                0x8000cd10      0x26c D:/devkitpro/libogc/lib/wii\libwiiuse.a(ir.o)
                0x8000cd10                wiiuse_set_ir
 .text.wiiuse_set_ir_position
                0x8000cf7c       0x80 D:/devkitpro/libogc/lib/wii\libwiiuse.a(ir.o)
                0x8000cf7c                wiiuse_set_ir_position
 .text.wiiuse_set_aspect_ratio
                0x8000cffc       0xac D:/devkitpro/libogc/lib/wii\libwiiuse.a(ir.o)
                0x8000cffc                wiiuse_set_aspect_ratio
 .text.wiiuse_set_ir_sensitivity
                0x8000d0a8      0x190 D:/devkitpro/libogc/lib/wii\libwiiuse.a(ir.o)
                0x8000d0a8                wiiuse_set_ir_sensitivity
 .text.calculate_basic_ir
                0x8000d238       0xe8 D:/devkitpro/libogc/lib/wii\libwiiuse.a(ir.o)
                0x8000d238                calculate_basic_ir
 .text.calculate_extended_ir
                0x8000d320       0x64 D:/devkitpro/libogc/lib/wii\libwiiuse.a(ir.o)
                0x8000d320                calculate_extended_ir
 .text.find_sensorbar
                0x8000d384      0xb00 D:/devkitpro/libogc/lib/wii\libwiiuse.a(ir.o)
                0x8000d384                find_sensorbar
 .text.apply_ir_smoothing
                0x8000de84      0x120 D:/devkitpro/libogc/lib/wii\libwiiuse.a(ir.o)
                0x8000de84                apply_ir_smoothing
 .text.interpret_ir_data
                0x8000dfa4      0x3d0 D:/devkitpro/libogc/lib/wii\libwiiuse.a(ir.o)
                0x8000dfa4                interpret_ir_data
 .text.nunchuk_handshake
                0x8000e374      0x360 D:/devkitpro/libogc/lib/wii\libwiiuse.a(nunchuk.o)
                0x8000e374                nunchuk_handshake
 .text.nunchuk_disconnected
                0x8000e6d4        0xc D:/devkitpro/libogc/lib/wii\libwiiuse.a(nunchuk.o)
                0x8000e6d4                nunchuk_disconnected
 .text.nunchuk_event
                0x8000e6e0       0xe8 D:/devkitpro/libogc/lib/wii\libwiiuse.a(nunchuk.o)
                0x8000e6e0                nunchuk_event
 .text.wii_board_handshake
                0x8000e7c8      0x28c D:/devkitpro/libogc/lib/wii\libwiiuse.a(wiiboard.o)
                0x8000e7c8                wii_board_handshake
 .text.wii_board_disconnected
                0x8000ea54        0xc D:/devkitpro/libogc/lib/wii\libwiiuse.a(wiiboard.o)
                0x8000ea54                wii_board_disconnected
 .text.wii_board_event
                0x8000ea60       0x24 D:/devkitpro/libogc/lib/wii\libwiiuse.a(wiiboard.o)
                0x8000ea60                wii_board_event
 .text.wiiuse_send_next_command
                0x8000ea84       0x58 D:/devkitpro/libogc/lib/wii\libwiiuse.a(wiiuse.o)
                0x8000ea84                wiiuse_send_next_command
 .text.wiiuse_init
                0x8000eadc      0x1fc D:/devkitpro/libogc/lib/wii\libwiiuse.a(wiiuse.o)
                0x8000eadc                wiiuse_init
 .text.wiiuse_set_flags
                0x8000ecd8       0x28 D:/devkitpro/libogc/lib/wii\libwiiuse.a(wiiuse.o)
                0x8000ecd8                wiiuse_set_flags
 .text.wiiuse_read_data
                0x8000ed00      0x12c D:/devkitpro/libogc/lib/wii\libwiiuse.a(wiiuse.o)
                0x8000ed00                wiiuse_read_data
 .text.wiiuse_write_data
                0x8000ee2c      0x160 D:/devkitpro/libogc/lib/wii\libwiiuse.a(wiiuse.o)
                0x8000ee2c                wiiuse_write_data
 .text.wiiuse_sendcmd
                0x8000ef8c      0x14c D:/devkitpro/libogc/lib/wii\libwiiuse.a(wiiuse.o)
                0x8000ef8c                wiiuse_sendcmd
 .text.wiiuse_set_leds
                0x8000f0d8       0x50 D:/devkitpro/libogc/lib/wii\libwiiuse.a(wiiuse.o)
                0x8000f0d8                wiiuse_set_leds
 .text.wiiuse_set_report_type
                0x8000f128       0xb4 D:/devkitpro/libogc/lib/wii\libwiiuse.a(wiiuse.o)
                0x8000f128                wiiuse_set_report_type
 .text.wiiuse_status
                0x8000f1dc       0x4c D:/devkitpro/libogc/lib/wii\libwiiuse.a(wiiuse.o)
                0x8000f1dc                wiiuse_status
 .text.wiiuse_motion_sensing
                0x8000f228       0x84 D:/devkitpro/libogc/lib/wii\libwiiuse.a(wiiuse.o)
                0x8000f228                wiiuse_motion_sensing
 .text.wiiuse_set_speaker
                0x8000f2ac      0x258 D:/devkitpro/libogc/lib/wii\libwiiuse.a(speaker.o)
                0x8000f2ac                wiiuse_set_speaker
 .text.classic_ctrl_pressed_buttons
                0x8000f504       0x4c D:/devkitpro/libogc/lib/wii\libwiiuse.a(classic.o)
 .text.classic_ctrl_handshake
                0x8000f550      0x460 D:/devkitpro/libogc/lib/wii\libwiiuse.a(classic.o)
                0x8000f550                classic_ctrl_handshake
 .text.classic_ctrl_disconnected
                0x8000f9b0        0xc D:/devkitpro/libogc/lib/wii\libwiiuse.a(classic.o)
                0x8000f9b0                classic_ctrl_disconnected
 .text.classic_ctrl_event
                0x8000f9bc      0x19c D:/devkitpro/libogc/lib/wii\libwiiuse.a(classic.o)
                0x8000f9bc                classic_ctrl_event
 .text.handle_expansion
                0x8000fb58       0x54 D:/devkitpro/libogc/lib/wii\libwiiuse.a(events.o)
 .text.parse_event
                0x8000fbac      0x704 D:/devkitpro/libogc/lib/wii\libwiiuse.a(events.o)
                0x8000fbac                parse_event
 .text.guitar_hero_3_handshake
                0x800102b0       0x5c D:/devkitpro/libogc/lib/wii\libwiiuse.a(guitar_hero_3.o)
                0x800102b0                guitar_hero_3_handshake
 .text.guitar_hero_3_disconnected
                0x8001030c        0xc D:/devkitpro/libogc/lib/wii\libwiiuse.a(guitar_hero_3.o)
                0x8001030c                guitar_hero_3_disconnected
 .text.guitar_hero_3_event
                0x80010318       0x60 D:/devkitpro/libogc/lib/wii\libwiiuse.a(guitar_hero_3.o)
                0x80010318                guitar_hero_3_event
 .text.acl_wlp_completed
                0x80010378        0x8 D:/devkitpro/libogc/lib/wii\libbte.a(bte.o)
                0x80010378                acl_wlp_completed
 .text.bt_alarmhandler
                0x80010380       0x58 D:/devkitpro/libogc/lib/wii\libbte.a(bte.o)
 .text.__bte_send_pending_request
                0x800103d8      0x108 D:/devkitpro/libogc/lib/wii\libbte.a(bte.o)
 .text.acl_conn_complete
                0x800104e0       0x28 D:/devkitpro/libogc/lib/wii\libbte.a(bte.o)
                0x800104e0                acl_conn_complete
 .text.acl_auth_complete
                0x80010508       0x2c D:/devkitpro/libogc/lib/wii\libbte.a(bte.o)
                0x80010508                acl_auth_complete
 .text.pin_req  0x80010534       0x8c D:/devkitpro/libogc/lib/wii\libbte.a(bte.o)
                0x80010534                pin_req
 .text.l2cap_connected
                0x800105c0       0xf0 D:/devkitpro/libogc/lib/wii\libbte.a(bte.o)
                0x800105c0                l2cap_connected
 .text.l2cap_accepted
                0x800106b0       0xe8 D:/devkitpro/libogc/lib/wii\libbte.a(bte.o)
                0x800106b0                l2cap_accepted
 .text.bte_inquiry_complete
                0x80010798      0x240 D:/devkitpro/libogc/lib/wii\libbte.a(bte.o)
                0x80010798                bte_inquiry_complete
 .text.l2cap_disconnect_cfm
                0x800109d8      0x180 D:/devkitpro/libogc/lib/wii\libbte.a(bte.o)
                0x800109d8                l2cap_disconnect_cfm
 .text.bte_process_input
                0x80010b58      0x120 D:/devkitpro/libogc/lib/wii\libbte.a(bte.o)
 .text.l2cap_disconnected_ind
                0x80010c78      0x18c D:/devkitpro/libogc/lib/wii\libbte.a(bte.o)
                0x80010c78                l2cap_disconnected_ind
 .text.__bte_shutdown_finished
                0x80010e04       0xe8 D:/devkitpro/libogc/lib/wii\libbte.a(bte.o)
 .text.bte_hci_apply_patch_complete
                0x80010eec      0x170 D:/devkitpro/libogc/lib/wii\libbte.a(bte.o)
                0x80010eec                bte_hci_apply_patch_complete
 .text.bte_hci_patch_complete
                0x8001105c      0x37c D:/devkitpro/libogc/lib/wii\libbte.a(bte.o)
                0x8001105c                bte_hci_patch_complete
 .text.bte_read_remote_name_complete
                0x800113d8      0x190 D:/devkitpro/libogc/lib/wii\libbte.a(bte.o)
                0x800113d8                bte_read_remote_name_complete
 .text.bte_hci_initcore_complete
                0x80011568      0x260 D:/devkitpro/libogc/lib/wii\libbte.a(bte.o)
                0x80011568                bte_hci_initcore_complete
 .text.bte_read_stored_link_key_complete
                0x800117c8      0x288 D:/devkitpro/libogc/lib/wii\libbte.a(bte.o)
                0x800117c8                bte_read_stored_link_key_complete
 .text.bte_set_evt_filter_complete
                0x80011a50      0x1dc D:/devkitpro/libogc/lib/wii\libbte.a(bte.o)
                0x80011a50                bte_set_evt_filter_complete
 .text.bte_hci_initcore_complete2
                0x80011c2c      0x230 D:/devkitpro/libogc/lib/wii\libbte.a(bte.o)
 .text.bte_hci_initsub_complete
                0x80011e5c      0x280 D:/devkitpro/libogc/lib/wii\libbte.a(bte.o)
                0x80011e5c                bte_hci_initsub_complete
 .text.BTE_Init
                0x800120dc      0x154 D:/devkitpro/libogc/lib/wii\libbte.a(bte.o)
                0x800120dc                BTE_Init
 .text.BTE_Close
                0x80012230       0x64 D:/devkitpro/libogc/lib/wii\libbte.a(bte.o)
                0x80012230                BTE_Close
 .text.BTE_Shutdown
                0x80012294      0x10c D:/devkitpro/libogc/lib/wii\libbte.a(bte.o)
                0x80012294                BTE_Shutdown
 .text.BTE_InitCore
                0x800123a0       0x8c D:/devkitpro/libogc/lib/wii\libbte.a(bte.o)
                0x800123a0                BTE_InitCore
 .text.BTE_ApplyPatch
                0x8001242c       0xa4 D:/devkitpro/libogc/lib/wii\libbte.a(bte.o)
                0x8001242c                BTE_ApplyPatch
 .text.BTE_InitSub
                0x800124d0       0x90 D:/devkitpro/libogc/lib/wii\libbte.a(bte.o)
                0x800124d0                BTE_InitSub
 .text.BTE_ReadStoredLinkKey
                0x80012560       0x90 D:/devkitpro/libogc/lib/wii\libbte.a(bte.o)
                0x80012560                BTE_ReadStoredLinkKey
 .text.BTE_SetEvtFilter
                0x800125f0       0xb8 D:/devkitpro/libogc/lib/wii\libbte.a(bte.o)
                0x800125f0                BTE_SetEvtFilter
 .text.BTE_ReadRemoteName
                0x800126a8       0x8c D:/devkitpro/libogc/lib/wii\libbte.a(bte.o)
                0x800126a8                BTE_ReadRemoteName
 .text.BTE_LinkKeyRequestReply
                0x80012734       0x9c D:/devkitpro/libogc/lib/wii\libbte.a(bte.o)
                0x80012734                BTE_LinkKeyRequestReply
 .text.BTE_LinkKeyRequestNegativeReply
                0x800127d0       0x8c D:/devkitpro/libogc/lib/wii\libbte.a(bte.o)
                0x800127d0                BTE_LinkKeyRequestNegativeReply
 .text.BTE_GetPairMode
                0x8001285c        0xc D:/devkitpro/libogc/lib/wii\libbte.a(bte.o)
                0x8001285c                BTE_GetPairMode
 .text.BTE_SetDisconnectCallback
                0x80012868        0x4 D:/devkitpro/libogc/lib/wii\libbte.a(bte.o)
                0x80012868                BTE_SetDisconnectCallback
 .text.BTE_SetHostSyncButtonCallback
                0x8001286c       0x60 D:/devkitpro/libogc/lib/wii\libbte.a(bte.o)
                0x8001286c                BTE_SetHostSyncButtonCallback
 .text.BTE_SetConnectionRequestCallback
                0x800128cc       0x60 D:/devkitpro/libogc/lib/wii\libbte.a(bte.o)
                0x800128cc                BTE_SetConnectionRequestCallback
 .text.BTE_SetLinkKeyRequestCallback
                0x8001292c       0x60 D:/devkitpro/libogc/lib/wii\libbte.a(bte.o)
                0x8001292c                BTE_SetLinkKeyRequestCallback
 .text.BTE_SetLinkKeyNotificationCallback
                0x8001298c       0x60 D:/devkitpro/libogc/lib/wii\libbte.a(bte.o)
                0x8001298c                BTE_SetLinkKeyNotificationCallback
 .text.BTE_WriteStoredLinkKey
                0x800129ec       0x9c D:/devkitpro/libogc/lib/wii\libbte.a(bte.o)
                0x800129ec                BTE_WriteStoredLinkKey
 .text.BTE_ClearStoredLinkKeys
                0x80012a88       0x80 D:/devkitpro/libogc/lib/wii\libbte.a(bte.o)
                0x80012a88                BTE_ClearStoredLinkKeys
 .text.bte_new  0x80012b08       0x54 D:/devkitpro/libogc/lib/wii\libbte.a(bte.o)
                0x80012b08                bte_new
 .text.bte_free
                0x80012b5c       0x38 D:/devkitpro/libogc/lib/wii\libbte.a(bte.o)
                0x80012b5c                bte_free
 .text.BTE_Inquiry
                0x80012b94       0xd0 D:/devkitpro/libogc/lib/wii\libbte.a(bte.o)
                0x80012b94                BTE_Inquiry
 .text.bte_disconnect
                0x80012c64       0xcc D:/devkitpro/libogc/lib/wii\libbte.a(bte.o)
                0x80012c64                bte_disconnect
 .text.bte_connectasync
                0x80012d30      0x128 D:/devkitpro/libogc/lib/wii\libbte.a(bte.o)
                0x80012d30                bte_connectasync
 .text.bte_connectasync_step2
                0x80012e58       0xe0 D:/devkitpro/libogc/lib/wii\libbte.a(bte.o)
                0x80012e58                bte_connectasync_step2
 .text.bte_listenasync
                0x80012f38      0x114 D:/devkitpro/libogc/lib/wii\libbte.a(bte.o)
                0x80012f38                bte_listenasync
 .text.bte_listenasync_step2
                0x8001304c       0xdc D:/devkitpro/libogc/lib/wii\libbte.a(bte.o)
                0x8001304c                bte_listenasync_step2
 .text.bte_senddata
                0x80013128      0x104 D:/devkitpro/libogc/lib/wii\libbte.a(bte.o)
                0x80013128                bte_senddata
 .text.bte_arg  0x8001322c       0x38 D:/devkitpro/libogc/lib/wii\libbte.a(bte.o)
                0x8001322c                bte_arg
 .text.bte_received
                0x80013264       0x38 D:/devkitpro/libogc/lib/wii\libbte.a(bte.o)
                0x80013264                bte_received
 .text.bte_disconnected
                0x8001329c       0x38 D:/devkitpro/libogc/lib/wii\libbte.a(bte.o)
                0x8001329c                bte_disconnected
 .text.hci_get_link
                0x800132d4       0x84 D:/devkitpro/libogc/lib/wii\libbte.a(hci.o)
 .text.hci_init
                0x80013358       0x7c D:/devkitpro/libogc/lib/wii\libbte.a(hci.o)
                0x80013358                hci_init
 .text.hci_close
                0x800133d4      0x134 D:/devkitpro/libogc/lib/wii\libbte.a(hci.o)
                0x800133d4                hci_close
 .text.hci_reset_all
                0x80013508       0xa8 D:/devkitpro/libogc/lib/wii\libbte.a(hci.o)
                0x80013508                hci_reset_all
 .text.hci_arg  0x800135b0        0xc D:/devkitpro/libogc/lib/wii\libbte.a(hci.o)
                0x800135b0                hci_arg
 .text.hci_cmd_complete
                0x800135bc        0xc D:/devkitpro/libogc/lib/wii\libbte.a(hci.o)
                0x800135bc                hci_cmd_complete
 .text.hci_pin_req
                0x800135c8        0xc D:/devkitpro/libogc/lib/wii\libbte.a(hci.o)
                0x800135c8                hci_pin_req
 .text.hci_sync_btn
                0x800135d4        0xc D:/devkitpro/libogc/lib/wii\libbte.a(hci.o)
                0x800135d4                hci_sync_btn
 .text.hci_remote_name_req_complete
                0x800135e0        0xc D:/devkitpro/libogc/lib/wii\libbte.a(hci.o)
                0x800135e0                hci_remote_name_req_complete
 .text.hci_link_key_req
                0x800135ec        0xc D:/devkitpro/libogc/lib/wii\libbte.a(hci.o)
                0x800135ec                hci_link_key_req
 .text.hci_link_key_not
                0x800135f8        0xc D:/devkitpro/libogc/lib/wii\libbte.a(hci.o)
                0x800135f8                hci_link_key_not
 .text.hci_connection_complete
                0x80013604        0xc D:/devkitpro/libogc/lib/wii\libbte.a(hci.o)
                0x80013604                hci_connection_complete
 .text.hci_auth_complete
                0x80013610        0xc D:/devkitpro/libogc/lib/wii\libbte.a(hci.o)
                0x80013610                hci_auth_complete
 .text.hci_wlp_complete
                0x8001361c        0xc D:/devkitpro/libogc/lib/wii\libbte.a(hci.o)
                0x8001361c                hci_wlp_complete
 .text.hci_conn_req
                0x80013628        0xc D:/devkitpro/libogc/lib/wii\libbte.a(hci.o)
                0x80013628                hci_conn_req
 .text.hci_reset
                0x80013634       0xa8 D:/devkitpro/libogc/lib/wii\libbte.a(hci.o)
                0x80013634                hci_reset
 .text.hci_read_buffer_size
                0x800136dc       0xa8 D:/devkitpro/libogc/lib/wii\libbte.a(hci.o)
                0x800136dc                hci_read_buffer_size
 .text.hci_read_bd_addr
                0x80013784       0xa8 D:/devkitpro/libogc/lib/wii\libbte.a(hci.o)
                0x80013784                hci_read_bd_addr
 .text.hci_read_local_version
                0x8001382c       0xa4 D:/devkitpro/libogc/lib/wii\libbte.a(hci.o)
                0x8001382c                hci_read_local_version
 .text.hci_read_local_features
                0x800138d0       0xa8 D:/devkitpro/libogc/lib/wii\libbte.a(hci.o)
                0x800138d0                hci_read_local_features
 .text.hci_read_stored_link_key
                0x80013978      0x10c D:/devkitpro/libogc/lib/wii\libbte.a(hci.o)
                0x80013978                hci_read_stored_link_key
 .text.hci_set_event_filter
                0x80013a84      0x180 D:/devkitpro/libogc/lib/wii\libbte.a(hci.o)
                0x80013a84                hci_set_event_filter
 .text.hci_write_page_timeout
                0x80013c04       0xd4 D:/devkitpro/libogc/lib/wii\libbte.a(hci.o)
                0x80013c04                hci_write_page_timeout
 .text.hci_write_scan_enable
                0x80013cd8       0xc0 D:/devkitpro/libogc/lib/wii\libbte.a(hci.o)
                0x80013cd8                hci_write_scan_enable
 .text.hci_inquiry
                0x80013d98      0x144 D:/devkitpro/libogc/lib/wii\libbte.a(hci.o)
                0x80013d98                hci_inquiry
 .text.hci_accept_conn_request
                0x80013edc       0xf0 D:/devkitpro/libogc/lib/wii\libbte.a(hci.o)
                0x80013edc                hci_accept_conn_request
 .text.hci_write_local_name
                0x80013fcc       0xec D:/devkitpro/libogc/lib/wii\libbte.a(hci.o)
                0x80013fcc                hci_write_local_name
 .text.hci_write_pin_type
                0x800140b8       0xc0 D:/devkitpro/libogc/lib/wii\libbte.a(hci.o)
                0x800140b8                hci_write_pin_type
 .text.hci_read_remote_name
                0x80014178      0x1b4 D:/devkitpro/libogc/lib/wii\libbte.a(hci.o)
                0x80014178                hci_read_remote_name
 .text.hci_write_inquiry_mode
                0x8001432c       0xc0 D:/devkitpro/libogc/lib/wii\libbte.a(hci.o)
                0x8001432c                hci_write_inquiry_mode
 .text.hci_write_page_scan_type
                0x800143ec       0xc0 D:/devkitpro/libogc/lib/wii\libbte.a(hci.o)
                0x800143ec                hci_write_page_scan_type
 .text.hci_write_inquiry_scan_type
                0x800144ac       0xc0 D:/devkitpro/libogc/lib/wii\libbte.a(hci.o)
                0x800144ac                hci_write_inquiry_scan_type
 .text.hci_vendor_specific_command
                0x8001456c      0x104 D:/devkitpro/libogc/lib/wii\libbte.a(hci.o)
                0x8001456c                hci_vendor_specific_command
 .text.hci_auth_req
                0x80014670       0xe8 D:/devkitpro/libogc/lib/wii\libbte.a(hci.o)
                0x80014670                hci_auth_req
 .text.hci_write_link_policy_settings
                0x80014758      0x104 D:/devkitpro/libogc/lib/wii\libbte.a(hci.o)
                0x80014758                hci_write_link_policy_settings
 .text.hci_pin_code_request_reply
                0x8001485c      0x150 D:/devkitpro/libogc/lib/wii\libbte.a(hci.o)
                0x8001485c                hci_pin_code_request_reply
 .text.hci_link_key_req_reply
                0x800149ac      0x114 D:/devkitpro/libogc/lib/wii\libbte.a(hci.o)
                0x800149ac                hci_link_key_req_reply
 .text.hci_pin_code_request_neg_reply
                0x80014ac0       0xd4 D:/devkitpro/libogc/lib/wii\libbte.a(hci.o)
                0x80014ac0                hci_pin_code_request_neg_reply
 .text.hci_link_key_req_neg_reply
                0x80014b94       0xd4 D:/devkitpro/libogc/lib/wii\libbte.a(hci.o)
                0x80014b94                hci_link_key_req_neg_reply
 .text.hci_disconnect
                0x80014c68      0x104 D:/devkitpro/libogc/lib/wii\libbte.a(hci.o)
                0x80014c68                hci_disconnect
 .text.hci_reject_connection_request
                0x80014d6c       0xf0 D:/devkitpro/libogc/lib/wii\libbte.a(hci.o)
                0x80014d6c                hci_reject_connection_request
 .text.hci_write_stored_link_key
                0x80014e5c      0x128 D:/devkitpro/libogc/lib/wii\libbte.a(hci.o)
                0x80014e5c                hci_write_stored_link_key
 .text.hci_delete_stored_link_key
                0x80014f84      0x10c D:/devkitpro/libogc/lib/wii\libbte.a(hci.o)
                0x80014f84                hci_delete_stored_link_key
 .text.hci_write_cod
                0x80015090       0xd8 D:/devkitpro/libogc/lib/wii\libbte.a(hci.o)
                0x80015090                hci_write_cod
 .text.hci_host_buffer_size
                0x80015168      0x11c D:/devkitpro/libogc/lib/wii\libbte.a(hci.o)
                0x80015168                hci_host_buffer_size
 .text.hci_host_num_comp_packets
                0x80015284      0x110 D:/devkitpro/libogc/lib/wii\libbte.a(hci.o)
                0x80015284                hci_host_num_comp_packets
 .text.lp_pdu_maxsize
                0x80015394        0xc D:/devkitpro/libogc/lib/wii\libbte.a(hci.o)
                0x80015394                lp_pdu_maxsize
 .text.hci_get_bd_addr
                0x800153a0       0x50 D:/devkitpro/libogc/lib/wii\libbte.a(hci.o)
                0x800153a0                hci_get_bd_addr
 .text.lp_is_connected
                0x800153f0       0x28 D:/devkitpro/libogc/lib/wii\libbte.a(hci.o)
                0x800153f0                lp_is_connected
 .text.lp_acl_write
                0x80015418      0x154 D:/devkitpro/libogc/lib/wii\libbte.a(hci.o)
                0x80015418                lp_acl_write
 .text.lp_write_flush_timeout
                0x8001556c      0x104 D:/devkitpro/libogc/lib/wii\libbte.a(hci.o)
                0x8001556c                lp_write_flush_timeout
 .text.lp_connect_req
                0x80015670      0x294 D:/devkitpro/libogc/lib/wii\libbte.a(hci.o)
                0x80015670                lp_connect_req
 .text.hci_event_handler
                0x80015904      0xf00 D:/devkitpro/libogc/lib/wii\libbte.a(hci.o)
                0x80015904                hci_event_handler
 .text.hci_acldata_handler
                0x80016804      0x110 D:/devkitpro/libogc/lib/wii\libbte.a(hci.o)
                0x80016804                hci_acldata_handler
 .text.l2cap_init
                0x80016914       0x60 D:/devkitpro/libogc/lib/wii\libbte.a(l2cap.o)
                0x80016914                l2cap_init
 .text.l2cap_write
                0x80016974      0x1a0 D:/devkitpro/libogc/lib/wii\libbte.a(l2cap.o)
                0x80016974                l2cap_write
 .text.l2cap_new
                0x80016b14       0x60 D:/devkitpro/libogc/lib/wii\libbte.a(l2cap.o)
                0x80016b14                l2cap_new
 .text.l2cap_close
                0x80016b74      0x1c0 D:/devkitpro/libogc/lib/wii\libbte.a(l2cap.o)
                0x80016b74                l2cap_close
 .text.l2cap_reset_all
                0x80016d34      0x148 D:/devkitpro/libogc/lib/wii\libbte.a(l2cap.o)
                0x80016d34                l2cap_reset_all
 .text.l2cap_signal
                0x80016e7c      0x204 D:/devkitpro/libogc/lib/wii\libbte.a(l2cap.o)
                0x80016e7c                l2cap_signal
 .text.l2ca_connect_req
                0x80017080      0x1e0 D:/devkitpro/libogc/lib/wii\libbte.a(l2cap.o)
                0x80017080                l2ca_connect_req
 .text.l2ca_config_req
                0x80017260      0x13c D:/devkitpro/libogc/lib/wii\libbte.a(l2cap.o)
                0x80017260                l2ca_config_req
 .text.l2ca_disconnect_req
                0x8001739c       0xcc D:/devkitpro/libogc/lib/wii\libbte.a(l2cap.o)
                0x8001739c                l2ca_disconnect_req
 .text.l2cap_tmr
                0x80017468      0x260 D:/devkitpro/libogc/lib/wii\libbte.a(l2cap.o)
                0x80017468                l2cap_tmr
 .text.l2cap_process_sig
                0x800176c8     0x1320 D:/devkitpro/libogc/lib/wii\libbte.a(l2cap.o)
                0x800176c8                l2cap_process_sig
 .text.l2cap_input
                0x800189e8      0x5b8 D:/devkitpro/libogc/lib/wii\libbte.a(l2cap.o)
                0x800189e8                l2cap_input
 .text.l2ca_datawrite
                0x80018fa0      0x128 D:/devkitpro/libogc/lib/wii\libbte.a(l2cap.o)
                0x80018fa0                l2ca_datawrite
 .text.lp_connect_cfm
                0x800190c8      0x17c D:/devkitpro/libogc/lib/wii\libbte.a(l2cap.o)
                0x800190c8                lp_connect_cfm
 .text.lp_connect_ind
                0x80019244        0x4 D:/devkitpro/libogc/lib/wii\libbte.a(l2cap.o)
                0x80019244                lp_connect_ind
 .text.lp_disconnect_ind
                0x80019248      0x1b0 D:/devkitpro/libogc/lib/wii\libbte.a(l2cap.o)
                0x80019248                lp_disconnect_ind
 .text.l2cap_disconnect_bb
                0x800193f8       0x10 D:/devkitpro/libogc/lib/wii\libbte.a(l2cap.o)
                0x800193f8                l2cap_disconnect_bb
 .text.l2cap_arg
                0x80019408        0x8 D:/devkitpro/libogc/lib/wii\libbte.a(l2cap.o)
                0x80019408                l2cap_arg
 .text.l2cap_connect_ind
                0x80019410      0x100 D:/devkitpro/libogc/lib/wii\libbte.a(l2cap.o)
                0x80019410                l2cap_connect_ind
 .text.l2cap_disconnect_ind
                0x80019510        0x8 D:/devkitpro/libogc/lib/wii\libbte.a(l2cap.o)
                0x80019510                l2cap_disconnect_ind
 .text.l2cap_recv
                0x80019518        0x8 D:/devkitpro/libogc/lib/wii\libbte.a(l2cap.o)
                0x80019518                l2cap_recv
 .text.btmemb_init
                0x80019520       0x24 D:/devkitpro/libogc/lib/wii\libbte.a(btmemb.o)
                0x80019520                btmemb_init
 .text.btmemb_alloc
                0x80019544       0x98 D:/devkitpro/libogc/lib/wii\libbte.a(btmemb.o)
                0x80019544                btmemb_alloc
 .text.btmemb_free
                0x800195dc       0xe0 D:/devkitpro/libogc/lib/wii\libbte.a(btmemb.o)
                0x800195dc                btmemb_free
 .text.plug_holes
                0x800196bc       0xac D:/devkitpro/libogc/lib/wii\libbte.a(btmemr.o)
 .text.btmemr_init
                0x80019768       0xa4 D:/devkitpro/libogc/lib/wii\libbte.a(btmemr.o)
                0x80019768                btmemr_init
 .text.btmemr_malloc
                0x8001980c      0x180 D:/devkitpro/libogc/lib/wii\libbte.a(btmemr.o)
                0x8001980c                btmemr_malloc
 .text.btmemr_free
                0x8001998c       0x98 D:/devkitpro/libogc/lib/wii\libbte.a(btmemr.o)
                0x8001998c                btmemr_free
 .text.btmemr_realloc
                0x80019a24      0x120 D:/devkitpro/libogc/lib/wii\libbte.a(btmemr.o)
                0x80019a24                btmemr_realloc
 .text.btpbuf_init
                0x80019b44       0x28 D:/devkitpro/libogc/lib/wii\libbte.a(btpbuf.o)
                0x80019b44                btpbuf_init
 .text.btpbuf_free
                0x80019b6c      0x104 D:/devkitpro/libogc/lib/wii\libbte.a(btpbuf.o)
                0x80019b6c                btpbuf_free
 .text.btpbuf_alloc
                0x80019c70      0x270 D:/devkitpro/libogc/lib/wii\libbte.a(btpbuf.o)
                0x80019c70                btpbuf_alloc
 .text.btpbuf_realloc
                0x80019ee0      0x120 D:/devkitpro/libogc/lib/wii\libbte.a(btpbuf.o)
                0x80019ee0                btpbuf_realloc
 .text.btpbuf_header
                0x8001a000       0x84 D:/devkitpro/libogc/lib/wii\libbte.a(btpbuf.o)
                0x8001a000                btpbuf_header
 .text.btpbuf_ref
                0x8001a084       0x48 D:/devkitpro/libogc/lib/wii\libbte.a(btpbuf.o)
                0x8001a084                btpbuf_ref
 .text.btpbuf_chain
                0x8001a0cc       0x9c D:/devkitpro/libogc/lib/wii\libbte.a(btpbuf.o)
                0x8001a0cc                btpbuf_chain
 .text.btpbuf_dechain
                0x8001a168       0x7c D:/devkitpro/libogc/lib/wii\libbte.a(btpbuf.o)
                0x8001a168                btpbuf_dechain
 .text.btpbuf_take
                0x8001a1e4      0x13c D:/devkitpro/libogc/lib/wii\libbte.a(btpbuf.o)
                0x8001a1e4                btpbuf_take
 .text.__writebulkmsgCB
                0x8001a320       0x3c D:/devkitpro/libogc/lib/wii\libbte.a(physbusif.o)
 .text.__writectrlmsgCB
                0x8001a35c       0x3c D:/devkitpro/libogc/lib/wii\libbte.a(physbusif.o)
 .text.__issue_intrread.part.0
                0x8001a398       0x80 D:/devkitpro/libogc/lib/wii\libbte.a(physbusif.o)
 .text.__readintrdataCB
                0x8001a418      0x150 D:/devkitpro/libogc/lib/wii\libbte.a(physbusif.o)
 .text.__issue_bulkread.part.0
                0x8001a568       0x80 D:/devkitpro/libogc/lib/wii\libbte.a(physbusif.o)
 .text.__readbulkdataCB
                0x8001a5e8      0x150 D:/devkitpro/libogc/lib/wii\libbte.a(physbusif.o)
 .text.physbusif_init
                0x8001a738      0x1ec D:/devkitpro/libogc/lib/wii\libbte.a(physbusif.o)
                0x8001a738                physbusif_init
 .text.physbusif_close
                0x8001a924       0x20 D:/devkitpro/libogc/lib/wii\libbte.a(physbusif.o)
                0x8001a924                physbusif_close
 .text.physbusif_shutdown
                0x8001a944       0x18 D:/devkitpro/libogc/lib/wii\libbte.a(physbusif.o)
                0x8001a944                physbusif_shutdown
 .text.physbusif_reset_all
                0x8001a95c        0x4 D:/devkitpro/libogc/lib/wii\libbte.a(physbusif.o)
                0x8001a95c                physbusif_reset_all
 .text.physbusif_output
                0x8001a960      0x1f4 D:/devkitpro/libogc/lib/wii\libbte.a(physbusif.o)
                0x8001a960                physbusif_output
 .text.RGB8_to_YCbCr
                0x8001ab54      0x144 D:/devkitpro/libogc/lib/wii\libogc.a(console.o)
 .text.__console_drawc.part.0
                0x8001ac98      0x268 D:/devkitpro/libogc/lib/wii\libogc.a(console.o)
 .text.__console_clear
                0x8001af00      0x174 D:/devkitpro/libogc/lib/wii\libogc.a(console.o)
 .text.__set_default_console
                0x8001b074      0x108 D:/devkitpro/libogc/lib/wii\libogc.a(console.o)
 .text.__console_clear_line
                0x8001b17c      0x150 D:/devkitpro/libogc/lib/wii\libogc.a(console.o)
 .text.__console_init
                0x8001b2cc       0x70 D:/devkitpro/libogc/lib/wii\libogc.a(console.o)
                0x8001b2cc                __console_init
 .text.newRow   0x8001b33c      0x110 D:/devkitpro/libogc/lib/wii\libogc.a(console.o)
                0x8001b33c                newRow
 .text.consolePrintChar.part.0
                0x8001b44c      0x228 D:/devkitpro/libogc/lib/wii\libogc.a(console.o)
 .text.__console_write
                0x8001b674      0xc20 D:/devkitpro/libogc/lib/wii\libogc.a(console.o)
                0x8001b674                __console_write
 .text.CON_Init
                0x8001c294       0x80 D:/devkitpro/libogc/lib/wii\libogc.a(console.o)
                0x8001c294                CON_Init
 .text.CON_EnableGecko
                0x8001c314       0xf8 D:/devkitpro/libogc/lib/wii\libogc.a(console.o)
                0x8001c314                CON_EnableGecko
 .text.__lwp_queue_initialize
                0x8001c40c       0x98 D:/devkitpro/libogc/lib/wii\libogc.a(lwp_queue.o)
                0x8001c40c                __lwp_queue_initialize
 .text.__lwp_queue_get
                0x8001c4a4       0x74 D:/devkitpro/libogc/lib/wii\libogc.a(lwp_queue.o)
                0x8001c4a4                __lwp_queue_get
 .text.__lwp_queue_append
                0x8001c518       0x4c D:/devkitpro/libogc/lib/wii\libogc.a(lwp_queue.o)
                0x8001c518                __lwp_queue_append
 .text.__syscall_getreent
                0x8001c564       0x24 D:/devkitpro/libogc/lib/wii\libogc.a(lwp_threads.o)
                0x8001c564                __syscall_getreent
 .text.__lwp_isr_in_progress
                0x8001c588        0x8 D:/devkitpro/libogc/lib/wii\libogc.a(lwp_threads.o)
                0x8001c588                __lwp_isr_in_progress
 .text.__thread_dispatch_fp
                0x8001c590       0x88 D:/devkitpro/libogc/lib/wii\libogc.a(lwp_threads.o)
                0x8001c590                __thread_dispatch_fp
 .text.__thread_dispatch
                0x8001c618       0xf4 D:/devkitpro/libogc/lib/wii\libogc.a(lwp_threads.o)
                0x8001c618                __thread_dispatch
 .text.__lwp_thread_resettimeslice
                0x8001c70c       0xb4 D:/devkitpro/libogc/lib/wii\libogc.a(lwp_threads.o)
                0x8001c70c                __lwp_thread_resettimeslice
 .text.__lwp_thread_tickle_timeslice
                0x8001c7c0       0xc8 D:/devkitpro/libogc/lib/wii\libogc.a(lwp_threads.o)
                0x8001c7c0                __lwp_thread_tickle_timeslice
 .text.__lwp_thread_setstate
                0x8001c888      0x16c D:/devkitpro/libogc/lib/wii\libogc.a(lwp_threads.o)
                0x8001c888                __lwp_thread_setstate
 .text.__lwp_thread_clearstate
                0x8001c9f4       0xe4 D:/devkitpro/libogc/lib/wii\libogc.a(lwp_threads.o)
                0x8001c9f4                __lwp_thread_clearstate
 .text.__lwp_thread_suspend
                0x8001cad8      0x17c D:/devkitpro/libogc/lib/wii\libogc.a(lwp_threads.o)
                0x8001cad8                __lwp_thread_suspend
 .text.__lwp_thread_settransient
                0x8001cc54       0xb4 D:/devkitpro/libogc/lib/wii\libogc.a(lwp_threads.o)
                0x8001cc54                __lwp_thread_settransient
 .text.__lwp_thread_changepriority
                0x8001cd08      0x1f8 D:/devkitpro/libogc/lib/wii\libogc.a(lwp_threads.o)
                0x8001cd08                __lwp_thread_changepriority
 .text.__lwp_thread_resume
                0x8001cf00      0x12c D:/devkitpro/libogc/lib/wii\libogc.a(lwp_threads.o)
                0x8001cf00                __lwp_thread_resume
 .text.__lwp_thread_ready
                0x8001d02c       0xf0 D:/devkitpro/libogc/lib/wii\libogc.a(lwp_threads.o)
                0x8001d02c                __lwp_thread_ready
 .text.__lwp_thread_init
                0x8001d11c      0x160 D:/devkitpro/libogc/lib/wii\libogc.a(lwp_threads.o)
                0x8001d11c                __lwp_thread_init
 .text.__lwp_thread_close
                0x8001d27c      0x144 D:/devkitpro/libogc/lib/wii\libogc.a(lwp_threads.o)
                0x8001d27c                __lwp_thread_close
 .text.__lwp_thread_handler
                0x8001d3c0       0xc0 D:/devkitpro/libogc/lib/wii\libogc.a(lwp_threads.o)
 .text.__lwp_thread_closeall
                0x8001d480       0xb4 D:/devkitpro/libogc/lib/wii\libogc.a(lwp_threads.o)
                0x8001d480                __lwp_thread_closeall
 .text.__lwp_thread_start
                0x8001d534      0x13c D:/devkitpro/libogc/lib/wii\libogc.a(lwp_threads.o)
                0x8001d534                __lwp_thread_start
 .text.__lwp_thread_startmultitasking
                0x8001d670       0xac D:/devkitpro/libogc/lib/wii\libogc.a(lwp_threads.o)
                0x8001d670                __lwp_thread_startmultitasking
 .text.__lwp_thread_stopmultitasking
                0x8001d71c       0x58 D:/devkitpro/libogc/lib/wii\libogc.a(lwp_threads.o)
                0x8001d71c                __lwp_thread_stopmultitasking
 .text.__lwp_thread_coreinit
                0x8001d774       0xc8 D:/devkitpro/libogc/lib/wii\libogc.a(lwp_threads.o)
                0x8001d774                __lwp_thread_coreinit
 .text.idle_func
                0x8001d83c        0x4 D:/devkitpro/libogc/lib/wii\libogc.a(lwp.o)
 .text.__lwp_sysinit
                0x8001d840      0x114 D:/devkitpro/libogc/lib/wii\libogc.a(lwp.o)
                0x8001d840                __lwp_sysinit
 .text.LWP_CreateThread
                0x8001d954      0x1b0 D:/devkitpro/libogc/lib/wii\libogc.a(lwp.o)
                0x8001d954                LWP_CreateThread
 .text.LWP_SuspendThread
                0x8001db04       0xc8 D:/devkitpro/libogc/lib/wii\libogc.a(lwp.o)
                0x8001db04                LWP_SuspendThread
 .text.LWP_ResumeThread
                0x8001dbcc       0xcc D:/devkitpro/libogc/lib/wii\libogc.a(lwp.o)
                0x8001dbcc                LWP_ResumeThread
 .text.LWP_GetSelf
                0x8001dc98       0x28 D:/devkitpro/libogc/lib/wii\libogc.a(lwp.o)
                0x8001dc98                LWP_GetSelf
 .text.LWP_JoinThread
                0x8001dcc0      0x134 D:/devkitpro/libogc/lib/wii\libogc.a(lwp.o)
                0x8001dcc0                LWP_JoinThread
 .text.LWP_InitQueue
                0x8001ddf4      0x148 D:/devkitpro/libogc/lib/wii\libogc.a(lwp.o)
                0x8001ddf4                LWP_InitQueue
 .text.LWP_CloseQueue
                0x8001df3c       0xd4 D:/devkitpro/libogc/lib/wii\libogc.a(lwp.o)
                0x8001df3c                LWP_CloseQueue
 .text.LWP_ThreadSleep
                0x8001e010       0xf4 D:/devkitpro/libogc/lib/wii\libogc.a(lwp.o)
                0x8001e010                LWP_ThreadSleep
 .text.LWP_ThreadBroadcast
                0x8001e104       0x88 D:/devkitpro/libogc/lib/wii\libogc.a(lwp.o)
                0x8001e104                LWP_ThreadBroadcast
 .text.LWP_ThreadSignal
                0x8001e18c       0x74 D:/devkitpro/libogc/lib/wii\libogc.a(lwp.o)
                0x8001e18c                LWP_ThreadSignal
 .text.__lwp_stack_allocate
                0x8001e200       0x60 D:/devkitpro/libogc/lib/wii\libogc.a(lwp_stack.o)
                0x8001e200                __lwp_stack_allocate
 .text.__lwp_stack_free
                0x8001e260       0x1c D:/devkitpro/libogc/lib/wii\libogc.a(lwp_stack.o)
                0x8001e260                __lwp_stack_free
 .text.__lwp_wd_settimer
                0x8001e27c       0xdc D:/devkitpro/libogc/lib/wii\libogc.a(lwp_watchdog.o)
 .text.__lwp_watchdog_init
                0x8001e358       0x2c D:/devkitpro/libogc/lib/wii\libogc.a(lwp_watchdog.o)
                0x8001e358                __lwp_watchdog_init
 .text.__lwp_wd_insert
                0x8001e384      0x194 D:/devkitpro/libogc/lib/wii\libogc.a(lwp_watchdog.o)
                0x8001e384                __lwp_wd_insert
 .text.__lwp_wd_remove
                0x8001e518      0x134 D:/devkitpro/libogc/lib/wii\libogc.a(lwp_watchdog.o)
                0x8001e518                __lwp_wd_remove
 .text.__lwp_wd_tickle
                0x8001e64c      0x120 D:/devkitpro/libogc/lib/wii\libogc.a(lwp_watchdog.o)
                0x8001e64c                __lwp_wd_tickle
 .text.__lwp_wkspace_init
                0x8001e76c       0xc0 D:/devkitpro/libogc/lib/wii\libogc.a(lwp_wkspace.o)
                0x8001e76c                __lwp_wkspace_init
 .text.__lwp_objmgr_initinfo
                0x8001e82c      0x1a0 D:/devkitpro/libogc/lib/wii\libogc.a(lwp_objmgr.o)
                0x8001e82c                __lwp_objmgr_initinfo
 .text.__lwp_objmgr_getisrdisable
                0x8001e9cc       0x60 D:/devkitpro/libogc/lib/wii\libogc.a(lwp_objmgr.o)
                0x8001e9cc                __lwp_objmgr_getisrdisable
 .text.__lwp_objmgr_getnoprotection
                0x8001ea2c       0x24 D:/devkitpro/libogc/lib/wii\libogc.a(lwp_objmgr.o)
                0x8001ea2c                __lwp_objmgr_getnoprotection
 .text.__lwp_objmgr_get
                0x8001ea50       0x6c D:/devkitpro/libogc/lib/wii\libogc.a(lwp_objmgr.o)
                0x8001ea50                __lwp_objmgr_get
 .text.__lwp_objmgr_allocate
                0x8001eabc       0x88 D:/devkitpro/libogc/lib/wii\libogc.a(lwp_objmgr.o)
                0x8001eabc                __lwp_objmgr_allocate
 .text.__lwp_objmgr_free
                0x8001eb44       0x60 D:/devkitpro/libogc/lib/wii\libogc.a(lwp_objmgr.o)
                0x8001eb44                __lwp_objmgr_free
 .text.__lwp_heap_init
                0x8001eba4       0xa4 D:/devkitpro/libogc/lib/wii\libogc.a(lwp_heap.o)
                0x8001eba4                __lwp_heap_init
 .text.__lwp_heap_allocate
                0x8001ec48      0x168 D:/devkitpro/libogc/lib/wii\libogc.a(lwp_heap.o)
                0x8001ec48                __lwp_heap_allocate
 .text.__lwp_heap_free
                0x8001edb0      0x188 D:/devkitpro/libogc/lib/wii\libogc.a(lwp_heap.o)
                0x8001edb0                __lwp_heap_free
 .text.__SetInterrupts
                0x8001ef38      0x268 D:/devkitpro/libogc/lib/wii\libogc.a(irq.o)
 .text.c_irqdispatcher
                0x8001f1a0      0x26c D:/devkitpro/libogc/lib/wii\libogc.a(irq.o)
                0x8001f1a0                c_irqdispatcher
 .text.__UnmaskIrq
                0x8001f40c       0x84 D:/devkitpro/libogc/lib/wii\libogc.a(irq.o)
                0x8001f40c                __UnmaskIrq
 .text.__MaskIrq
                0x8001f490       0x84 D:/devkitpro/libogc/lib/wii\libogc.a(irq.o)
                0x8001f490                __MaskIrq
 .text.__irq_init
                0x8001f514       0x84 D:/devkitpro/libogc/lib/wii\libogc.a(irq.o)
                0x8001f514                __irq_init
 .text.IRQ_Request
                0x8001f598       0x50 D:/devkitpro/libogc/lib/wii\libogc.a(irq.o)
                0x8001f598                IRQ_Request
 .text.IRQ_GetHandler
                0x8001f5e8       0x44 D:/devkitpro/libogc/lib/wii\libogc.a(irq.o)
                0x8001f5e8                IRQ_GetHandler
 .text.IRQ_Disable
                0x8001f62c       0x1c D:/devkitpro/libogc/lib/wii\libogc.a(irq.o)
                0x8001f62c                IRQ_Disable
 .text.IRQ_Restore
                0x8001f648       0x1c D:/devkitpro/libogc/lib/wii\libogc.a(irq.o)
                0x8001f648                IRQ_Restore
 .text.__lwp_sema_init
                0x8001f664       0x14 D:/devkitpro/libogc/lib/wii\libogc.a(semaphore.o)
                0x8001f664                __lwp_sema_init
 .text.LWP_SemInit
                0x8001f678      0x15c D:/devkitpro/libogc/lib/wii\libogc.a(semaphore.o)
                0x8001f678                LWP_SemInit
 .text.LWP_SemWait
                0x8001f7d4       0xd8 D:/devkitpro/libogc/lib/wii\libogc.a(semaphore.o)
                0x8001f7d4                LWP_SemWait
 .text.LWP_SemPost
                0x8001f8ac       0x90 D:/devkitpro/libogc/lib/wii\libogc.a(semaphore.o)
                0x8001f8ac                LWP_SemPost
 .text.LWP_SemDestroy
                0x8001f93c       0xd8 D:/devkitpro/libogc/lib/wii\libogc.a(semaphore.o)
                0x8001f93c                LWP_SemDestroy
 .text.__VISendI2CData.constprop.0.isra.0
                0x8001fa14      0x418 D:/devkitpro/libogc/lib/wii\libogc.a(video.o)
 .text.__setFbbRegs.constprop.0
                0x8001fe2c      0x190 D:/devkitpro/libogc/lib/wii\libogc.a(video.o)
 .text.__VISetYUVSEL
                0x8001ffbc       0xb8 D:/devkitpro/libogc/lib/wii\libogc.a(video.o)
 .text.__VIClearFramebuffer
                0x80020074       0x48 D:/devkitpro/libogc/lib/wii\libogc.a(video.o)
                0x80020074                __VIClearFramebuffer
 .text.VIDEO_Configure
                0x800200bc      0x5dc D:/devkitpro/libogc/lib/wii\libogc.a(video.o)
                0x800200bc                VIDEO_Configure
 .text.VIDEO_WaitVSync
                0x80020698       0x74 D:/devkitpro/libogc/lib/wii\libogc.a(video.o)
                0x80020698                VIDEO_WaitVSync
 .text.VIDEO_SetFramebuffer
                0x8002070c       0xd0 D:/devkitpro/libogc/lib/wii\libogc.a(video.o)
                0x8002070c                VIDEO_SetFramebuffer
 .text.VIDEO_SetNextFramebuffer
                0x800207dc       0x70 D:/devkitpro/libogc/lib/wii\libogc.a(video.o)
                0x800207dc                VIDEO_SetNextFramebuffer
 .text.VIDEO_Flush
                0x8002084c       0xf4 D:/devkitpro/libogc/lib/wii\libogc.a(video.o)
                0x8002084c                VIDEO_Flush
 .text.VIDEO_SetBlack
                0x80020940      0x15c D:/devkitpro/libogc/lib/wii\libogc.a(video.o)
                0x80020940                VIDEO_SetBlack
 .text.VIDEO_GetCurrentTvMode
                0x80020a9c       0x78 D:/devkitpro/libogc/lib/wii\libogc.a(video.o)
                0x80020a9c                VIDEO_GetCurrentTvMode
 .text.__VIRetraceHandler
                0x80020b14      0x284 D:/devkitpro/libogc/lib/wii\libogc.a(video.o)
 .text.__VISetupEncoder
                0x80020d98      0x288 D:/devkitpro/libogc/lib/wii\libogc.a(video.o)
 .text.VIDEO_Init
                0x80021020      0x3cc D:/devkitpro/libogc/lib/wii\libogc.a(video.o)
                0x80021020                VIDEO_Init
 .text.VIDEO_GetPreferredMode
                0x800213ec      0x108 D:/devkitpro/libogc/lib/wii\libogc.a(video.o)
                0x800213ec                VIDEO_GetPreferredMode
 .text.VIDEO_GetCurrentLine
                0x800214f4       0x9c D:/devkitpro/libogc/lib/wii\libogc.a(video.o)
                0x800214f4                VIDEO_GetCurrentLine
 .text.VIDEO_GetFrameBufferSize
                0x80021590       0x34 D:/devkitpro/libogc/lib/wii\libogc.a(video.o)
                0x80021590                VIDEO_GetFrameBufferSize
 .text.__call_resetfuncs
                0x800215c4       0xbc D:/devkitpro/libogc/lib/wii\libogc.a(system.o)
 .text.__MEMInterruptHandler
                0x80021680       0x14 D:/devkitpro/libogc/lib/wii\libogc.a(system.o)
 .text.__RSWDefaultHandler
                0x80021694        0x4 D:/devkitpro/libogc/lib/wii\libogc.a(system.o)
 .text.__POWDefaultHandler
                0x80021698        0x4 D:/devkitpro/libogc/lib/wii\libogc.a(system.o)
 .text.__getrtc
                0x8002169c      0x14c D:/devkitpro/libogc/lib/wii\libogc.a(system.o)
 .text.__sram_write
                0x800217e8      0x144 D:/devkitpro/libogc/lib/wii\libogc.a(system.o)
 .text.__sram_writecallback
                0x8002192c       0x54 D:/devkitpro/libogc/lib/wii\libogc.a(system.o)
 .text.__mem_onreset
                0x80021980       0x48 D:/devkitpro/libogc/lib/wii\libogc.a(system.o)
 .text.__unlocksram
                0x800219c8      0x130 D:/devkitpro/libogc/lib/wii\libogc.a(system.o)
 .text.__sys_alarmhandler
                0x80021af8      0x14c D:/devkitpro/libogc/lib/wii\libogc.a(system.o)
 .text.__syscall_malloc_lock
                0x80021c44        0x4 D:/devkitpro/libogc/lib/wii\libogc.a(system.o)
                0x80021c44                __syscall_malloc_lock
 .text.__syscall_malloc_unlock
                0x80021c48        0x4 D:/devkitpro/libogc/lib/wii\libogc.a(system.o)
                0x80021c48                __syscall_malloc_unlock
 .text.__syscall_gettod_r
                0x80021c4c        0x4 D:/devkitpro/libogc/lib/wii\libogc.a(system.o)
                0x80021c4c                __syscall_gettod_r
 .text.__SYS_GetRTC
                0x80021c50       0x98 D:/devkitpro/libogc/lib/wii\libogc.a(system.o)
                0x80021c50                __SYS_GetRTC
 .text.__SYS_SetBootTime
                0x80021ce8       0xf4 D:/devkitpro/libogc/lib/wii\libogc.a(system.o)
                0x80021ce8                __SYS_SetBootTime
 .text.__SYS_GetIPCBufferLo
                0x80021ddc        0x8 D:/devkitpro/libogc/lib/wii\libogc.a(system.o)
                0x80021ddc                __SYS_GetIPCBufferLo
 .text.__SYS_GetIPCBufferHi
                0x80021de4        0x8 D:/devkitpro/libogc/lib/wii\libogc.a(system.o)
                0x80021de4                __SYS_GetIPCBufferHi
 .text.SYS_DoPowerCB
                0x80021dec       0xd0 D:/devkitpro/libogc/lib/wii\libogc.a(system.o)
                0x80021dec                SYS_DoPowerCB
 .text.__STMEventHandler
                0x80021ebc       0xf4 D:/devkitpro/libogc/lib/wii\libogc.a(system.o)
 .text.__SYS_DisablePowerButton
                0x80021fb0       0x4c D:/devkitpro/libogc/lib/wii\libogc.a(system.o)
                0x80021fb0                __SYS_DisablePowerButton
 .text.__SYS_PreInit
                0x80021ffc        0x4 D:/devkitpro/libogc/lib/wii\libogc.a(system.o)
                0x80021ffc                __SYS_PreInit
 .text.SYS_PreMain
                0x80022000       0x7c D:/devkitpro/libogc/lib/wii\libogc.a(system.o)
                0x80022000                SYS_PreMain
 .text.SYS_ResetButtonDown
                0x8002207c       0x18 D:/devkitpro/libogc/lib/wii\libogc.a(system.o)
                0x8002207c                SYS_ResetButtonDown
 .text.SYS_ResetSystem
                0x80022094      0x1f8 D:/devkitpro/libogc/lib/wii\libogc.a(system.o)
                0x80022094                SYS_ResetSystem
 .text.__reload
                0x8002228c       0x7c D:/devkitpro/libogc/lib/wii\libogc.a(system.o)
                0x8002228c                __reload
 .text.__syscall_exit
                0x80022308       0x84 D:/devkitpro/libogc/lib/wii\libogc.a(system.o)
                0x80022308                __syscall_exit
 .text.SYS_RegisterResetFunc
                0x8002238c       0x78 D:/devkitpro/libogc/lib/wii\libogc.a(system.o)
                0x8002238c                SYS_RegisterResetFunc
 .text.SYS_SetArena1Lo
                0x80022404       0x38 D:/devkitpro/libogc/lib/wii\libogc.a(system.o)
                0x80022404                SYS_SetArena1Lo
 .text.SYS_GetArena1Lo
                0x8002243c       0x38 D:/devkitpro/libogc/lib/wii\libogc.a(system.o)
                0x8002243c                SYS_GetArena1Lo
 .text.SYS_GetArena1Hi
                0x80022474       0x38 D:/devkitpro/libogc/lib/wii\libogc.a(system.o)
                0x80022474                SYS_GetArena1Hi
 .text.SYS_SetArena2Lo
                0x800224ac       0x38 D:/devkitpro/libogc/lib/wii\libogc.a(system.o)
                0x800224ac                SYS_SetArena2Lo
 .text.SYS_GetArena2Lo
                0x800224e4       0x38 D:/devkitpro/libogc/lib/wii\libogc.a(system.o)
                0x800224e4                SYS_GetArena2Lo
 .text.SYS_SetArena2Hi
                0x8002251c       0x38 D:/devkitpro/libogc/lib/wii\libogc.a(system.o)
                0x8002251c                SYS_SetArena2Hi
 .text.SYS_GetArena2Hi
                0x80022554       0x38 D:/devkitpro/libogc/lib/wii\libogc.a(system.o)
                0x80022554                SYS_GetArena2Hi
 .text.SYS_AllocateFramebuffer
                0x8002258c       0x28 D:/devkitpro/libogc/lib/wii\libogc.a(system.o)
                0x8002258c                SYS_AllocateFramebuffer
 .text.SYS_CreateAlarm
                0x800225b4      0x104 D:/devkitpro/libogc/lib/wii\libogc.a(system.o)
                0x800225b4                SYS_CreateAlarm
 .text.SYS_SetAlarm
                0x800226b8      0x1e0 D:/devkitpro/libogc/lib/wii\libogc.a(system.o)
                0x800226b8                SYS_SetAlarm
 .text.SYS_SetPeriodicAlarm
                0x80022898      0x258 D:/devkitpro/libogc/lib/wii\libogc.a(system.o)
                0x80022898                SYS_SetPeriodicAlarm
 .text.SYS_RemoveAlarm
                0x80022af0      0x10c D:/devkitpro/libogc/lib/wii\libogc.a(system.o)
                0x80022af0                SYS_RemoveAlarm
 .text.SYS_CancelAlarm
                0x80022bfc       0xbc D:/devkitpro/libogc/lib/wii\libogc.a(system.o)
                0x80022bfc                SYS_CancelAlarm
 .text.SYS_GetWirelessID
                0x80022cb8       0x90 D:/devkitpro/libogc/lib/wii\libogc.a(system.o)
                0x80022cb8                SYS_GetWirelessID
 .text.SYS_SetWirelessID
                0x80022d48       0x90 D:/devkitpro/libogc/lib/wii\libogc.a(system.o)
                0x80022d48                SYS_SetWirelessID
 .text.SYS_SetGBSMode
                0x80022dd8       0xa8 D:/devkitpro/libogc/lib/wii\libogc.a(system.o)
                0x80022dd8                SYS_SetGBSMode
 .text.__sram_init
                0x80022e80      0x1c0 D:/devkitpro/libogc/lib/wii\libogc.a(system.o)
                0x80022e80                __sram_init
 .text.SYS_Init
                0x80023040      0x5b0 D:/devkitpro/libogc/lib/wii\libogc.a(system.o)
                0x80023040                SYS_Init
 .text.SYS_GetHollywoodRevision
                0x800235f0       0x3c D:/devkitpro/libogc/lib/wii\libogc.a(system.o)
                0x800235f0                SYS_GetHollywoodRevision
 .text.SYS_Time
                0x8002362c       0x78 D:/devkitpro/libogc/lib/wii\libogc.a(system.o)
                0x8002362c                SYS_Time
 .text.__lwp_cond_init
                0x800236a4       0x14 D:/devkitpro/libogc/lib/wii\libogc.a(cond.o)
                0x800236a4                __lwp_cond_init
 .text.__GX_InitRevBits
                0x800236b8       0x9c D:/devkitpro/libogc/lib/wii\libogc.a(gx.o)
 .text.__GXTokenInterruptHandler
                0x80023754       0x6c D:/devkitpro/libogc/lib/wii\libogc.a(gx.o)
 .text.__GXDefTexRegionCallback
                0x800237c0       0x7c D:/devkitpro/libogc/lib/wii\libogc.a(gx.o)
 .text.__GXDefTlutRegionCallback
                0x8002383c       0x18 D:/devkitpro/libogc/lib/wii\libogc.a(gx.o)
 .text.__SetSURegs
                0x80023854       0x90 D:/devkitpro/libogc/lib/wii\libogc.a(gx.o)
 .text.__SETVCDATTR
                0x800238e4      0x230 D:/devkitpro/libogc/lib/wii\libogc.a(gx.o)
 .text.__SETVCDFMT
                0x80023b14      0x4cc D:/devkitpro/libogc/lib/wii\libogc.a(gx.o)
 .text.__GXCPInterruptHandler
                0x80023fe0      0x160 D:/devkitpro/libogc/lib/wii\libogc.a(gx.o)
 .text.__GXFinishInterruptHandler
                0x80024140       0x58 D:/devkitpro/libogc/lib/wii\libogc.a(gx.o)
 .text.GX_SetTexCoordGen2.part.0
                0x80024198      0x278 D:/devkitpro/libogc/lib/wii\libogc.a(gx.o)
 .text.GX_InitTexObj.part.0
                0x80024410      0x1c4 D:/devkitpro/libogc/lib/wii\libogc.a(gx.o)
 .text.__GX_SetDirtyState
                0x800245d4      0x61c D:/devkitpro/libogc/lib/wii\libogc.a(gx.o)
 .text.GX_SetCPUFifo
                0x80024bf0      0x20c D:/devkitpro/libogc/lib/wii\libogc.a(gx.o)
                0x80024bf0                GX_SetCPUFifo
 .text.GX_SetGPFifo
                0x80024dfc      0x250 D:/devkitpro/libogc/lib/wii\libogc.a(gx.o)
                0x80024dfc                GX_SetGPFifo
 .text.GX_AbortFrame
                0x8002504c      0x374 D:/devkitpro/libogc/lib/wii\libogc.a(gx.o)
                0x8002504c                GX_AbortFrame
 .text.__gx_onreset
                0x800253c0       0x7c D:/devkitpro/libogc/lib/wii\libogc.a(gx.o)
 .text.GX_DrawDone
                0x8002543c       0xfc D:/devkitpro/libogc/lib/wii\libogc.a(gx.o)
                0x8002543c                GX_DrawDone
 .text.GX_SetViewport
                0x80025538       0x78 D:/devkitpro/libogc/lib/wii\libogc.a(gx.o)
                0x80025538                GX_SetViewport
 .text.GX_LoadProjectionMtx
                0x800255b0       0xf0 D:/devkitpro/libogc/lib/wii\libogc.a(gx.o)
                0x800255b0                GX_LoadProjectionMtx
 .text.GX_SetCopyClear
                0x800256a0       0x4c D:/devkitpro/libogc/lib/wii\libogc.a(gx.o)
                0x800256a0                GX_SetCopyClear
 .text.GX_SetDispCopyGamma
                0x800256ec       0x18 D:/devkitpro/libogc/lib/wii\libogc.a(gx.o)
                0x800256ec                GX_SetDispCopyGamma
 .text.GX_SetCopyFilter
                0x80025704      0x25c D:/devkitpro/libogc/lib/wii\libogc.a(gx.o)
                0x80025704                GX_SetCopyFilter
 .text.GX_SetDispCopyYScale
                0x80025960       0xf8 D:/devkitpro/libogc/lib/wii\libogc.a(gx.o)
                0x80025960                GX_SetDispCopyYScale
 .text.GX_SetDispCopyDst
                0x80025a58       0x20 D:/devkitpro/libogc/lib/wii\libogc.a(gx.o)
                0x80025a58                GX_SetDispCopyDst
 .text.GX_SetDispCopySrc
                0x80025a78       0x38 D:/devkitpro/libogc/lib/wii\libogc.a(gx.o)
                0x80025a78                GX_SetDispCopySrc
 .text.GX_CopyDisp
                0x80025ab0      0x124 D:/devkitpro/libogc/lib/wii\libogc.a(gx.o)
                0x80025ab0                GX_CopyDisp
 .text.GX_SetVtxDesc
                0x80025bd4       0x34 D:/devkitpro/libogc/lib/wii\libogc.a(gx.o)
                0x80025bd4                GX_SetVtxDesc
 .text.GX_SetVtxAttrFmt
                0x80025c08       0x54 D:/devkitpro/libogc/lib/wii\libogc.a(gx.o)
                0x80025c08                GX_SetVtxAttrFmt
 .text.GX_Begin
                0x80025c5c       0x6c D:/devkitpro/libogc/lib/wii\libogc.a(gx.o)
                0x80025c5c                GX_Begin
 .text.GX_SetTexCoordGen
                0x80025cc8       0x14 D:/devkitpro/libogc/lib/wii\libogc.a(gx.o)
                0x80025cc8                GX_SetTexCoordGen
 .text.GX_LoadPosMtxImm
                0x80025cdc       0x50 D:/devkitpro/libogc/lib/wii\libogc.a(gx.o)
                0x80025cdc                GX_LoadPosMtxImm
 .text.GX_SetNumTexGens
                0x80025d2c       0x28 D:/devkitpro/libogc/lib/wii\libogc.a(gx.o)
                0x80025d2c                GX_SetNumTexGens
 .text.GX_InvVtxCache
                0x80025d54       0x14 D:/devkitpro/libogc/lib/wii\libogc.a(gx.o)
                0x80025d54                GX_InvVtxCache
 .text.GX_SetZMode
                0x80025d68       0x38 D:/devkitpro/libogc/lib/wii\libogc.a(gx.o)
                0x80025d68                GX_SetZMode
 .text.GX_InitTexObj
                0x80025da0        0xc D:/devkitpro/libogc/lib/wii\libogc.a(gx.o)
                0x80025da0                GX_InitTexObj
 .text.GX_InitTexObjLOD
                0x80025dac      0x238 D:/devkitpro/libogc/lib/wii\libogc.a(gx.o)
                0x80025dac                GX_InitTexObjLOD
 .text.GX_LoadTexObjPreloaded
                0x80025fe4      0x188 D:/devkitpro/libogc/lib/wii\libogc.a(gx.o)
                0x80025fe4                GX_LoadTexObjPreloaded
 .text.GX_LoadTexObj
                0x8002616c       0x58 D:/devkitpro/libogc/lib/wii\libogc.a(gx.o)
                0x8002616c                GX_LoadTexObj
 .text.GX_InvalidateTexAll
                0x800261c4       0x50 D:/devkitpro/libogc/lib/wii\libogc.a(gx.o)
                0x800261c4                GX_InvalidateTexAll
 .text.GX_SetBlendMode
                0x80026214       0xd4 D:/devkitpro/libogc/lib/wii\libogc.a(gx.o)
                0x80026214                GX_SetBlendMode
 .text.GX_ClearVtxDesc
                0x800262e8       0x38 D:/devkitpro/libogc/lib/wii\libogc.a(gx.o)
                0x800262e8                GX_ClearVtxDesc
 .text.GX_SetTevColorIn
                0x80026320       0x44 D:/devkitpro/libogc/lib/wii\libogc.a(gx.o)
                0x80026320                GX_SetTevColorIn
 .text.GX_SetTevAlphaIn
                0x80026364       0x44 D:/devkitpro/libogc/lib/wii\libogc.a(gx.o)
                0x80026364                GX_SetTevAlphaIn
 .text.GX_SetTevColorOp
                0x800263a8       0x98 D:/devkitpro/libogc/lib/wii\libogc.a(gx.o)
                0x800263a8                GX_SetTevColorOp
 .text.GX_SetTevAlphaOp
                0x80026440       0x98 D:/devkitpro/libogc/lib/wii\libogc.a(gx.o)
                0x80026440                GX_SetTevAlphaOp
 .text.GX_SetTevOp
                0x800264d8      0x170 D:/devkitpro/libogc/lib/wii\libogc.a(gx.o)
                0x800264d8                GX_SetTevOp
 .text.GX_SetCullMode
                0x80026648       0x2c D:/devkitpro/libogc/lib/wii\libogc.a(gx.o)
                0x80026648                GX_SetCullMode
 .text.GX_SetScissor
                0x80026674       0x78 D:/devkitpro/libogc/lib/wii\libogc.a(gx.o)
                0x80026674                GX_SetScissor
 .text.GX_SetNumChans
                0x800266ec       0x28 D:/devkitpro/libogc/lib/wii\libogc.a(gx.o)
                0x800266ec                GX_SetNumChans
 .text.GX_SetTevOrder
                0x80026714      0x178 D:/devkitpro/libogc/lib/wii\libogc.a(gx.o)
                0x80026714                GX_SetTevOrder
 .text.GX_SetTevKColorSel
                0x8002688c       0x54 D:/devkitpro/libogc/lib/wii\libogc.a(gx.o)
                0x8002688c                GX_SetTevKColorSel
 .text.GX_SetTevKAlphaSel
                0x800268e0       0x54 D:/devkitpro/libogc/lib/wii\libogc.a(gx.o)
                0x800268e0                GX_SetTevKAlphaSel
 .text.GX_SetTevSwapModeTable
                0x80026934       0x64 D:/devkitpro/libogc/lib/wii\libogc.a(gx.o)
                0x80026934                GX_SetTevSwapModeTable
 .text.GX_SetFog
                0x80026998      0x244 D:/devkitpro/libogc/lib/wii\libogc.a(gx.o)
                0x80026998                GX_SetFog
 .text.GX_SetColorUpdate
                0x80026bdc       0x30 D:/devkitpro/libogc/lib/wii\libogc.a(gx.o)
                0x80026bdc                GX_SetColorUpdate
 .text.GX_SetAlphaUpdate
                0x80026c0c       0x30 D:/devkitpro/libogc/lib/wii\libogc.a(gx.o)
                0x80026c0c                GX_SetAlphaUpdate
 .text.GX_SetPixelFmt
                0x80026c3c       0xe0 D:/devkitpro/libogc/lib/wii\libogc.a(gx.o)
                0x80026c3c                GX_SetPixelFmt
 .text.GX_SetFieldMode
                0x80026d1c       0x58 D:/devkitpro/libogc/lib/wii\libogc.a(gx.o)
                0x80026d1c                GX_SetFieldMode
 .text.GX_SetGPMetric
                0x80026d74      0x7fc D:/devkitpro/libogc/lib/wii\libogc.a(gx.o)
                0x80026d74                GX_SetGPMetric
 .text.GX_Init  0x80027570     0x1160 D:/devkitpro/libogc/lib/wii\libogc.a(gx.o)
                0x80027570                GX_Init
 .text.GX_GetYScaleFactor
                0x800286d0      0x2c0 D:/devkitpro/libogc/lib/wii\libogc.a(gx.o)
                0x800286d0                GX_GetYScaleFactor
 .text.guOrtho  0x80028990       0x98 D:/devkitpro/libogc/lib/wii\libogc.a(gu.o)
                0x80028990                guOrtho
 .text.__decrementer_init
                0x80028a28        0x4 D:/devkitpro/libogc/lib/wii\libogc.a(decrementer.o)
                0x80028a28                __decrementer_init
 .text.c_decrementer_handler
                0x80028a2c        0xc D:/devkitpro/libogc/lib/wii\libogc.a(decrementer.o)
                0x80028a2c                c_decrementer_handler
 .text.__lwp_mqbox_init
                0x80028a38       0x14 D:/devkitpro/libogc/lib/wii\libogc.a(message.o)
                0x80028a38                __lwp_mqbox_init
 .text.__si_transfer
                0x80028a4c      0x1d0 D:/devkitpro/libogc/lib/wii\libogc.a(si.o)
 .text.__si_alarmhandler
                0x80028c1c       0xa0 D:/devkitpro/libogc/lib/wii\libogc.a(si.o)
 .text.__si_completetransfer
                0x80028cbc      0x1fc D:/devkitpro/libogc/lib/wii\libogc.a(si.o)
 .text.__si_transfernext
                0x80028eb8       0xd8 D:/devkitpro/libogc/lib/wii\libogc.a(si.o)
 .text.SI_Busy  0x80028f90       0x18 D:/devkitpro/libogc/lib/wii\libogc.a(si.o)
                0x80028f90                SI_Busy
 .text.SI_IsChanBusy
                0x80028fa8       0x38 D:/devkitpro/libogc/lib/wii\libogc.a(si.o)
                0x80028fa8                SI_IsChanBusy
 .text.SI_SetXY
                0x80028fe0       0x64 D:/devkitpro/libogc/lib/wii\libogc.a(si.o)
                0x80028fe0                SI_SetXY
 .text.SI_EnablePolling
                0x80029044       0x78 D:/devkitpro/libogc/lib/wii\libogc.a(si.o)
                0x80029044                SI_EnablePolling
 .text.SI_DisablePolling
                0x800290bc       0x58 D:/devkitpro/libogc/lib/wii\libogc.a(si.o)
                0x800290bc                SI_DisablePolling
 .text.SI_SetSamplingRate
                0x80029114       0xd8 D:/devkitpro/libogc/lib/wii\libogc.a(si.o)
                0x80029114                SI_SetSamplingRate
 .text.SI_RefreshSamplingRate
                0x800291ec        0x8 D:/devkitpro/libogc/lib/wii\libogc.a(si.o)
                0x800291ec                SI_RefreshSamplingRate
 .text.SI_GetStatus
                0x800291f4       0x78 D:/devkitpro/libogc/lib/wii\libogc.a(si.o)
                0x800291f4                SI_GetStatus
 .text.SI_GetResponseRaw
                0x8002926c       0xe8 D:/devkitpro/libogc/lib/wii\libogc.a(si.o)
                0x8002926c                SI_GetResponseRaw
 .text.SI_GetResponse
                0x80029354       0xb8 D:/devkitpro/libogc/lib/wii\libogc.a(si.o)
                0x80029354                SI_GetResponse
 .text.SI_SetCommand
                0x8002940c       0x10 D:/devkitpro/libogc/lib/wii\libogc.a(si.o)
                0x8002940c                SI_SetCommand
 .text.SI_Transfer
                0x8002941c      0x29c D:/devkitpro/libogc/lib/wii\libogc.a(si.o)
                0x8002941c                SI_Transfer
 .text.__si_gettypecallback
                0x800296b8      0x2b8 D:/devkitpro/libogc/lib/wii\libogc.a(si.o)
 .text.__si_interrupthandler
                0x80029970      0x278 D:/devkitpro/libogc/lib/wii\libogc.a(si.o)
 .text.SI_GetType
                0x80029be8      0x214 D:/devkitpro/libogc/lib/wii\libogc.a(si.o)
                0x80029be8                SI_GetType
 .text.SI_GetTypeAsync
                0x80029dfc      0x13c D:/devkitpro/libogc/lib/wii\libogc.a(si.o)
                0x80029dfc                SI_GetTypeAsync
 .text.SI_EnablePollingInterrupt
                0x80029f38       0x8c D:/devkitpro/libogc/lib/wii\libogc.a(si.o)
                0x80029f38                SI_EnablePollingInterrupt
 .text.SI_UnregisterPollingHandler
                0x80029fc4       0xf4 D:/devkitpro/libogc/lib/wii\libogc.a(si.o)
                0x80029fc4                SI_UnregisterPollingHandler
 .text.__si_init
                0x8002a0b8       0xe0 D:/devkitpro/libogc/lib/wii\libogc.a(si.o)
                0x8002a0b8                __si_init
 .text.TPL_GetTextureSize
                0x8002a198       0x9c D:/devkitpro/libogc/lib/wii\libogc.a(tpl.o)
 .text.TPL_OpenTPLFromMemory
                0x8002a234       0xa4 D:/devkitpro/libogc/lib/wii\libogc.a(tpl.o)
                0x8002a234                TPL_OpenTPLFromMemory
 .text.TPL_GetTexture
                0x8002a2d8      0x1f8 D:/devkitpro/libogc/lib/wii\libogc.a(tpl.o)
                0x8002a2d8                TPL_GetTexture
 .text.__ipc_sendrequest.part.0
                0x8002a4d0       0xd8 D:/devkitpro/libogc/lib/wii\libogc.a(ipc.o)
 .text.__ipc_syncrequest
                0x8002a5a8       0xf4 D:/devkitpro/libogc/lib/wii\libogc.a(ipc.o)
 .text.__ioctlvfmtCB
                0x8002a69c      0x158 D:/devkitpro/libogc/lib/wii\libogc.a(ipc.o)
 .text.__ios_ioctlvformat_parse
                0x8002a7f4      0x824 D:/devkitpro/libogc/lib/wii\libogc.a(ipc.o)
 .text.__ipc_asyncrequest
                0x8002b018      0x144 D:/devkitpro/libogc/lib/wii\libogc.a(ipc.o)
 .text.__ipc_interrupthandler
                0x8002b15c      0x384 D:/devkitpro/libogc/lib/wii\libogc.a(ipc.o)
 .text.iosCreateHeap
                0x8002b4e0      0x138 D:/devkitpro/libogc/lib/wii\libogc.a(ipc.o)
                0x8002b4e0                iosCreateHeap
 .text.iosAlloc
                0x8002b618       0x30 D:/devkitpro/libogc/lib/wii\libogc.a(ipc.o)
                0x8002b618                iosAlloc
 .text.iosFree  0x8002b648       0x28 D:/devkitpro/libogc/lib/wii\libogc.a(ipc.o)
                0x8002b648                iosFree
 .text.__IPC_ClntInit
                0x8002b670       0xc4 D:/devkitpro/libogc/lib/wii\libogc.a(ipc.o)
                0x8002b670                __IPC_ClntInit
 .text.IOS_Open
                0x8002b734      0x110 D:/devkitpro/libogc/lib/wii\libogc.a(ipc.o)
                0x8002b734                IOS_Open
 .text.IOS_Close
                0x8002b844       0xf0 D:/devkitpro/libogc/lib/wii\libogc.a(ipc.o)
                0x8002b844                IOS_Close
 .text.IOS_Read
                0x8002b934      0x10c D:/devkitpro/libogc/lib/wii\libogc.a(ipc.o)
                0x8002b934                IOS_Read
 .text.IOS_Write
                0x8002ba40      0x10c D:/devkitpro/libogc/lib/wii\libogc.a(ipc.o)
                0x8002ba40                IOS_Write
 .text.IOS_Ioctl
                0x8002bb4c      0x158 D:/devkitpro/libogc/lib/wii\libogc.a(ipc.o)
                0x8002bb4c                IOS_Ioctl
 .text.IOS_IoctlAsync
                0x8002bca4      0x148 D:/devkitpro/libogc/lib/wii\libogc.a(ipc.o)
                0x8002bca4                IOS_IoctlAsync
 .text.IOS_Ioctlv
                0x8002bdec      0x1f0 D:/devkitpro/libogc/lib/wii\libogc.a(ipc.o)
                0x8002bdec                IOS_Ioctlv
 .text.IOS_IoctlvAsync
                0x8002bfdc      0x1d4 D:/devkitpro/libogc/lib/wii\libogc.a(ipc.o)
                0x8002bfdc                IOS_IoctlvAsync
 .text.IOS_IoctlvFormat
                0x8002c1b0      0x170 D:/devkitpro/libogc/lib/wii\libogc.a(ipc.o)
                0x8002c1b0                IOS_IoctlvFormat
 .text.IOS_IoctlvReboot
                0x8002c320      0x1f4 D:/devkitpro/libogc/lib/wii\libogc.a(ipc.o)
                0x8002c320                IOS_IoctlvReboot
 .text.gettick  0x8002c514        0x8 D:/devkitpro/libogc/lib/wii\libogc.a(timesupp.o)
                0x8002c514                gettick
 .text.gettime  0x8002c51c       0x18 D:/devkitpro/libogc/lib/wii\libogc.a(timesupp.o)
                0x8002c51c                gettime
 .text.settime  0x8002c534       0x14 D:/devkitpro/libogc/lib/wii\libogc.a(timesupp.o)
                0x8002c534                settime
 .text.diff_usec
                0x8002c548       0x90 D:/devkitpro/libogc/lib/wii\libogc.a(timesupp.o)
                0x8002c548                diff_usec
 .text.__timesystem_init
                0x8002c5d8       0x1c D:/devkitpro/libogc/lib/wii\libogc.a(timesupp.o)
                0x8002c5d8                __timesystem_init
 .text.udelay   0x8002c5f4       0xb0 D:/devkitpro/libogc/lib/wii\libogc.a(timesupp.o)
                0x8002c5f4                udelay
 .text.__libogc_gettod_r
                0x8002c6a4       0xd4 D:/devkitpro/libogc/lib/wii\libogc.a(timesupp.o)
                0x8002c6a4                __libogc_gettod_r
 .text.__syscall_lock_init
                0x8002c778       0x6c D:/devkitpro/libogc/lib/wii\libogc.a(lock_supp.o)
                0x8002c778                __syscall_lock_init
 .text.__syscall_lock_init_recursive
                0x8002c7e4       0x6c D:/devkitpro/libogc/lib/wii\libogc.a(lock_supp.o)
                0x8002c7e4                __syscall_lock_init_recursive
 .text.__syscall_lock_close
                0x8002c850       0x48 D:/devkitpro/libogc/lib/wii\libogc.a(lock_supp.o)
                0x8002c850                __syscall_lock_close
 .text.__syscall_lock_acquire
                0x8002c898       0x18 D:/devkitpro/libogc/lib/wii\libogc.a(lock_supp.o)
                0x8002c898                __syscall_lock_acquire
 .text.__syscall_lock_release
                0x8002c8b0       0x18 D:/devkitpro/libogc/lib/wii\libogc.a(lock_supp.o)
                0x8002c8b0                __syscall_lock_release
 .text.__usbgecko_exi_unlock
                0x8002c8c8       0x34 D:/devkitpro/libogc/lib/wii\libogc.a(usbgecko.o)
 .text.usb_isgeckoalive
                0x8002c8fc      0x1c4 D:/devkitpro/libogc/lib/wii\libogc.a(usbgecko.o)
                0x8002c8fc                usb_isgeckoalive
 .text.usb_sendbuffer_ex
                0x8002cac0      0x214 D:/devkitpro/libogc/lib/wii\libogc.a(usbgecko.o)
                0x8002cac0                usb_sendbuffer_ex
 .text.usb_sendbuffer
                0x8002ccd4        0x8 D:/devkitpro/libogc/lib/wii\libogc.a(usbgecko.o)
                0x8002ccd4                usb_sendbuffer
 .text.usb_sendbuffer_safe_ex
                0x8002ccdc      0x2ac D:/devkitpro/libogc/lib/wii\libogc.a(usbgecko.o)
                0x8002ccdc                usb_sendbuffer_safe_ex
 .text.usb_sendbuffer_safe
                0x8002cf88        0x8 D:/devkitpro/libogc/lib/wii\libogc.a(usbgecko.o)
                0x8002cf88                usb_sendbuffer_safe
 .text._sbrk_r  0x8002cf90      0x28c D:/devkitpro/libogc/lib/wii\libogc.a(sbrk.o)
                0x8002cf90                _sbrk_r
 .text.__memlock_init
                0x8002d21c       0x7c D:/devkitpro/libogc/lib/wii\libogc.a(malloc_lock.o)
                0x8002d21c                __memlock_init
 .text.__libogc_malloc_lock
                0x8002d298      0x1f8 D:/devkitpro/libogc/lib/wii\libogc.a(malloc_lock.o)
                0x8002d298                __libogc_malloc_lock
 .text.__libogc_malloc_unlock
                0x8002d490       0x64 D:/devkitpro/libogc/lib/wii\libogc.a(malloc_lock.o)
                0x8002d490                __libogc_malloc_unlock
 .text.__STM_SetEventHook
                0x8002d4f4       0xb0 D:/devkitpro/libogc/lib/wii\libogc.a(stm.o)
                0x8002d4f4                __STM_SetEventHook
 .text.__STM_Init
                0x8002d5a4       0x8c D:/devkitpro/libogc/lib/wii\libogc.a(stm.o)
                0x8002d5a4                __STM_Init
 .text.__STMEventHandler
                0x8002d630       0x64 D:/devkitpro/libogc/lib/wii\libogc.a(stm.o)
 .text.__STM_ReleaseEventHook
                0x8002d694       0x80 D:/devkitpro/libogc/lib/wii\libogc.a(stm.o)
                0x8002d694                __STM_ReleaseEventHook
 .text.__STM_Close
                0x8002d714       0xa8 D:/devkitpro/libogc/lib/wii\libogc.a(stm.o)
                0x8002d714                __STM_Close
 .text.STM_RegisterEventHandler
                0x8002d7bc       0x10 D:/devkitpro/libogc/lib/wii\libogc.a(stm.o)
                0x8002d7bc                STM_RegisterEventHandler